dhcp.c:257:6:default_ip_assign	8	static
dhcp.c:265:6:default_ip_update	8	static
dhcp.c:275:6:default_ip_conflict	8	static
dhcp.c:284:6:reg_dhcp_cbfunc	16	static
dhcp.c:295:6:makeDHCPMSG	16	static
dhcp.c:526:6:send_DHCP_DECLINE	24	static
dhcp.c:586:8:parseDHCPMSG	72	static
dhcp.c:836:9:DHCP_stop	8	static
dhcp.c:895:8:check_DHCP_leasedIP	24	static
dhcp.c:960:6:reset_DHCP_timeout	0	static
dhcp.c:930:6:DHCP_init	24	static
dhcp.c:967:6:DHCP_time_handler	0	static
dhcp.c:972:6:getIPfromDHCP	0	static
dhcp.c:980:6:getGWfromDHCP	0	static
dhcp.c:988:6:getSNfromDHCP	0	static
dhcp.c:996:6:getDNSfromDHCP	0	static
dhcp.c:1004:10:getDHCPLeasetime	0	static
dhcp.c:1009:6:NibbleToHex	0	static
dhcp.c:354:6:send_DHCP_DISCOVER	48	static
dhcp.c:427:6:send_DHCP_REQUEST	40	static
dhcp.c:842:9:check_DHCP_timeout	16	static
dhcp.c:706:9:DHCP_run	16	static
