Archive member included to satisfy reference by file (symbol)

c:/program files (x86)/atollic/truestudio for stm32 9.3.0/armtools/bin/../lib/gcc/arm-atollic-eabi/6.3.1/../../../../arm-atollic-eabi/lib/armv7e-m/fpu\libc_nano.a(lib_a-atoi.o)
                              ioLibrary_Driver\Internet\FTPClient\ftpc.o (atoi)
c:/program files (x86)/atollic/truestudio for stm32 9.3.0/armtools/bin/../lib/gcc/arm-atollic-eabi/6.3.1/../../../../arm-atollic-eabi/lib/armv7e-m/fpu\libc_nano.a(lib_a-calloc.o)
                              Drivers\TLS\mbedtls\library\asn1parse.o (calloc)
c:/program files (x86)/atollic/truestudio for stm32 9.3.0/armtools/bin/../lib/gcc/arm-atollic-eabi/6.3.1/../../../../arm-atollic-eabi/lib/armv7e-m/fpu\libc_nano.a(lib_a-errno.o)
                              Src\syscalls.o (__errno)
c:/program files (x86)/atollic/truestudio for stm32 9.3.0/armtools/bin/../lib/gcc/arm-atollic-eabi/6.3.1/../../../../arm-atollic-eabi/lib/armv7e-m/fpu\libc_nano.a(lib_a-impure.o)
                              Drivers\TLS\SSLInterface.o (_impure_ptr)
c:/program files (x86)/atollic/truestudio for stm32 9.3.0/armtools/bin/../lib/gcc/arm-atollic-eabi/6.3.1/../../../../arm-atollic-eabi/lib/armv7e-m/fpu\libc_nano.a(lib_a-init.o)
                              startup\startup_stm32f401xe.o (__libc_init_array)
c:/program files (x86)/atollic/truestudio for stm32 9.3.0/armtools/bin/../lib/gcc/arm-atollic-eabi/6.3.1/../../../../arm-atollic-eabi/lib/armv7e-m/fpu\libc_nano.a(lib_a-locale.o)
                              ioLibrary_Driver\Internet\FTPServer\ftpd.o (__locale_ctype_ptr)
c:/program files (x86)/atollic/truestudio for stm32 9.3.0/armtools/bin/../lib/gcc/arm-atollic-eabi/6.3.1/../../../../arm-atollic-eabi/lib/armv7e-m/fpu\libc_nano.a(lib_a-malloc.o)
                              Drivers\TLS\SSLInterface.o (malloc)
c:/program files (x86)/atollic/truestudio for stm32 9.3.0/armtools/bin/../lib/gcc/arm-atollic-eabi/6.3.1/../../../../arm-atollic-eabi/lib/armv7e-m/fpu\libc_nano.a(lib_a-mbtowc_r.o)
                              c:/program files (x86)/atollic/truestudio for stm32 9.3.0/armtools/bin/../lib/gcc/arm-atollic-eabi/6.3.1/../../../../arm-atollic-eabi/lib/armv7e-m/fpu\libc_nano.a(lib_a-locale.o) (__ascii_mbtowc)
c:/program files (x86)/atollic/truestudio for stm32 9.3.0/armtools/bin/../lib/gcc/arm-atollic-eabi/6.3.1/../../../../arm-atollic-eabi/lib/armv7e-m/fpu\libc_nano.a(lib_a-memcmp.o)
                              Drivers\TLS\mbedtls\library\asn1parse.o (memcmp)
c:/program files (x86)/atollic/truestudio for stm32 9.3.0/armtools/bin/../lib/gcc/arm-atollic-eabi/6.3.1/../../../../arm-atollic-eabi/lib/armv7e-m/fpu\libc_nano.a(lib_a-memcpy-stub.o)
                              Drivers\TLS\mbedtls\library\asn1write.o (memcpy)
c:/program files (x86)/atollic/truestudio for stm32 9.3.0/armtools/bin/../lib/gcc/arm-atollic-eabi/6.3.1/../../../../arm-atollic-eabi/lib/armv7e-m/fpu\libc_nano.a(lib_a-memmove.o)
                              Drivers\TLS\mbedtls\library\ssl_tls.o (memmove)
c:/program files (x86)/atollic/truestudio for stm32 9.3.0/armtools/bin/../lib/gcc/arm-atollic-eabi/6.3.1/../../../../arm-atollic-eabi/lib/armv7e-m/fpu\libc_nano.a(lib_a-memset.o)
                              Drivers\TLS\SSLInterface.o (memset)
c:/program files (x86)/atollic/truestudio for stm32 9.3.0/armtools/bin/../lib/gcc/arm-atollic-eabi/6.3.1/../../../../arm-atollic-eabi/lib/armv7e-m/fpu\libc_nano.a(lib_a-nano-callocr.o)
                              c:/program files (x86)/atollic/truestudio for stm32 9.3.0/armtools/bin/../lib/gcc/arm-atollic-eabi/6.3.1/../../../../arm-atollic-eabi/lib/armv7e-m/fpu\libc_nano.a(lib_a-calloc.o) (_calloc_r)
c:/program files (x86)/atollic/truestudio for stm32 9.3.0/armtools/bin/../lib/gcc/arm-atollic-eabi/6.3.1/../../../../arm-atollic-eabi/lib/armv7e-m/fpu\libc_nano.a(lib_a-nano-freer.o)
                              c:/program files (x86)/atollic/truestudio for stm32 9.3.0/armtools/bin/../lib/gcc/arm-atollic-eabi/6.3.1/../../../../arm-atollic-eabi/lib/armv7e-m/fpu\libc_nano.a(lib_a-malloc.o) (_free_r)
c:/program files (x86)/atollic/truestudio for stm32 9.3.0/armtools/bin/../lib/gcc/arm-atollic-eabi/6.3.1/../../../../arm-atollic-eabi/lib/armv7e-m/fpu\libc_nano.a(lib_a-nano-mallocr.o)
                              c:/program files (x86)/atollic/truestudio for stm32 9.3.0/armtools/bin/../lib/gcc/arm-atollic-eabi/6.3.1/../../../../arm-atollic-eabi/lib/armv7e-m/fpu\libc_nano.a(lib_a-malloc.o) (_malloc_r)
c:/program files (x86)/atollic/truestudio for stm32 9.3.0/armtools/bin/../lib/gcc/arm-atollic-eabi/6.3.1/../../../../arm-atollic-eabi/lib/armv7e-m/fpu\libc_nano.a(lib_a-printf.o)
                              Drivers\TLS\SSLInterface.o (printf)
c:/program files (x86)/atollic/truestudio for stm32 9.3.0/armtools/bin/../lib/gcc/arm-atollic-eabi/6.3.1/../../../../arm-atollic-eabi/lib/armv7e-m/fpu\libc_nano.a(lib_a-putchar.o)
                              ioLibrary_Driver\Application\multicast\multicast.o (putchar)
[...]
Memory Configuration

Name             Origin             Length             Attributes
FLASH            0x08000000         0x00080000         xr
RAM              0x20000000         0x00018000         xrw
MEMORY_B1        0x60000000         0x00000000         xr
CCMRAM           0x10000000         0x00010000         rw
*default*        0x00000000         0xffffffff

Linker script and memory map

LOAD c:/program files (x86)/atollic/truestudio for stm32 9.3.0/armtools/bin/../lib/gcc/arm-atollic-eabi/6.3.1/armv7e-m/fpu/crti.o
LOAD c:/program files (x86)/atollic/truestudio for stm32 9.3.0/armtools/bin/../lib/gcc/arm-atollic-eabi/6.3.1/armv7e-m/fpu/crtbegin.o
LOAD Drivers\STM32F4xx_HAL_Driver\Src\stm32f4xx_hal.o
LOAD Drivers\STM32F4xx_HAL_Driver\Src\stm32f4xx_hal_cortex.o
LOAD Drivers\STM32F4xx_HAL_Driver\Src\stm32f4xx_hal_dma.o
LOAD Drivers\STM32F4xx_HAL_Driver\Src\stm32f4xx_hal_dma_ex.o
LOAD Drivers\STM32F4xx_HAL_Driver\Src\stm32f4xx_hal_exti.o
LOAD Drivers\STM32F4xx_HAL_Driver\Src\stm32f4xx_hal_flash.o
LOAD Drivers\STM32F4xx_HAL_Driver\Src\stm32f4xx_hal_flash_ex.o
LOAD Drivers\STM32F4xx_HAL_Driver\Src\stm32f4xx_hal_flash_ramfunc.o
LOAD Drivers\STM32F4xx_HAL_Driver\Src\stm32f4xx_hal_gpio.o
LOAD Drivers\STM32F4xx_HAL_Driver\Src\stm32f4xx_hal_pwr.o
LOAD Drivers\STM32F4xx_HAL_Driver\Src\stm32f4xx_hal_pwr_ex.o
LOAD Drivers\STM32F4xx_HAL_Driver\Src\stm32f4xx_hal_rcc.o
LOAD Drivers\STM32F4xx_HAL_Driver\Src\stm32f4xx_hal_rcc_ex.o
LOAD Drivers\STM32F4xx_HAL_Driver\Src\stm32f4xx_hal_spi.o
LOAD Drivers\STM32F4xx_HAL_Driver\Src\stm32f4xx_hal_tim.o
LOAD Drivers\STM32F4xx_HAL_Driver\Src\stm32f4xx_hal_tim_ex.o
LOAD Drivers\STM32F4xx_HAL_Driver\Src\stm32f4xx_hal_uart.o
LOAD Drivers\TLS\SSLInterface.o
LOAD Drivers\TLS\SSL_Random.o
LOAD Drivers\TLS\mbedtls\library\aes.o
LOAD Drivers\TLS\mbedtls\library\aesni.o
LOAD Drivers\TLS\mbedtls\library\arc4.o
LOAD Drivers\TLS\mbedtls\library\asn1parse.o
LOAD Drivers\TLS\mbedtls\library\asn1write.o
LOAD Drivers\TLS\mbedtls\library\base64.o
LOAD Drivers\TLS\mbedtls\library\bignum.o
LOAD Drivers\TLS\mbedtls\library\blowfish.o
LOAD Drivers\TLS\mbedtls\library\camellia.o
LOAD Drivers\TLS\mbedtls\library\ccm.o
LOAD Drivers\TLS\mbedtls\library\certs.o
LOAD Drivers\TLS\mbedtls\library\cipher.o
LOAD Drivers\TLS\mbedtls\library\cipher_wrap.o
LOAD Drivers\TLS\mbedtls\library\cmac.o
LOAD Drivers\TLS\mbedtls\library\ctr_drbg.o
LOAD Drivers\TLS\mbedtls\library\debug.o
LOAD Drivers\TLS\mbedtls\library\des.o
LOAD Drivers\TLS\mbedtls\library\dhm.o
LOAD Drivers\TLS\mbedtls\library\ecdh.o
LOAD Drivers\TLS\mbedtls\library\ecdsa.o
LOAD Drivers\TLS\mbedtls\library\ecjpake.o
LOAD Drivers\TLS\mbedtls\library\ecp.o
LOAD Drivers\TLS\mbedtls\library\ecp_curves.o
LOAD Drivers\TLS\mbedtls\library\entropy.o
LOAD Drivers\TLS\mbedtls\library\entropy_poll.o
LOAD Drivers\TLS\mbedtls\library\error.o
LOAD Drivers\TLS\mbedtls\library\gcm.o
LOAD Drivers\TLS\mbedtls\library\havege.o
LOAD Drivers\TLS\mbedtls\library\hmac_drbg.o
LOAD Drivers\TLS\mbedtls\library\md.o
LOAD Drivers\TLS\mbedtls\library\md2.o
LOAD Drivers\TLS\mbedtls\library\md4.o
LOAD Drivers\TLS\mbedtls\library\md5.o
LOAD Drivers\TLS\mbedtls\library\md_wrap.o
LOAD Drivers\TLS\mbedtls\library\memory_buffer_alloc.o
LOAD Drivers\TLS\mbedtls\library\net_sockets.o
LOAD Drivers\TLS\mbedtls\library\oid.o
LOAD Drivers\TLS\mbedtls\library\padlock.o
LOAD Drivers\TLS\mbedtls\library\pem.o
LOAD Drivers\TLS\mbedtls\library\pk.o
LOAD Drivers\TLS\mbedtls\library\pk_wrap.o
LOAD Drivers\TLS\mbedtls\library\pkcs11.o
LOAD Drivers\TLS\mbedtls\library\pkcs12.o
LOAD Drivers\TLS\mbedtls\library\pkcs5.o
LOAD Drivers\TLS\mbedtls\library\pkparse.o
LOAD Drivers\TLS\mbedtls\library\pkwrite.o
LOAD Drivers\TLS\mbedtls\library\platform.o
LOAD Drivers\TLS\mbedtls\library\ripemd160.o
LOAD Drivers\TLS\mbedtls\library\rsa.o
LOAD Drivers\TLS\mbedtls\library\rsa_internal.o
LOAD Drivers\TLS\mbedtls\library\sha1.o
LOAD Drivers\TLS\mbedtls\library\sha256.o
LOAD Drivers\TLS\mbedtls\library\sha512.o
LOAD Drivers\TLS\mbedtls\library\ssl_cache.o
LOAD Drivers\TLS\mbedtls\library\ssl_ciphersuites.o
LOAD Drivers\TLS\mbedtls\library\ssl_cli.o
LOAD Drivers\TLS\mbedtls\library\ssl_cookie.o
LOAD Drivers\TLS\mbedtls\library\ssl_srv.o
LOAD Drivers\TLS\mbedtls\library\ssl_ticket.o
LOAD Drivers\TLS\mbedtls\library\ssl_tls.o
LOAD Drivers\TLS\mbedtls\library\threading.o
LOAD Drivers\TLS\mbedtls\library\timing.o
LOAD Drivers\TLS\mbedtls\library\version.o
LOAD Drivers\TLS\mbedtls\library\version_features.o
LOAD Drivers\TLS\mbedtls\library\x509.o
LOAD Drivers\TLS\mbedtls\library\x509_create.o
LOAD Drivers\TLS\mbedtls\library\x509_crl.o
LOAD Drivers\TLS\mbedtls\library\x509_crt.o
LOAD Drivers\TLS\mbedtls\library\x509_csr.o
LOAD Drivers\TLS\mbedtls\library\x509write_crt.o
LOAD Drivers\TLS\mbedtls\library\x509write_csr.o
LOAD Drivers\TLS\mbedtls\library\xtea.o
LOAD Src\HexTrans.o
LOAD Src\main.o
LOAD Src\stm32f4xx_hal_msp.o
LOAD Src\stm32f4xx_it.o
LOAD Src\syscalls.o
LOAD Src\system_stm32f4xx.o
LOAD Src\wizchip_init.o
LOAD ioLibrary_Driver\Application\loopback\loopback.o
LOAD ioLibrary_Driver\Application\multicast\multicast.o
LOAD ioLibrary_Driver\Ethernet\W5100\w5100.o
LOAD ioLibrary_Driver\Ethernet\W5100S\w5100s.o
LOAD ioLibrary_Driver\Ethernet\W5200\w5200.o
LOAD ioLibrary_Driver\Ethernet\W5300\w5300.o
LOAD ioLibrary_Driver\Ethernet\W5500\w5500.o
LOAD ioLibrary_Driver\Ethernet\socket.o
LOAD ioLibrary_Driver\Ethernet\wizchip_conf.o
LOAD ioLibrary_Driver\Internet\DHCP\dhcp.o
LOAD ioLibrary_Driver\Internet\DNS\dns.o
LOAD ioLibrary_Driver\Internet\FTPClient\ftpc.o
LOAD ioLibrary_Driver\Internet\FTPServer\ftpd.o
LOAD ioLibrary_Driver\Internet\MQTT\MQTTClient.o
LOAD ioLibrary_Driver\Internet\MQTT\MQTTPacket\src\MQTTConnectClient.o
LOAD ioLibrary_Driver\Internet\MQTT\MQTTPacket\src\MQTTConnectServer.o
LOAD ioLibrary_Driver\Internet\MQTT\MQTTPacket\src\MQTTDeserializePublish.o
LOAD ioLibrary_Driver\Internet\MQTT\MQTTPacket\src\MQTTFormat.o
LOAD ioLibrary_Driver\Internet\MQTT\MQTTPacket\src\MQTTPacket.o
LOAD ioLibrary_Driver\Internet\MQTT\MQTTPacket\src\MQTTSerializePublish.o
LOAD ioLibrary_Driver\Internet\MQTT\MQTTPacket\src\MQTTSubscribeClient.o
LOAD ioLibrary_Driver\Internet\MQTT\MQTTPacket\src\MQTTSubscribeServer.o
LOAD ioLibrary_Driver\Internet\MQTT\MQTTPacket\src\MQTTUnsubscribeClient.o
LOAD ioLibrary_Driver\Internet\MQTT\MQTTPacket\src\MQTTUnsubscribeServer.o
LOAD ioLibrary_Driver\Internet\MQTT\mqtt_interface.o
LOAD ioLibrary_Driver\Internet\SNMP\snmp.o
LOAD ioLibrary_Driver\Internet\SNMP\snmp_custom.o
LOAD ioLibrary_Driver\Internet\SNTP\sntp.o
LOAD ioLibrary_Driver\Internet\TFTP\netutil.o
LOAD ioLibrary_Driver\Internet\TFTP\tftp.o
LOAD ioLibrary_Driver\Internet\httpServer\httpParser.o
LOAD ioLibrary_Driver\Internet\httpServer\httpServer.o
LOAD ioLibrary_Driver\Internet\httpServer\httpUtil.o
LOAD startup\startup_stm32f401xe.o
                0x00000080                malloc_getpagesize_P = 0x80
START GROUP
LOAD c:/program files (x86)/atollic/truestudio for stm32 9.3.0/armtools/bin/../lib/gcc/arm-atollic-eabi/6.3.1/../../../../arm-atollic-eabi/lib/armv7e-m/fpu\libc_nano.a
LOAD c:/program files (x86)/atollic/truestudio for stm32 9.3.0/armtools/bin/../lib/gcc/arm-atollic-eabi/6.3.1/../../../../arm-atollic-eabi/lib/armv7e-m/fpu\libm.a
END GROUP
START GROUP
LOAD c:/program files (x86)/atollic/truestudio for stm32 9.3.0/armtools/bin/../lib/gcc/arm-atollic-eabi/6.3.1/armv7e-m/fpu\libgcc.a
LOAD c:/program files (x86)/atollic/truestudio for stm32 9.3.0/armtools/bin/../lib/gcc/arm-atollic-eabi/6.3.1/../../../../arm-atollic-eabi/lib/armv7e-m/fpu\libc_nano.a
END GROUP
START GROUP
LOAD c:/program files (x86)/atollic/truestudio for stm32 9.3.0/armtools/bin/../lib/gcc/arm-atollic-eabi/6.3.1/armv7e-m/fpu\libgcc.a
LOAD c:/program files (x86)/atollic/truestudio for stm32 9.3.0/armtools/bin/../lib/gcc/arm-atollic-eabi/6.3.1/../../../../arm-atollic-eabi/lib/armv7e-m/fpu\libc_nano.a
LOAD c:/program files (x86)/atollic/truestudio for stm32 9.3.0/armtools/bin/../lib/gcc/arm-atollic-eabi/6.3.1/../../../../arm-atollic-eabi/lib/armv7e-m/fpu\libnosys.a
END GROUP
START GROUP
LOAD c:/program files (x86)/atollic/truestudio for stm32 9.3.0/armtools/bin/../lib/gcc/arm-atollic-eabi/6.3.1/armv7e-m/fpu\libgcc.a
LOAD c:/program files (x86)/atollic/truestudio for stm32 9.3.0/armtools/bin/../lib/gcc/arm-atollic-eabi/6.3.1/../../../../arm-atollic-eabi/lib/armv7e-m/fpu\libc_nano.a
LOAD c:/program files (x86)/atollic/truestudio for stm32 9.3.0/armtools/bin/../lib/gcc/arm-atollic-eabi/6.3.1/../../../../arm-atollic-eabi/lib/armv7e-m/fpu\libnosys.a
END GROUP
LOAD c:/program files (x86)/atollic/truestudio for stm32 9.3.0/armtools/bin/../lib/gcc/arm-atollic-eabi/6.3.1/armv7e-m/fpu/crtend.o
LOAD c:/program files (x86)/atollic/truestudio for stm32 9.3.0/armtools/bin/../lib/gcc/arm-atollic-eabi/6.3.1/armv7e-m/fpu/crtn.o
                0x20018000                _estack = 0x20018000
                0x00000000                _Min_Heap_Size = 0x0
                0x00000400                _Min_Stack_Size = 0x400

.isr_vector     0x08000000      0x194
                0x08000000                . = ALIGN (0x4)
 *(.isr_vector)
 .isr_vector    0x08000000      0x194 startup\startup_stm32f401xe.o
                0x08000000                g_pfnVectors
                0x08000194                . = ALIGN (0x4)

.text           0x080001a0     0xf6bc
                0x080001a0                . = ALIGN (0x4)
 *(.text)
 .text          0x080001a0       0x40 c:/program files (x86)/atollic/truestudio for stm32 9.3.0/armtools/bin/../lib/gcc/arm-atollic-eabi/6.3.1/armv7e-m/fpu/crtbegin.o
 .text          0x080001e0       0x10 c:/program files (x86)/atollic/truestudio for stm32 9.3.0/armtools/bin/../lib/gcc/arm-atollic-eabi/6.3.1/../../../../arm-atollic-eabi/lib/armv7e-m/fpu\libc_nano.a(lib_a-strlen.o)
                0x080001e0                strlen
 .text          0x080001f0       0xa0 c:/program files (x86)/atollic/truestudio for stm32 9.3.0/armtools/bin/../lib/gcc/arm-atollic-eabi/6.3.1/../../../../arm-atollic-eabi/lib/armv7e-m/fpu\libc_nano.a(lib_a-memchr.o)
                0x080001f0                memchr
 .text          0x08000290       0x30 c:/program files (x86)/atollic/truestudio for stm32 9.3.0/armtools/bin/../lib/gcc/arm-atollic-eabi/6.3.1/armv7e-m/fpu\libgcc.a(_aeabi_uldivmod.o)
                0x08000290                __aeabi_uldivmod
 .text          0x080002c0      0x2dc c:/program files (x86)/atollic/truestudio for stm32 9.3.0/armtools/bin/../lib/gcc/arm-atollic-eabi/6.3.1/armv7e-m/fpu\libgcc.a(_udivmoddi4.o)
                0x080002c0                __udivmoddi4
 .text          0x0800059c        0x4 c:/program files (x86)/atollic/truestudio for stm32 9.3.0/armtools/bin/../lib/gcc/arm-atollic-eabi/6.3.1/armv7e-m/fpu\libgcc.a(_dvmd_tls.o)
                0x0800059c                __aeabi_idiv0
                0x0800059c                __aeabi_ldiv0
 *(.text*)
 .text.HAL_InitTick
                0x080005a0       0x48 Drivers\STM32F4xx_HAL_Driver\Src\stm32f4xx_hal.o
                0x080005a0                HAL_InitTick
 .text.HAL_Init
                0x080005e8       0x34 Drivers\STM32F4xx_HAL_Driver\Src\stm32f4xx_hal.o
                0x080005e8                HAL_Init
 .text.HAL_IncTick
                0x0800061c       0x18 Drivers\STM32F4xx_HAL_Driver\Src\stm32f4xx_hal.o
                0x0800061c                HAL_IncTick
 .text.HAL_GetTick
                0x08000634        0xc Drivers\STM32F4xx_HAL_Driver\Src\stm32f4xx_hal.o
                0x08000634                HAL_GetTick
 .text.HAL_NVIC_SetPriorityGrouping
                0x08000640       0x24 Drivers\STM32F4xx_HAL_Driver\Src\stm32f4xx_hal_cortex.o
                0x08000640                HAL_NVIC_SetPriorityGrouping
 .text.HAL_NVIC_SetPriority
                0x08000664       0x68 Drivers\STM32F4xx_HAL_Driver\Src\stm32f4xx_hal_cortex.o
                0x08000664                HAL_NVIC_SetPriority
 .text.HAL_SYSTICK_Config
                0x080006cc       0x2c Drivers\STM32F4xx_HAL_Driver\Src\stm32f4xx_hal_cortex.o
                0x080006cc                HAL_SYSTICK_Config
 .text.HAL_GPIO_Init
                0x080006f8      0x19c Drivers\STM32F4xx_HAL_Driver\Src\stm32f4xx_hal_gpio.o
                0x080006f8                HAL_GPIO_Init
 .text.HAL_GPIO_WritePin
                0x08000894        0xa Drivers\STM32F4xx_HAL_Driver\Src\stm32f4xx_hal_gpio.o
                0x08000894                HAL_GPIO_WritePin
 *fill*         0x0800089e        0x2 
 .text.HAL_RCC_OscConfig
                0x080008a0      0x34c Drivers\STM32F4xx_HAL_Driver\Src\stm32f4xx_hal_rcc.o
                0x080008a0                HAL_RCC_OscConfig
 .text.HAL_RCC_GetSysClockFreq
                0x08000bec       0x5c Drivers\STM32F4xx_HAL_Driver\Src\stm32f4xx_hal_rcc.o
                0x08000bec                HAL_RCC_GetSysClockFreq
 .text.HAL_RCC_ClockConfig
                0x08000c48      0x138 Drivers\STM32F4xx_HAL_Driver\Src\stm32f4xx_hal_rcc.o
                0x08000c48                HAL_RCC_ClockConfig
 .text.HAL_RCC_GetPCLK1Freq
                0x08000d80       0x20 Drivers\STM32F4xx_HAL_Driver\Src\stm32f4xx_hal_rcc.o
                0x08000d80                HAL_RCC_GetPCLK1Freq
 .text.HAL_RCC_GetPCLK2Freq
                0x08000da0       0x20 Drivers\STM32F4xx_HAL_Driver\Src\stm32f4xx_hal_rcc.o
                0x08000da0                HAL_RCC_GetPCLK2Freq
 .text.SPI_WaitFlagStateUntilTimeout.constprop.9
                0x08000dc0       0x76 Drivers\STM32F4xx_HAL_Driver\Src\stm32f4xx_hal_spi.o
 *fill*         0x08000e36        0x2 
 .text.SPI_EndRxTxTransaction
                0x08000e38       0x5c Drivers\STM32F4xx_HAL_Driver\Src\stm32f4xx_hal_spi.o
 .text.HAL_SPI_Init
                0x08000e94       0x7a Drivers\STM32F4xx_HAL_Driver\Src\stm32f4xx_hal_spi.o
                0x08000e94                HAL_SPI_Init
 .text.HAL_SPI_TransmitReceive
                0x08000f0e      0x1e0 Drivers\STM32F4xx_HAL_Driver\Src\stm32f4xx_hal_spi.o
                0x08000f0e                HAL_SPI_TransmitReceive
 *fill*         0x080010ee        0x2 
 .text.UART_SetConfig
                0x080010f0       0xdc Drivers\STM32F4xx_HAL_Driver\Src\stm32f4xx_hal_uart.o
 .text.UART_WaitOnFlagUntilTimeout.constprop.3
                0x080011cc       0x50 Drivers\STM32F4xx_HAL_Driver\Src\stm32f4xx_hal_uart.o
 .text.HAL_UART_Init
                0x0800121c       0x5c Drivers\STM32F4xx_HAL_Driver\Src\stm32f4xx_hal_uart.o
                0x0800121c                HAL_UART_Init
 .text.HAL_UART_Transmit
                0x08001278       0xbe Drivers\STM32F4xx_HAL_Driver\Src\stm32f4xx_hal_uart.o
                0x08001278                HAL_UART_Transmit
 *fill*         0x08001336        0x2 
 .text.WIZnetDebugCB
                0x08001338       0x14 Drivers\TLS\SSLInterface.o
                0x08001338                WIZnetDebugCB
 .text.WIZnetRecv
                0x0800134c       0x30 Drivers\TLS\SSLInterface.o
                0x0800134c                WIZnetRecv
 .text.WIZnetSend
                0x0800137c       0x2c Drivers\TLS\SSLInterface.o
                0x0800137c                WIZnetSend
 .text.wiz_tls_init
                0x080013a8      0x104 Drivers\TLS\SSLInterface.o
                0x080013a8                wiz_tls_init
 .text.wiz_tls_deinit
                0x080014ac       0x38 Drivers\TLS\SSLInterface.o
                0x080014ac                wiz_tls_deinit
 .text.wiz_tls_connect
                0x080014e4       0xdc Drivers\TLS\SSLInterface.o
                0x080014e4                wiz_tls_connect
 .text.wiz_tls_read
                0x080015c0        0x6 Drivers\TLS\SSLInterface.o
                0x080015c0                wiz_tls_read
 .text.wiz_tls_write
                0x080015c6        0x6 Drivers\TLS\SSLInterface.o
                0x080015c6                wiz_tls_write
 .text.wiz_tls_close_notify
                0x080015cc       0x12 Drivers\TLS\SSLInterface.o
                0x080015cc                wiz_tls_close_notify
 .text.SSLRandomCB
                0x080015de       0x2e Drivers\TLS\SSL_Random.o
                0x080015de                SSLRandomCB
 .text.aes_gen_tables
                0x0800160c      0x200 Drivers\TLS\mbedtls\library\aes.o
 .text.mbedtls_aes_init
                0x0800180c        0xa Drivers\TLS\mbedtls\library\aes.o
                0x0800180c                mbedtls_aes_init
 .text.mbedtls_aes_free
                0x08001816       0x14 Drivers\TLS\mbedtls\library\aes.o
                0x08001816                mbedtls_aes_free
 *fill*         0x0800182a        0x2 
 .text.mbedtls_aes_setkey_enc
                0x0800182c      0x238 Drivers\TLS\mbedtls\library\aes.o
                0x0800182c                mbedtls_aes_setkey_enc
 .text.mbedtls_aes_setkey_dec
                0x08001a64       0xe4 Drivers\TLS\mbedtls\library\aes.o
                0x08001a64                mbedtls_aes_setkey_dec
 .text.mbedtls_internal_aes_encrypt
                0x08001b48      0x39c Drivers\TLS\mbedtls\library\aes.o
                0x08001b48                mbedtls_internal_aes_encrypt
 .text.mbedtls_internal_aes_decrypt
                0x08001ee4      0x39c Drivers\TLS\mbedtls\library\aes.o
                0x08001ee4                mbedtls_internal_aes_decrypt
 .text.mbedtls_aes_crypt_ecb
                0x08002280       0x1c Drivers\TLS\mbedtls\library\aes.o
                0x08002280                mbedtls_aes_crypt_ecb
 .text.mbedtls_aes_crypt_cbc
                0x0800229c       0xd6 Drivers\TLS\mbedtls\library\aes.o
                0x0800229c                mbedtls_aes_crypt_cbc
 .text.mbedtls_asn1_get_len
                0x08002372       0x9c Drivers\TLS\mbedtls\library\asn1parse.o
                0x08002372                mbedtls_asn1_get_len
 .text.mbedtls_asn1_get_tag
                0x0800240e       0x28 Drivers\TLS\mbedtls\library\asn1parse.o
                0x0800240e                mbedtls_asn1_get_tag
 .text.mbedtls_asn1_get_bool
                0x08002436       0x30 Drivers\TLS\mbedtls\library\asn1parse.o
                0x08002436                mbedtls_asn1_get_bool
 .text.mbedtls_asn1_get_int
                0x08002466       0x48 Drivers\TLS\mbedtls\library\asn1parse.o
                0x08002466                mbedtls_asn1_get_int
 .text.mbedtls_asn1_get_bitstring
                0x080024ae       0x46 Drivers\TLS\mbedtls\library\asn1parse.o
                0x080024ae                mbedtls_asn1_get_bitstring
 .text.mbedtls_asn1_get_bitstring_null
                0x080024f4       0x28 Drivers\TLS\mbedtls\library\asn1parse.o
                0x080024f4                mbedtls_asn1_get_bitstring_null
 .text.mbedtls_asn1_get_sequence_of
                0x0800251c       0x7c Drivers\TLS\mbedtls\library\asn1parse.o
                0x0800251c                mbedtls_asn1_get_sequence_of
 .text.mbedtls_asn1_get_alg
                0x08002598       0xa0 Drivers\TLS\mbedtls\library\asn1parse.o
                0x08002598                mbedtls_asn1_get_alg
 .text.mbedtls_base64_decode
                0x08002638      0x12c Drivers\TLS\mbedtls\library\base64.o
                0x08002638                mbedtls_base64_decode
 .text.mpi_sub_hlp
                0x08002764       0x54 Drivers\TLS\mbedtls\library\bignum.o
 .text.mpi_mul_hlp
                0x080027b8      0x3a2 Drivers\TLS\mbedtls\library\bignum.o
 .text.mbedtls_mpi_init
                0x08002b5a        0xe Drivers\TLS\mbedtls\library\bignum.o
                0x08002b5a                mbedtls_mpi_init
 .text.mbedtls_mpi_free
                0x08002b68       0x2c Drivers\TLS\mbedtls\library\bignum.o
                0x08002b68                mbedtls_mpi_free
 .text.mbedtls_mpi_grow
                0x08002b94       0x5a Drivers\TLS\mbedtls\library\bignum.o
                0x08002b94                mbedtls_mpi_grow
 .text.mbedtls_mpi_copy
                0x08002bee       0x54 Drivers\TLS\mbedtls\library\bignum.o
                0x08002bee                mbedtls_mpi_copy
 .text.mbedtls_mpi_lset
                0x08002c42       0x38 Drivers\TLS\mbedtls\library\bignum.o
                0x08002c42                mbedtls_mpi_lset
 .text.mbedtls_mpi_get_bit
                0x08002c7a       0x20 Drivers\TLS\mbedtls\library\bignum.o
                0x08002c7a                mbedtls_mpi_get_bit
 .text.mbedtls_mpi_lsb
                0x08002c9a       0x30 Drivers\TLS\mbedtls\library\bignum.o
                0x08002c9a                mbedtls_mpi_lsb
 .text.mbedtls_mpi_bitlen
                0x08002cca       0x44 Drivers\TLS\mbedtls\library\bignum.o
                0x08002cca                mbedtls_mpi_bitlen
 .text.mbedtls_mpi_size
                0x08002d0e        0xc Drivers\TLS\mbedtls\library\bignum.o
                0x08002d0e                mbedtls_mpi_size
 .text.mbedtls_mpi_read_binary
                0x08002d1a       0x6c Drivers\TLS\mbedtls\library\bignum.o
                0x08002d1a                mbedtls_mpi_read_binary
 .text.mbedtls_mpi_write_binary
                0x08002d86       0x46 Drivers\TLS\mbedtls\library\bignum.o
                0x08002d86                mbedtls_mpi_write_binary
 .text.mbedtls_mpi_shift_l
                0x08002dcc       0x98 Drivers\TLS\mbedtls\library\bignum.o
                0x08002dcc                mbedtls_mpi_shift_l
 .text.mbedtls_mpi_shift_r
                0x08002e64       0x78 Drivers\TLS\mbedtls\library\bignum.o
                0x08002e64                mbedtls_mpi_shift_r
 .text.mbedtls_mpi_cmp_abs
                0x08002edc       0x6e Drivers\TLS\mbedtls\library\bignum.o
                0x08002edc                mbedtls_mpi_cmp_abs
 .text.mpi_montmul
                0x08002f4a       0xc8 Drivers\TLS\mbedtls\library\bignum.o
 .text.mbedtls_mpi_cmp_mpi
                0x08003012       0x8c Drivers\TLS\mbedtls\library\bignum.o
                0x08003012                mbedtls_mpi_cmp_mpi
 .text.mbedtls_mpi_cmp_int
                0x0800309e       0x2c Drivers\TLS\mbedtls\library\bignum.o
                0x0800309e                mbedtls_mpi_cmp_int
 .text.mbedtls_mpi_add_abs
                0x080030ca       0xb6 Drivers\TLS\mbedtls\library\bignum.o
                0x080030ca                mbedtls_mpi_add_abs
 .text.mbedtls_mpi_sub_abs
                0x08003180       0x82 Drivers\TLS\mbedtls\library\bignum.o
                0x08003180                mbedtls_mpi_sub_abs
 .text.mbedtls_mpi_add_mpi
                0x08003202       0x44 Drivers\TLS\mbedtls\library\bignum.o
                0x08003202                mbedtls_mpi_add_mpi
 .text.mbedtls_mpi_sub_mpi
                0x08003246       0x46 Drivers\TLS\mbedtls\library\bignum.o
                0x08003246                mbedtls_mpi_sub_mpi
 .text.mbedtls_mpi_add_int
                0x0800328c       0x2c Drivers\TLS\mbedtls\library\bignum.o
                0x0800328c                mbedtls_mpi_add_int
 .text.mbedtls_mpi_sub_int
                0x080032b8       0x2c Drivers\TLS\mbedtls\library\bignum.o
                0x080032b8                mbedtls_mpi_sub_int
 .text.mbedtls_mpi_mul_mpi
                0x080032e4       0xde Drivers\TLS\mbedtls\library\bignum.o
                0x080032e4                mbedtls_mpi_mul_mpi
 .text.mbedtls_mpi_mul_int
                0x080033c2       0x1a Drivers\TLS\mbedtls\library\bignum.o
                0x080033c2                mbedtls_mpi_mul_int
 .text.mbedtls_mpi_div_mpi
                0x080033dc      0x368 Drivers\TLS\mbedtls\library\bignum.o
                0x080033dc                mbedtls_mpi_div_mpi
 .text.mbedtls_mpi_mod_mpi
                0x08003744       0x64 Drivers\TLS\mbedtls\library\bignum.o
                0x08003744                mbedtls_mpi_mod_mpi
 .text.mbedtls_mpi_exp_mod
                0x080037a8      0x46e Drivers\TLS\mbedtls\library\bignum.o
                0x080037a8                mbedtls_mpi_exp_mod
 .text.mbedtls_mpi_gcd
                0x08003c16      0x108 Drivers\TLS\mbedtls\library\bignum.o
                0x08003c16                mbedtls_mpi_gcd
 .text.mbedtls_mpi_fill_random
                0x08003d1e       0x44 Drivers\TLS\mbedtls\library\bignum.o
                0x08003d1e                mbedtls_mpi_fill_random
 .text.mbedtls_mpi_inv_mod
                0x08003d62      0x2a6 Drivers\TLS\mbedtls\library\bignum.o
                0x08003d62                mbedtls_mpi_inv_mod
 .text.mbedtls_cipher_get_block_size
                0x08004008        0xa Drivers\TLS\mbedtls\library\cipher.o
 *fill*         0x08004012        0x2 
 .text.get_no_padding
                0x08004014       0x14 Drivers\TLS\mbedtls\library\cipher.o
 .text.mbedtls_cipher_info_from_type
                0x08004028       0x1c Drivers\TLS\mbedtls\library\cipher.o
                0x08004028                mbedtls_cipher_info_from_type
 .text.mbedtls_cipher_init
                0x08004044        0x8 Drivers\TLS\mbedtls\library\cipher.o
                0x08004044                mbedtls_cipher_init
 .text.mbedtls_cipher_free
                0x0800404c       0x24 Drivers\TLS\mbedtls\library\cipher.o
                0x0800404c                mbedtls_cipher_free
 .text.mbedtls_cipher_setkey
                0x08004070       0x44 Drivers\TLS\mbedtls\library\cipher.o
                0x08004070                mbedtls_cipher_setkey
 .text.mbedtls_cipher_set_iv
                0x080040b4       0x40 Drivers\TLS\mbedtls\library\cipher.o
                0x080040b4                mbedtls_cipher_set_iv
 .text.mbedtls_cipher_reset
                0x080040f4       0x18 Drivers\TLS\mbedtls\library\cipher.o
                0x080040f4                mbedtls_cipher_reset
 .text.mbedtls_cipher_update
                0x0800410c      0x16c Drivers\TLS\mbedtls\library\cipher.o
                0x0800410c                mbedtls_cipher_update
 .text.mbedtls_cipher_finish
                0x08004278       0xcc Drivers\TLS\mbedtls\library\cipher.o
                0x08004278                mbedtls_cipher_finish
 .text.mbedtls_cipher_set_padding_mode
                0x08004344       0x30 Drivers\TLS\mbedtls\library\cipher.o
                0x08004344                mbedtls_cipher_set_padding_mode
 .text.mbedtls_cipher_setup
                0x08004374       0x3c Drivers\TLS\mbedtls\library\cipher.o
                0x08004374                mbedtls_cipher_setup
 .text.mbedtls_cipher_crypt
                0x080043b0       0x44 Drivers\TLS\mbedtls\library\cipher.o
                0x080043b0                mbedtls_cipher_crypt
 .text.aes_ctx_free
                0x080043f4       0x12 Drivers\TLS\mbedtls\library\cipher_wrap.o
 .text.aes_ctx_alloc
                0x08004406       0x18 Drivers\TLS\mbedtls\library\cipher_wrap.o
 .text.aes_setkey_dec_wrap
                0x0800441e        0x4 Drivers\TLS\mbedtls\library\cipher_wrap.o
 .text.aes_setkey_enc_wrap
                0x08004422        0x4 Drivers\TLS\mbedtls\library\cipher_wrap.o
 .text.aes_crypt_cbc_wrap
                0x08004426        0xa Drivers\TLS\mbedtls\library\cipher_wrap.o
 .text.aes_crypt_ecb_wrap
                0x08004430        0x4 Drivers\TLS\mbedtls\library\cipher_wrap.o
 .text.mbedtls_zeroize
                0x08004434       0x10 Drivers\TLS\mbedtls\library\ctr_drbg.o
 .text.mbedtls_ctr_drbg_init
                0x08004444        0xa Drivers\TLS\mbedtls\library\ctr_drbg.o
                0x08004444                mbedtls_ctr_drbg_init
 .text.mbedtls_ctr_drbg_free
                0x0800444e       0x1c Drivers\TLS\mbedtls\library\ctr_drbg.o
                0x0800444e                mbedtls_ctr_drbg_free
 .text.debug_send_line.isra.0
                0x0800446a        0xe Drivers\TLS\mbedtls\library\debug.o
 .text.mbedtls_debug_print_mpi.part.1
                0x08004478      0x140 Drivers\TLS\mbedtls\library\debug.o
 .text.mbedtls_debug_set_threshold
                0x080045b8        0xc Drivers\TLS\mbedtls\library\debug.o
                0x080045b8                mbedtls_debug_set_threshold
 .text.mbedtls_debug_print_msg
                0x080045c4       0x60 Drivers\TLS\mbedtls\library\debug.o
                0x080045c4                mbedtls_debug_print_msg
 .text.mbedtls_debug_print_ret
                0x08004624       0x5c Drivers\TLS\mbedtls\library\debug.o
                0x08004624                mbedtls_debug_print_ret
 .text.mbedtls_debug_print_buf
                0x08004680      0x13c Drivers\TLS\mbedtls\library\debug.o
                0x08004680                mbedtls_debug_print_buf
 .text.mbedtls_debug_print_mpi
                0x080047bc       0x24 Drivers\TLS\mbedtls\library\debug.o
                0x080047bc                mbedtls_debug_print_mpi
 .text.mbedtls_debug_print_crt
                0x080047e0      0x184 Drivers\TLS\mbedtls\library\debug.o
                0x080047e0                mbedtls_debug_print_crt
 .text.mbedtls_strerror
                0x08004964      0xc94 Drivers\TLS\mbedtls\library\error.o
                0x08004964                mbedtls_strerror
 .text.mbedtls_md_info_from_type
                0x080055f8       0x1c Drivers\TLS\mbedtls\library\md.o
                0x080055f8                mbedtls_md_info_from_type
 .text.mbedtls_md_init
                0x08005614        0xa Drivers\TLS\mbedtls\library\md.o
                0x08005614                mbedtls_md_init
 .text.mbedtls_md_free
                0x0800561e       0x42 Drivers\TLS\mbedtls\library\md.o
                0x0800561e                mbedtls_md_free
 .text.mbedtls_md_setup
                0x08005660       0x40 Drivers\TLS\mbedtls\library\md.o
                0x08005660                mbedtls_md_setup
 .text.mbedtls_md
                0x080056a0       0x20 Drivers\TLS\mbedtls\library\md.o
                0x080056a0                mbedtls_md
 .text.mbedtls_md_hmac_starts
                0x080056c0       0xc8 Drivers\TLS\mbedtls\library\md.o
                0x080056c0                mbedtls_md_hmac_starts
 .text.mbedtls_md_hmac_update
                0x08005788       0x24 Drivers\TLS\mbedtls\library\md.o
                0x08005788                mbedtls_md_hmac_update
 .text.mbedtls_md_hmac_finish
                0x080057ac       0x64 Drivers\TLS\mbedtls\library\md.o
                0x080057ac                mbedtls_md_hmac_finish
 .text.mbedtls_md_hmac_reset
                0x08005810       0x30 Drivers\TLS\mbedtls\library\md.o
                0x08005810                mbedtls_md_hmac_reset
 .text.mbedtls_md_process
                0x08005840       0x14 Drivers\TLS\mbedtls\library\md.o
                0x08005840                mbedtls_md_process
 .text.mbedtls_md_get_size
                0x08005854        0x8 Drivers\TLS\mbedtls\library\md.o
                0x08005854                mbedtls_md_get_size
 .text.sha224_process_wrap
                0x0800585c        0x4 Drivers\TLS\mbedtls\library\md_wrap.o
 .text.sha224_clone_wrap
                0x08005860        0x4 Drivers\TLS\mbedtls\library\md_wrap.o
 .text.sha224_ctx_free
                0x08005864       0x12 Drivers\TLS\mbedtls\library\md_wrap.o
 .text.sha224_ctx_alloc
                0x08005876       0x16 Drivers\TLS\mbedtls\library\md_wrap.o
 .text.sha224_wrap
                0x0800588c        0x6 Drivers\TLS\mbedtls\library\md_wrap.o
 .text.sha256_wrap
                0x08005892        0x6 Drivers\TLS\mbedtls\library\md_wrap.o
 .text.sha224_finish_wrap
                0x08005898        0x4 Drivers\TLS\mbedtls\library\md_wrap.o
 .text.sha224_update_wrap
                0x0800589c        0x4 Drivers\TLS\mbedtls\library\md_wrap.o
 .text.sha224_starts_wrap
                0x080058a0        0x6 Drivers\TLS\mbedtls\library\md_wrap.o
 .text.sha256_starts_wrap
                0x080058a6        0x6 Drivers\TLS\mbedtls\library\md_wrap.o
 .text.oid_sig_alg_from_asn1
                0x080058ac       0x30 Drivers\TLS\mbedtls\library\oid.o
 .text.mbedtls_oid_get_attr_short_name
                0x080058dc       0x34 Drivers\TLS\mbedtls\library\oid.o
                0x080058dc                mbedtls_oid_get_attr_short_name
 .text.mbedtls_oid_get_x509_ext_type
                0x08005910       0x34 Drivers\TLS\mbedtls\library\oid.o
                0x08005910                mbedtls_oid_get_x509_ext_type
 .text.mbedtls_oid_get_extended_key_usage
                0x08005944       0x34 Drivers\TLS\mbedtls\library\oid.o
                0x08005944                mbedtls_oid_get_extended_key_usage
 .text.mbedtls_oid_get_sig_alg_desc
                0x08005978       0x18 Drivers\TLS\mbedtls\library\oid.o
                0x08005978                mbedtls_oid_get_sig_alg_desc
 .text.mbedtls_oid_get_sig_alg
                0x08005990       0x1e Drivers\TLS\mbedtls\library\oid.o
                0x08005990                mbedtls_oid_get_sig_alg
 *fill*         0x080059ae        0x2 
 .text.mbedtls_oid_get_pk_alg
                0x080059b0       0x34 Drivers\TLS\mbedtls\library\oid.o
                0x080059b0                mbedtls_oid_get_pk_alg
 .text.mbedtls_oid_get_oid_by_md
                0x080059e4       0x28 Drivers\TLS\mbedtls\library\oid.o
                0x080059e4                mbedtls_oid_get_oid_by_md
 .text.mbedtls_pem_init
                0x08005a0c        0xa Drivers\TLS\mbedtls\library\pem.o
                0x08005a0c                mbedtls_pem_init
 *fill*         0x08005a16        0x2 
 .text.mbedtls_pem_read_buffer
                0x08005a18      0x11c Drivers\TLS\mbedtls\library\pem.o
                0x08005a18                mbedtls_pem_read_buffer
 .text.mbedtls_pem_free
                0x08005b34       0x36 Drivers\TLS\mbedtls\library\pem.o
                0x08005b34                mbedtls_pem_free
 .text.mbedtls_pk_free
                0x08005b6a       0x22 Drivers\TLS\mbedtls\library\pk.o
                0x08005b6a                mbedtls_pk_free
 .text.mbedtls_pk_info_from_type
                0x08005b8c       0x10 Drivers\TLS\mbedtls\library\pk.o
                0x08005b8c                mbedtls_pk_info_from_type
 .text.mbedtls_pk_setup
                0x08005b9c       0x2c Drivers\TLS\mbedtls\library\pk.o
                0x08005b9c                mbedtls_pk_setup
 .text.mbedtls_pk_can_do
                0x08005bc8       0x10 Drivers\TLS\mbedtls\library\pk.o
                0x08005bc8                mbedtls_pk_can_do
 .text.mbedtls_pk_verify
                0x08005bd8       0x5c Drivers\TLS\mbedtls\library\pk.o
                0x08005bd8                mbedtls_pk_verify
 .text.mbedtls_pk_verify_ext
                0x08005c34       0x64 Drivers\TLS\mbedtls\library\pk.o
                0x08005c34                mbedtls_pk_verify_ext
 .text.mbedtls_pk_sign
                0x08005c98       0x68 Drivers\TLS\mbedtls\library\pk.o
                0x08005c98                mbedtls_pk_sign
 .text.mbedtls_pk_encrypt
                0x08005d00       0x2c Drivers\TLS\mbedtls\library\pk.o
                0x08005d00                mbedtls_pk_encrypt
 .text.mbedtls_pk_get_bitlen
                0x08005d2c       0x10 Drivers\TLS\mbedtls\library\pk.o
                0x08005d2c                mbedtls_pk_get_bitlen
 .text.mbedtls_pk_debug
                0x08005d3c       0x24 Drivers\TLS\mbedtls\library\pk.o
                0x08005d3c                mbedtls_pk_debug
 .text.mbedtls_pk_get_name
                0x08005d60       0x14 Drivers\TLS\mbedtls\library\pk.o
                0x08005d60                mbedtls_pk_get_name
 .text.mbedtls_pk_get_type
                0x08005d74        0xa Drivers\TLS\mbedtls\library\pk.o
                0x08005d74                mbedtls_pk_get_type
 .text.rsa_can_do
                0x08005d7e        0xc Drivers\TLS\mbedtls\library\pk_wrap.o
 *fill*         0x08005d8a        0x2 
 .text.rsa_debug
                0x08005d8c       0x24 Drivers\TLS\mbedtls\library\pk_wrap.o
 .text.rsa_free_wrap
                0x08005db0       0x12 Drivers\TLS\mbedtls\library\pk_wrap.o
 .text.rsa_alloc_wrap
                0x08005dc2       0x1a Drivers\TLS\mbedtls\library\pk_wrap.o
 .text.rsa_check_pair_wrap
                0x08005ddc        0x4 Drivers\TLS\mbedtls\library\pk_wrap.o
 .text.rsa_get_bitlen
                0x08005de0        0xa Drivers\TLS\mbedtls\library\pk_wrap.o
 *fill*         0x08005dea        0x2 
 .text.rsa_encrypt_wrap
                0x08005dec       0x4c Drivers\TLS\mbedtls\library\pk_wrap.o
 .text.rsa_decrypt_wrap
                0x08005e38       0x4c Drivers\TLS\mbedtls\library\pk_wrap.o
 .text.rsa_sign_wrap
                0x08005e84       0x40 Drivers\TLS\mbedtls\library\pk_wrap.o
 .text.rsa_verify_wrap
                0x08005ec4       0x4c Drivers\TLS\mbedtls\library\pk_wrap.o
 .text.pk_get_rsapubkey
                0x08005f10       0xc0 Drivers\TLS\mbedtls\library\pkparse.o
 .text.pk_get_pk_alg
                0x08005fd0       0x54 Drivers\TLS\mbedtls\library\pkparse.o
 .text.mbedtls_pk_parse_subpubkey
                0x08006024       0xac Drivers\TLS\mbedtls\library\pkparse.o
                0x08006024                mbedtls_pk_parse_subpubkey
 .text.rsa_rsassa_pkcs1_v15_encode
                0x080060d0      0x11c Drivers\TLS\mbedtls\library\rsa.o
 .text.rsa_check_context.isra.0
                0x080061ec       0xb8 Drivers\TLS\mbedtls\library\rsa.o
 .text.mbedtls_rsa_import_raw
                0x080062a4       0x84 Drivers\TLS\mbedtls\library\rsa.o
                0x080062a4                mbedtls_rsa_import_raw
 .text.mbedtls_rsa_complete
                0x08006328      0x130 Drivers\TLS\mbedtls\library\rsa.o
                0x08006328                mbedtls_rsa_complete
 .text.mbedtls_rsa_init
                0x08006458       0x1a Drivers\TLS\mbedtls\library\rsa.o
                0x08006458                mbedtls_rsa_init
 .text.mbedtls_rsa_get_len
                0x08006472        0x4 Drivers\TLS\mbedtls\library\rsa.o
                0x08006472                mbedtls_rsa_get_len
 *fill*         0x08006476        0x2 
 .text.mbedtls_rsa_check_pubkey
                0x08006478       0x48 Drivers\TLS\mbedtls\library\rsa.o
                0x08006478                mbedtls_rsa_check_pubkey
 .text.mbedtls_rsa_check_privkey
                0x080064c0       0x6c Drivers\TLS\mbedtls\library\rsa.o
                0x080064c0                mbedtls_rsa_check_privkey
 .text.mbedtls_rsa_check_pub_priv
                0x0800652c       0x38 Drivers\TLS\mbedtls\library\rsa.o
                0x0800652c                mbedtls_rsa_check_pub_priv
 .text.mbedtls_rsa_public
                0x08006564       0x7c Drivers\TLS\mbedtls\library\rsa.o
                0x08006564                mbedtls_rsa_public
 .text.mbedtls_rsa_private
                0x080065e0      0x378 Drivers\TLS\mbedtls\library\rsa.o
                0x080065e0                mbedtls_rsa_private
 .text.mbedtls_rsa_rsaes_pkcs1_v15_encrypt
                0x08006958       0xe4 Drivers\TLS\mbedtls\library\rsa.o
                0x08006958                mbedtls_rsa_rsaes_pkcs1_v15_encrypt
 .text.mbedtls_rsa_pkcs1_encrypt
                0x08006a3c       0x18 Drivers\TLS\mbedtls\library\rsa.o
                0x08006a3c                mbedtls_rsa_pkcs1_encrypt
 .text.mbedtls_rsa_rsaes_pkcs1_v15_decrypt
                0x08006a54      0x114 Drivers\TLS\mbedtls\library\rsa.o
                0x08006a54                mbedtls_rsa_rsaes_pkcs1_v15_decrypt
 .text.mbedtls_rsa_pkcs1_decrypt
                0x08006b68       0x1c Drivers\TLS\mbedtls\library\rsa.o
                0x08006b68                mbedtls_rsa_pkcs1_decrypt
 .text.mbedtls_rsa_rsassa_pkcs1_v15_sign
                0x08006b84       0xcc Drivers\TLS\mbedtls\library\rsa.o
                0x08006b84                mbedtls_rsa_rsassa_pkcs1_v15_sign
 .text.mbedtls_rsa_pkcs1_sign
                0x08006c50       0x20 Drivers\TLS\mbedtls\library\rsa.o
                0x08006c50                mbedtls_rsa_pkcs1_sign
 .text.mbedtls_rsa_rsassa_pkcs1_v15_verify
                0x08006c70       0xd8 Drivers\TLS\mbedtls\library\rsa.o
                0x08006c70                mbedtls_rsa_rsassa_pkcs1_v15_verify
 .text.mbedtls_rsa_pkcs1_verify
                0x08006d48       0x20 Drivers\TLS\mbedtls\library\rsa.o
                0x08006d48                mbedtls_rsa_pkcs1_verify
 .text.mbedtls_rsa_free
                0x08006d68       0x6e Drivers\TLS\mbedtls\library\rsa.o
                0x08006d68                mbedtls_rsa_free
 *fill*         0x08006dd6        0x2 
 .text.mbedtls_rsa_deduce_primes
                0x08006dd8      0x1e4 Drivers\TLS\mbedtls\library\rsa_internal.o
                0x08006dd8                mbedtls_rsa_deduce_primes
 .text.mbedtls_rsa_deduce_private_exponent
                0x08006fbc       0xbc Drivers\TLS\mbedtls\library\rsa_internal.o
                0x08006fbc                mbedtls_rsa_deduce_private_exponent
 .text.mbedtls_rsa_validate_crt
                0x08007078      0x108 Drivers\TLS\mbedtls\library\rsa_internal.o
                0x08007078                mbedtls_rsa_validate_crt
 .text.mbedtls_rsa_validate_params
                0x08007180      0x18c Drivers\TLS\mbedtls\library\rsa_internal.o
                0x08007180                mbedtls_rsa_validate_params
 .text.mbedtls_rsa_deduce_crt
                0x0800730c       0x86 Drivers\TLS\mbedtls\library\rsa_internal.o
                0x0800730c                mbedtls_rsa_deduce_crt
 .text.mbedtls_sha256_init
                0x08007392        0x8 Drivers\TLS\mbedtls\library\sha256.o
                0x08007392                mbedtls_sha256_init
 .text.mbedtls_sha256_free
                0x0800739a       0x14 Drivers\TLS\mbedtls\library\sha256.o
                0x0800739a                mbedtls_sha256_free
 .text.mbedtls_sha256_clone
                0x080073ae        0xa Drivers\TLS\mbedtls\library\sha256.o
                0x080073ae                mbedtls_sha256_clone
 .text.mbedtls_sha256_starts_ret
                0x080073b8       0xa0 Drivers\TLS\mbedtls\library\sha256.o
                0x080073b8                mbedtls_sha256_starts_ret
 .text.mbedtls_internal_sha256_process
                0x08007458      0x6a4 Drivers\TLS\mbedtls\library\sha256.o
                0x08007458                mbedtls_internal_sha256_process
 .text.mbedtls_sha256_update_ret.part.0
                0x08007afc       0x7c Drivers\TLS\mbedtls\library\sha256.o
 .text.mbedtls_sha256_update_ret
                0x08007b78        0xa Drivers\TLS\mbedtls\library\sha256.o
                0x08007b78                mbedtls_sha256_update_ret
 *fill*         0x08007b82        0x2 
 .text.mbedtls_sha256_finish_ret
                0x08007b84      0x10c Drivers\TLS\mbedtls\library\sha256.o
                0x08007b84                mbedtls_sha256_finish_ret
 .text.mbedtls_sha256_ret
                0x08007c90       0x42 Drivers\TLS\mbedtls\library\sha256.o
                0x08007c90                mbedtls_sha256_ret
 *fill*         0x08007cd2        0x2 
 .text.mbedtls_ssl_list_ciphersuites
                0x08007cd4        0x8 Drivers\TLS\mbedtls\library\ssl_ciphersuites.o
                0x08007cd4                mbedtls_ssl_list_ciphersuites
 .text.mbedtls_ssl_ciphersuite_from_id
                0x08007cdc       0x18 Drivers\TLS\mbedtls\library\ssl_ciphersuites.o
                0x08007cdc                mbedtls_ssl_ciphersuite_from_id
 .text.mbedtls_ssl_get_ciphersuite_name
                0x08007cf4       0x14 Drivers\TLS\mbedtls\library\ssl_ciphersuites.o
                0x08007cf4                mbedtls_ssl_get_ciphersuite_name
 .text.mbedtls_ssl_own_key
                0x08007d08       0x16 Drivers\TLS\mbedtls\library\ssl_cli.o
 *fill*         0x08007d1e        0x2 
 .text.mbedtls_ssl_handshake_client_step
                0x08007d20      0xfac Drivers\TLS\mbedtls\library\ssl_cli.o
                0x08007d20                mbedtls_ssl_handshake_client_step
 .text.mbedtls_zeroize
                0x08008ccc       0x10 Drivers\TLS\mbedtls\library\ssl_tls.o
 .text.ssl_set_timer
                0x08008cdc       0x38 Drivers\TLS\mbedtls\library\ssl_tls.o
 .text.ssl_calc_finished_tls_sha256
                0x08008d14       0xd8 Drivers\TLS\mbedtls\library\ssl_tls.o
 .text.ssl_calc_verify_tls_sha256
                0x08008dec       0x78 Drivers\TLS\mbedtls\library\ssl_tls.o
 .text.ssl_update_checksum_sha256
                0x08008e64        0x8 Drivers\TLS\mbedtls\library\ssl_tls.o
 .text.ssl_update_checksum_start
                0x08008e6c        0x4 Drivers\TLS\mbedtls\library\ssl_tls.o
 .text.tls_prf_sha256
                0x08008e70      0x11c Drivers\TLS\mbedtls\library\ssl_tls.o
 .text.mbedtls_ssl_derive_keys
                0x08008f8c      0x48c Drivers\TLS\mbedtls\library\ssl_tls.o
                0x08008f8c                mbedtls_ssl_derive_keys
 .text.mbedtls_ssl_fetch_input
                0x08009418      0x14c Drivers\TLS\mbedtls\library\ssl_tls.o
                0x08009418                mbedtls_ssl_fetch_input
 .text.mbedtls_ssl_flush_output
                0x08009564      0x120 Drivers\TLS\mbedtls\library\ssl_tls.o
                0x08009564                mbedtls_ssl_flush_output
 .text.mbedtls_ssl_write_record
                0x08009684      0x3c0 Drivers\TLS\mbedtls\library\ssl_tls.o
                0x08009684                mbedtls_ssl_write_record
 .text.mbedtls_ssl_prepare_handshake_record
                0x08009a44       0x8c Drivers\TLS\mbedtls\library\ssl_tls.o
                0x08009a44                mbedtls_ssl_prepare_handshake_record
 .text.mbedtls_ssl_update_handshake_status
                0x08009ad0       0x20 Drivers\TLS\mbedtls\library\ssl_tls.o
                0x08009ad0                mbedtls_ssl_update_handshake_status
 .text.mbedtls_ssl_handle_message_type
                0x08009af0       0xb8 Drivers\TLS\mbedtls\library\ssl_tls.o
                0x08009af0                mbedtls_ssl_handle_message_type
 .text.mbedtls_ssl_send_alert_message
                0x08009ba8       0xa8 Drivers\TLS\mbedtls\library\ssl_tls.o
                0x08009ba8                mbedtls_ssl_send_alert_message
 .text.mbedtls_ssl_read_record_layer
                0x08009c50      0x5c4 Drivers\TLS\mbedtls\library\ssl_tls.o
                0x08009c50                mbedtls_ssl_read_record_layer
 .text.mbedtls_ssl_read_record
                0x0800a214       0xac Drivers\TLS\mbedtls\library\ssl_tls.o
                0x0800a214                mbedtls_ssl_read_record
 .text.mbedtls_ssl_write_certificate
                0x0800a2c0      0x190 Drivers\TLS\mbedtls\library\ssl_tls.o
                0x0800a2c0                mbedtls_ssl_write_certificate
 .text.mbedtls_ssl_parse_certificate
                0x0800a450      0x344 Drivers\TLS\mbedtls\library\ssl_tls.o
                0x0800a450                mbedtls_ssl_parse_certificate
 .text.mbedtls_ssl_write_change_cipher_spec
                0x0800a794       0x74 Drivers\TLS\mbedtls\library\ssl_tls.o
                0x0800a794                mbedtls_ssl_write_change_cipher_spec
 .text.mbedtls_ssl_parse_change_cipher_spec
                0x0800a808       0xfc Drivers\TLS\mbedtls\library\ssl_tls.o
                0x0800a808                mbedtls_ssl_parse_change_cipher_spec
 .text.mbedtls_ssl_optimize_checksum
                0x0800a904       0x34 Drivers\TLS\mbedtls\library\ssl_tls.o
                0x0800a904                mbedtls_ssl_optimize_checksum
 .text.mbedtls_ssl_write_finished
                0x0800a938       0xec Drivers\TLS\mbedtls\library\ssl_tls.o
                0x0800a938                mbedtls_ssl_write_finished
 .text.mbedtls_ssl_parse_finished
                0x0800aa24      0x120 Drivers\TLS\mbedtls\library\ssl_tls.o
                0x0800aa24                mbedtls_ssl_parse_finished
 .text.mbedtls_ssl_session_init
                0x0800ab44        0x8 Drivers\TLS\mbedtls\library\ssl_tls.o
                0x0800ab44                mbedtls_ssl_session_init
 .text.mbedtls_ssl_init
                0x0800ab4c        0x8 Drivers\TLS\mbedtls\library\ssl_tls.o
                0x0800ab4c                mbedtls_ssl_init
 .text.mbedtls_ssl_conf_authmode
                0x0800ab54        0xe Drivers\TLS\mbedtls\library\ssl_tls.o
                0x0800ab54                mbedtls_ssl_conf_authmode
 .text.mbedtls_ssl_conf_rng
                0x0800ab62        0x6 Drivers\TLS\mbedtls\library\ssl_tls.o
                0x0800ab62                mbedtls_ssl_conf_rng
 .text.mbedtls_ssl_conf_dbg
                0x0800ab68        0x6 Drivers\TLS\mbedtls\library\ssl_tls.o
                0x0800ab68                mbedtls_ssl_conf_dbg
 .text.mbedtls_ssl_set_bio
                0x0800ab6e        0xc Drivers\TLS\mbedtls\library\ssl_tls.o
                0x0800ab6e                mbedtls_ssl_set_bio
 .text.mbedtls_ssl_conf_ca_chain
                0x0800ab7a        0x6 Drivers\TLS\mbedtls\library\ssl_tls.o
                0x0800ab7a                mbedtls_ssl_conf_ca_chain
 .text.mbedtls_ssl_set_hostname
                0x0800ab80       0x6c Drivers\TLS\mbedtls\library\ssl_tls.o
                0x0800ab80                mbedtls_ssl_set_hostname
 .text.mbedtls_ssl_get_ciphersuite
                0x0800abec       0x10 Drivers\TLS\mbedtls\library\ssl_tls.o
                0x0800abec                mbedtls_ssl_get_ciphersuite
 .text.mbedtls_ssl_handshake_step
                0x0800abfc       0x34 Drivers\TLS\mbedtls\library\ssl_tls.o
                0x0800abfc                mbedtls_ssl_handshake_step
 .text.mbedtls_ssl_handshake
                0x0800ac30       0x5c Drivers\TLS\mbedtls\library\ssl_tls.o
                0x0800ac30                mbedtls_ssl_handshake
 .text.mbedtls_ssl_read
                0x0800ac8c      0x1f8 Drivers\TLS\mbedtls\library\ssl_tls.o
                0x0800ac8c                mbedtls_ssl_read
 .text.mbedtls_ssl_write
                0x0800ae84       0xe0 Drivers\TLS\mbedtls\library\ssl_tls.o
                0x0800ae84                mbedtls_ssl_write
 .text.mbedtls_ssl_close_notify
                0x0800af64       0x88 Drivers\TLS\mbedtls\library\ssl_tls.o
                0x0800af64                mbedtls_ssl_close_notify
 .text.mbedtls_ssl_transform_free
                0x0800afec       0x32 Drivers\TLS\mbedtls\library\ssl_tls.o
                0x0800afec                mbedtls_ssl_transform_free
 .text.mbedtls_ssl_handshake_free
                0x0800b01e       0x1c Drivers\TLS\mbedtls\library\ssl_tls.o
                0x0800b01e                mbedtls_ssl_handshake_free
 .text.mbedtls_ssl_session_free
                0x0800b03a       0x22 Drivers\TLS\mbedtls\library\ssl_tls.o
                0x0800b03a                mbedtls_ssl_session_free
 .text.mbedtls_ssl_handshake_wrapup
                0x0800b05c       0xd4 Drivers\TLS\mbedtls\library\ssl_tls.o
                0x0800b05c                mbedtls_ssl_handshake_wrapup
 .text.ssl_handshake_init
                0x0800b130       0xf4 Drivers\TLS\mbedtls\library\ssl_tls.o
 .text.mbedtls_ssl_setup
                0x0800b224       0x98 Drivers\TLS\mbedtls\library\ssl_tls.o
                0x0800b224                mbedtls_ssl_setup
 .text.mbedtls_ssl_free
                0x0800b2bc       0xd0 Drivers\TLS\mbedtls\library\ssl_tls.o
                0x0800b2bc                mbedtls_ssl_free
 .text.mbedtls_ssl_config_init
                0x0800b38c        0x8 Drivers\TLS\mbedtls\library\ssl_tls.o
                0x0800b38c                mbedtls_ssl_config_init
 .text.mbedtls_ssl_config_defaults
                0x0800b394       0x78 Drivers\TLS\mbedtls\library\ssl_tls.o
                0x0800b394                mbedtls_ssl_config_defaults
 .text.mbedtls_ssl_config_free
                0x0800b40c       0x1e Drivers\TLS\mbedtls\library\ssl_tls.o
                0x0800b40c                mbedtls_ssl_config_free
 .text.mbedtls_ssl_sig_from_pk
                0x0800b42a       0x10 Drivers\TLS\mbedtls\library\ssl_tls.o
                0x0800b42a                mbedtls_ssl_sig_from_pk
 .text.mbedtls_ssl_hash_from_md_alg
                0x0800b43a       0x12 Drivers\TLS\mbedtls\library\ssl_tls.o
                0x0800b43a                mbedtls_ssl_hash_from_md_alg
 .text.mbedtls_ssl_write_version
                0x0800b44c        0x6 Drivers\TLS\mbedtls\library\ssl_tls.o
                0x0800b44c                mbedtls_ssl_write_version
 .text.mbedtls_ssl_read_version
                0x0800b452        0xa Drivers\TLS\mbedtls\library\ssl_tls.o
                0x0800b452                mbedtls_ssl_read_version
 .text.x509_parse_int
                0x0800b45c       0x38 Drivers\TLS\mbedtls\library\x509.o
 .text.mbedtls_x509_get_serial
                0x0800b494       0x50 Drivers\TLS\mbedtls\library\x509.o
                0x0800b494                mbedtls_x509_get_serial
 .text.mbedtls_x509_get_alg
                0x0800b4e4        0xe Drivers\TLS\mbedtls\library\x509.o
                0x0800b4e4                mbedtls_x509_get_alg
 *fill*         0x0800b4f2        0x2 
 .text.mbedtls_x509_get_name
                0x0800b4f4       0xf8 Drivers\TLS\mbedtls\library\x509.o
                0x0800b4f4                mbedtls_x509_get_name
 .text.mbedtls_x509_get_time
                0x0800b5ec      0x164 Drivers\TLS\mbedtls\library\x509.o
                0x0800b5ec                mbedtls_x509_get_time
 .text.mbedtls_x509_get_sig
                0x0800b750       0x3c Drivers\TLS\mbedtls\library\x509.o
                0x0800b750                mbedtls_x509_get_sig
 .text.mbedtls_x509_get_sig_alg
                0x0800b78c       0x40 Drivers\TLS\mbedtls\library\x509.o
                0x0800b78c                mbedtls_x509_get_sig_alg
 .text.mbedtls_x509_get_ext
                0x0800b7cc       0x54 Drivers\TLS\mbedtls\library\x509.o
                0x0800b7cc                mbedtls_x509_get_ext
 .text.mbedtls_x509_dn_gets
                0x0800b820      0x104 Drivers\TLS\mbedtls\library\x509.o
                0x0800b820                mbedtls_x509_dn_gets
 .text.mbedtls_x509_serial_gets
                0x0800b924       0x94 Drivers\TLS\mbedtls\library\x509.o
                0x0800b924                mbedtls_x509_serial_gets
 .text.mbedtls_x509_sig_alg_gets
                0x0800b9b8       0x50 Drivers\TLS\mbedtls\library\x509.o
                0x0800b9b8                mbedtls_x509_sig_alg_gets
 .text.mbedtls_x509_key_size_helper
                0x0800ba08       0x24 Drivers\TLS\mbedtls\library\x509.o
                0x0800ba08                mbedtls_x509_key_size_helper
 .text.mbedtls_x509_time_is_past
                0x0800ba2c        0x4 Drivers\TLS\mbedtls\library\x509.o
                0x0800ba2c                mbedtls_x509_time_is_past
 .text.mbedtls_x509_time_is_future
                0x0800ba30        0x4 Drivers\TLS\mbedtls\library\x509.o
                0x0800ba30                mbedtls_x509_time_is_future
 .text.mbedtls_zeroize
                0x0800ba34       0x10 Drivers\TLS\mbedtls\library\x509_crt.o
 .text.x509_memcasecmp
                0x0800ba44       0x2e Drivers\TLS\mbedtls\library\x509_crt.o
 .text.x509_name_cmp
                0x0800ba72       0xa2 Drivers\TLS\mbedtls\library\x509_crt.o
 .text.x509_crt_check_parent
                0x0800bb14       0x48 Drivers\TLS\mbedtls\library\x509_crt.o
 .text.x509_check_wildcard
                0x0800bb5c       0x5a Drivers\TLS\mbedtls\library\x509_crt.o
 .text.unlikely.x509_get_uid
                0x0800bbb6       0x36 Drivers\TLS\mbedtls\library\x509_crt.o
 .text.x509_profile_check_key.isra.3
                0x0800bbec       0x26 Drivers\TLS\mbedtls\library\x509_crt.o
 .text.x509_crt_verify_top.isra.4
                0x0800bc12      0x1da Drivers\TLS\mbedtls\library\x509_crt.o
 .text.x509_crt_verify_child
                0x0800bdec      0x1f0 Drivers\TLS\mbedtls\library\x509_crt.o
 .text.mbedtls_x509_crt_info
                0x0800bfdc      0x684 Drivers\TLS\mbedtls\library\x509_crt.o
                0x0800bfdc                mbedtls_x509_crt_info
 .text.mbedtls_x509_crt_verify_with_profile
                0x0800c660      0x1bc Drivers\TLS\mbedtls\library\x509_crt.o
                0x0800c660                mbedtls_x509_crt_verify_with_profile
 .text.mbedtls_x509_crt_init
                0x0800c81c        0xa Drivers\TLS\mbedtls\library\x509_crt.o
                0x0800c81c                mbedtls_x509_crt_init
 .text.mbedtls_x509_crt_free
                0x0800c826       0xb4 Drivers\TLS\mbedtls\library\x509_crt.o
                0x0800c826                mbedtls_x509_crt_free
 *fill*         0x0800c8da        0x2 
 .text.mbedtls_x509_crt_parse_der
                0x0800c8dc      0x64c Drivers\TLS\mbedtls\library\x509_crt.o
                0x0800c8dc                mbedtls_x509_crt_parse_der
 .text.mbedtls_x509_crt_parse
                0x0800cf28       0xe8 Drivers\TLS\mbedtls\library\x509_crt.o
                0x0800cf28                mbedtls_x509_crt_parse
 .text.char2hex
                0x0800d010       0x32 Src\HexTrans.o
                0x0800d010                char2hex
 *fill*         0x0800d042        0x2 
 .text.string_print_Hex
                0x0800d044       0x6c Src\HexTrans.o
                0x0800d044                string_print_Hex
 .text._write   0x0800d0b0       0x28 Src\main.o
                0x0800d0b0                _write
 .text.SystemClock_Config
                0x0800d0d8       0x80 Src\main.o
                0x0800d0d8                SystemClock_Config
 .text.print_network_information
                0x0800d158       0x80 Src\main.o
                0x0800d158                print_network_information
 .text.startup.main
                0x0800d1d8      0x184 Src\main.o
                0x0800d1d8                main
 .text.HAL_MspInit
                0x0800d35c       0x38 Src\stm32f4xx_hal_msp.o
                0x0800d35c                HAL_MspInit
 .text.HAL_SPI_MspInit
                0x0800d394       0x6c Src\stm32f4xx_hal_msp.o
                0x0800d394                HAL_SPI_MspInit
 .text.HAL_UART_MspInit
                0x0800d400       0x70 Src\stm32f4xx_hal_msp.o
                0x0800d400                HAL_UART_MspInit
 .text.NMI_Handler
                0x0800d470        0x2 Src\stm32f4xx_it.o
                0x0800d470                NMI_Handler
 .text.HardFault_Handler
                0x0800d472        0x2 Src\stm32f4xx_it.o
                0x0800d472                HardFault_Handler
 .text.MemManage_Handler
                0x0800d474        0x2 Src\stm32f4xx_it.o
                0x0800d474                MemManage_Handler
 .text.BusFault_Handler
                0x0800d476        0x2 Src\stm32f4xx_it.o
                0x0800d476                BusFault_Handler
 .text.UsageFault_Handler
                0x0800d478        0x2 Src\stm32f4xx_it.o
                0x0800d478                UsageFault_Handler
 .text.SVC_Handler
                0x0800d47a        0x2 Src\stm32f4xx_it.o
                0x0800d47a                SVC_Handler
 .text.DebugMon_Handler
                0x0800d47c        0x2 Src\stm32f4xx_it.o
                0x0800d47c                DebugMon_Handler
 .text.PendSV_Handler
                0x0800d47e        0x2 Src\stm32f4xx_it.o
                0x0800d47e                PendSV_Handler
 .text.SysTick_Handler
                0x0800d480        0x4 Src\stm32f4xx_it.o
                0x0800d480                SysTick_Handler
 .text._read    0x0800d484       0x1c Src\syscalls.o
                0x0800d484                _read
 .text._sbrk    0x0800d4a0       0x34 Src\syscalls.o
                0x0800d4a0                _sbrk
 .text._close   0x0800d4d4        0x6 Src\syscalls.o
                0x0800d4d4                _close
 .text._fstat   0x0800d4da        0xa Src\syscalls.o
                0x0800d4da                _fstat
 .text._isatty  0x0800d4e4        0x4 Src\syscalls.o
                0x0800d4e4                _isatty
 .text._lseek   0x0800d4e8        0x4 Src\syscalls.o
                0x0800d4e8                _lseek
 .text.SystemInit
                0x0800d4ec       0x4c Src\system_stm32f4xx.o
                0x0800d4ec                SystemInit
 .text.csEnable
                0x0800d538       0x10 Src\wizchip_init.o
                0x0800d538                csEnable
 .text.csDisable
                0x0800d548       0x10 Src\wizchip_init.o
                0x0800d548                csDisable
 .text.spiWriteByte
                0x0800d558       0x24 Src\wizchip_init.o
                0x0800d558                spiWriteByte
 .text.spiReadByte
                0x0800d57c       0x30 Src\wizchip_init.o
                0x0800d57c                spiReadByte
 .text.WIZCHIPInitialize
                0x0800d5ac       0x78 Src\wizchip_init.o
                0x0800d5ac                WIZCHIPInitialize
 .text.WIZCHIP_WRITE
                0x0800d624       0x3c ioLibrary_Driver\Ethernet\W5100S\w5100s.o
                0x0800d624                WIZCHIP_WRITE
 .text.WIZCHIP_READ
                0x0800d660       0x38 ioLibrary_Driver\Ethernet\W5100S\w5100s.o
                0x0800d660                WIZCHIP_READ
 .text.WIZCHIP_WRITE_BUF
                0x0800d698       0x4c ioLibrary_Driver\Ethernet\W5100S\w5100s.o
                0x0800d698                WIZCHIP_WRITE_BUF
 .text.WIZCHIP_READ_BUF
                0x0800d6e4       0x4c ioLibrary_Driver\Ethernet\W5100S\w5100s.o
                0x0800d6e4                WIZCHIP_READ_BUF
 .text.getSn_TX_FSR
                0x0800d730       0x40 ioLibrary_Driver\Ethernet\W5100S\w5100s.o
                0x0800d730                getSn_TX_FSR
 .text.getSn_RX_RSR
                0x0800d770       0x40 ioLibrary_Driver\Ethernet\W5100S\w5100s.o
                0x0800d770                getSn_RX_RSR
 .text.getSn_RxBASE
                0x0800d7b0       0x48 ioLibrary_Driver\Ethernet\W5100S\w5100s.o
                0x0800d7b0                getSn_RxBASE
 .text.getSn_TxBASE
                0x0800d7f8       0x48 ioLibrary_Driver\Ethernet\W5100S\w5100s.o
                0x0800d7f8                getSn_TxBASE
 .text.wiz_send_data
                0x0800d840       0xe4 ioLibrary_Driver\Ethernet\W5100S\w5100s.o
                0x0800d840                wiz_send_data
 .text.wiz_recv_data
                0x0800d924       0xe4 ioLibrary_Driver\Ethernet\W5100S\w5100s.o
                0x0800d924                wiz_recv_data
 .text.wiz_mdio_write
                0x0800da08       0x30 ioLibrary_Driver\Ethernet\W5100S\w5100s.o
                0x0800da08                wiz_mdio_write
 .text.wiz_mdio_read
                0x0800da38       0x32 ioLibrary_Driver\Ethernet\W5100S\w5100s.o
                0x0800da38                wiz_mdio_read
 *fill*         0x0800da6a        0x2 
 .text.close    0x0800da6c       0x74 ioLibrary_Driver\Ethernet\socket.o
                0x0800da6c                close
 .text.socket   0x0800dae0      0x110 ioLibrary_Driver\Ethernet\socket.o
                0x0800dae0                socket
 .text.connect  0x0800dbf0       0xf8 ioLibrary_Driver\Ethernet\socket.o
                0x0800dbf0                connect
 .text.send     0x0800dce8      0x124 ioLibrary_Driver\Ethernet\socket.o
                0x0800dce8                send
 .text.recv     0x0800de0c      0x104 ioLibrary_Driver\Ethernet\socket.o
                0x0800de0c                recv
 .text.wizchip_cs_deselect
                0x0800df10        0x2 ioLibrary_Driver\Ethernet\wizchip_conf.o
                0x0800df10                wizchip_cs_deselect
 .text.wizchip_bus_readdata
                0x0800df12        0x4 ioLibrary_Driver\Ethernet\wizchip_conf.o
                0x0800df12                wizchip_bus_readdata
 .text.wizchip_bus_writedata
                0x0800df16        0x4 ioLibrary_Driver\Ethernet\wizchip_conf.o
                0x0800df16                wizchip_bus_writedata
 .text.wizchip_spi_readbyte
                0x0800df1a        0x4 ioLibrary_Driver\Ethernet\wizchip_conf.o
                0x0800df1a                wizchip_spi_readbyte
 .text.wizchip_spi_writebyte
                0x0800df1e        0x2 ioLibrary_Driver\Ethernet\wizchip_conf.o
                0x0800df1e                wizchip_spi_writebyte
 .text.wizchip_cris_enter
                0x0800df20        0x2 ioLibrary_Driver\Ethernet\wizchip_conf.o
                0x0800df20                wizchip_cris_enter
 .text.wizchip_cris_exit
                0x0800df22        0x2 ioLibrary_Driver\Ethernet\wizchip_conf.o
                0x0800df22                wizchip_cris_exit
 .text.wizchip_cs_select
                0x0800df24        0x2 ioLibrary_Driver\Ethernet\wizchip_conf.o
                0x0800df24                wizchip_cs_select
 *fill*         0x0800df26        0x2 
 .text.reg_wizchip_cs_cbfunc
                0x0800df28       0x24 ioLibrary_Driver\Ethernet\wizchip_conf.o
                0x0800df28                reg_wizchip_cs_cbfunc
 .text.reg_wizchip_spi_cbfunc
                0x0800df4c       0x30 ioLibrary_Driver\Ethernet\wizchip_conf.o
                0x0800df4c                reg_wizchip_spi_cbfunc
 .text.wizchip_sw_reset
                0x0800df7c       0x6a ioLibrary_Driver\Ethernet\wizchip_conf.o
                0x0800df7c                wizchip_sw_reset
 .text.wizchip_init
                0x0800dfe6       0xd0 ioLibrary_Driver\Ethernet\wizchip_conf.o
                0x0800dfe6                wizchip_init
 .text.wizchip_clrinterrupt
                0x0800e0b6        0xa ioLibrary_Driver\Ethernet\wizchip_conf.o
                0x0800e0b6                wizchip_clrinterrupt
 .text.wizchip_getinterrupt
                0x0800e0c0        0xe ioLibrary_Driver\Ethernet\wizchip_conf.o
                0x0800e0c0                wizchip_getinterrupt
 .text.wizchip_setinterruptmask
                0x0800e0ce       0x10 ioLibrary_Driver\Ethernet\wizchip_conf.o
                0x0800e0ce                wizchip_setinterruptmask
 .text.wizchip_getinterruptmask
                0x0800e0de       0x16 ioLibrary_Driver\Ethernet\wizchip_conf.o
                0x0800e0de                wizchip_getinterruptmask
 .text.wizphy_getphylink
                0x0800e0f4        0xe ioLibrary_Driver\Ethernet\wizchip_conf.o
                0x0800e0f4                wizphy_getphylink
 .text.wizphy_reset
                0x0800e102       0x24 ioLibrary_Driver\Ethernet\wizchip_conf.o
                0x0800e102                wizphy_reset
 .text.wizphy_setphyconf
                0x0800e126       0x4a ioLibrary_Driver\Ethernet\wizchip_conf.o
                0x0800e126                wizphy_setphyconf
 .text.wizphy_getphyconf
                0x0800e170       0x30 ioLibrary_Driver\Ethernet\wizchip_conf.o
                0x0800e170                wizphy_getphyconf
 .text.wizphy_setphypmode
                0x0800e1a0       0x36 ioLibrary_Driver\Ethernet\wizchip_conf.o
                0x0800e1a0                wizphy_setphypmode
 *fill*         0x0800e1d6        0x2 
 .text.ctlwizchip
                0x0800e1d8       0xa8 ioLibrary_Driver\Ethernet\wizchip_conf.o
                0x0800e1d8                ctlwizchip
 .text.wizchip_setnetinfo
                0x0800e280       0x54 ioLibrary_Driver\Ethernet\wizchip_conf.o
                0x0800e280                wizchip_setnetinfo
 .text.wizchip_getnetinfo
                0x0800e2d4       0x54 ioLibrary_Driver\Ethernet\wizchip_conf.o
                0x0800e2d4                wizchip_getnetinfo
 .text.Reset_Handler
                0x0800e328       0x50 startup\startup_stm32f401xe.o
                0x0800e328                Reset_Handler
 .text.Default_Handler
                0x0800e378        0x2 startup\startup_stm32f401xe.o
                0x0800e378                RTC_Alarm_IRQHandler
                0x0800e378                EXTI2_IRQHandler
                0x0800e378                SPI4_IRQHandler
                0x0800e378                TIM1_CC_IRQHandler
                0x0800e378                DMA2_Stream5_IRQHandler
                0x0800e378                DMA1_Stream5_IRQHandler
                0x0800e378                PVD_IRQHandler
                0x0800e378                SDIO_IRQHandler
                0x0800e378                TAMP_STAMP_IRQHandler
                0x0800e378                EXTI3_IRQHandler
                0x0800e378                TIM1_UP_TIM10_IRQHandler
                0x0800e378                I2C3_ER_IRQHandler
                0x0800e378                EXTI0_IRQHandler
                0x0800e378                I2C2_EV_IRQHandler
                0x0800e378                DMA1_Stream2_IRQHandler
                0x0800e378                FPU_IRQHandler
                0x0800e378                DMA2_Stream2_IRQHandler
                0x0800e378                SPI1_IRQHandler
                0x0800e378                TIM1_BRK_TIM9_IRQHandler
                0x0800e378                DMA2_Stream3_IRQHandler
                0x0800e378                USART6_IRQHandler
                0x0800e378                DMA2_Stream0_IRQHandler
                0x0800e378                TIM4_IRQHandler
                0x0800e378                I2C1_EV_IRQHandler
                0x0800e378                DMA1_Stream6_IRQHandler
                0x0800e378                DMA1_Stream1_IRQHandler
                0x0800e378                TIM3_IRQHandler
                0x0800e378                RCC_IRQHandler
                0x0800e378                Default_Handler
                0x0800e378                EXTI15_10_IRQHandler
                0x0800e378                ADC_IRQHandler
                0x0800e378                DMA1_Stream7_IRQHandler
                0x0800e378                TIM5_IRQHandler
                0x0800e378                DMA2_Stream7_IRQHandler
                0x0800e378                I2C3_EV_IRQHandler
                0x0800e378                EXTI9_5_IRQHandler
                0x0800e378                RTC_WKUP_IRQHandler
                0x0800e378                SPI2_IRQHandler
                0x0800e378                DMA1_Stream0_IRQHandler
                0x0800e378                EXTI4_IRQHandler
                0x0800e378                WWDG_IRQHandler
                0x0800e378                TIM2_IRQHandler
                0x0800e378                OTG_FS_WKUP_IRQHandler
                0x0800e378                TIM1_TRG_COM_TIM11_IRQHandler
                0x0800e378                EXTI1_IRQHandler
                0x0800e378                USART2_IRQHandler
                0x0800e378                I2C2_ER_IRQHandler
                0x0800e378                DMA2_Stream1_IRQHandler
                0x0800e378                FLASH_IRQHandler
                0x0800e378                DMA2_Stream4_IRQHandler
                0x0800e378                USART1_IRQHandler
                0x0800e378                OTG_FS_IRQHandler
                0x0800e378                SPI3_IRQHandler
                0x0800e378                DMA1_Stream4_IRQHandler
                0x0800e378                I2C1_ER_IRQHandler
                0x0800e378                DMA2_Stream6_IRQHandler
                0x0800e378                DMA1_Stream3_IRQHandler
 *fill*         0x0800e37a        0x2 
 .text.calloc   0x0800e37c       0x10 c:/program files (x86)/atollic/truestudio for stm32 9.3.0/armtools/bin/../lib/gcc/arm-atollic-eabi/6.3.1/../../../../arm-atollic-eabi/lib/armv7e-m/fpu\libc_nano.a(lib_a-calloc.o)
                0x0800e37c                calloc
 .text.__errno  0x0800e38c        0xc c:/program files (x86)/atollic/truestudio for stm32 9.3.0/armtools/bin/../lib/gcc/arm-atollic-eabi/6.3.1/../../../../arm-atollic-eabi/lib/armv7e-m/fpu\libc_nano.a(lib_a-errno.o)
                0x0800e38c                __errno
 .text.__libc_init_array
                0x0800e398       0x48 c:/program files (x86)/atollic/truestudio for stm32 9.3.0/armtools/bin/../lib/gcc/arm-atollic-eabi/6.3.1/../../../../arm-atollic-eabi/lib/armv7e-m/fpu\libc_nano.a(lib_a-init.o)
                0x0800e398                __libc_init_array
 .text.malloc   0x0800e3e0       0x10 c:/program files (x86)/atollic/truestudio for stm32 9.3.0/armtools/bin/../lib/gcc/arm-atollic-eabi/6.3.1/../../../../arm-atollic-eabi/lib/armv7e-m/fpu\libc_nano.a(lib_a-malloc.o)
                0x0800e3e0                malloc
 .text.free     0x0800e3f0       0x10 c:/program files (x86)/atollic/truestudio for stm32 9.3.0/armtools/bin/../lib/gcc/arm-atollic-eabi/6.3.1/../../../../arm-atollic-eabi/lib/armv7e-m/fpu\libc_nano.a(lib_a-malloc.o)
                0x0800e3f0                free
 .text.memcmp   0x0800e400       0x1e c:/program files (x86)/atollic/truestudio for stm32 9.3.0/armtools/bin/../lib/gcc/arm-atollic-eabi/6.3.1/../../../../arm-atollic-eabi/lib/armv7e-m/fpu\libc_nano.a(lib_a-memcmp.o)
                0x0800e400                memcmp
 .text.memcpy   0x0800e41e       0x16 c:/program files (x86)/atollic/truestudio for stm32 9.3.0/armtools/bin/../lib/gcc/arm-atollic-eabi/6.3.1/../../../../arm-atollic-eabi/lib/armv7e-m/fpu\libc_nano.a(lib_a-memcpy-stub.o)
                0x0800e41e                memcpy
 .text.memmove  0x0800e434       0x34 c:/program files (x86)/atollic/truestudio for stm32 9.3.0/armtools/bin/../lib/gcc/arm-atollic-eabi/6.3.1/../../../../arm-atollic-eabi/lib/armv7e-m/fpu\libc_nano.a(lib_a-memmove.o)
                0x0800e434                memmove
 .text.memset   0x0800e468       0x10 c:/program files (x86)/atollic/truestudio for stm32 9.3.0/armtools/bin/../lib/gcc/arm-atollic-eabi/6.3.1/../../../../arm-atollic-eabi/lib/armv7e-m/fpu\libc_nano.a(lib_a-memset.o)
                0x0800e468                memset
 .text._calloc_r
                0x0800e478       0x1c c:/program files (x86)/atollic/truestudio for stm32 9.3.0/armtools/bin/../lib/gcc/arm-atollic-eabi/6.3.1/../../../../arm-atollic-eabi/lib/armv7e-m/fpu\libc_nano.a(lib_a-nano-callocr.o)
                0x0800e478                _calloc_r
 .text._free_r  0x0800e494       0x9c c:/program files (x86)/atollic/truestudio for stm32 9.3.0/armtools/bin/../lib/gcc/arm-atollic-eabi/6.3.1/../../../../arm-atollic-eabi/lib/armv7e-m/fpu\libc_nano.a(lib_a-nano-freer.o)
                0x0800e494                _free_r
 .text._malloc_r
                0x0800e530       0xbc c:/program files (x86)/atollic/truestudio for stm32 9.3.0/armtools/bin/../lib/gcc/arm-atollic-eabi/6.3.1/../../../../arm-atollic-eabi/lib/armv7e-m/fpu\libc_nano.a(lib_a-nano-mallocr.o)
                0x0800e530                _malloc_r
 .text.printf   0x0800e5ec       0x30 c:/program files (x86)/atollic/truestudio for stm32 9.3.0/armtools/bin/../lib/gcc/arm-atollic-eabi/6.3.1/../../../../arm-atollic-eabi/lib/armv7e-m/fpu\libc_nano.a(lib_a-printf.o)
                0x0800e5ec                iprintf
                0x0800e5ec                printf
 .text._puts_r  0x0800e61c       0xb8 c:/program files (x86)/atollic/truestudio for stm32 9.3.0/armtools/bin/../lib/gcc/arm-atollic-eabi/6.3.1/../../../../arm-atollic-eabi/lib/armv7e-m/fpu\libc_nano.a(lib_a-puts.o)
                0x0800e61c                _puts_r
 .text.puts     0x0800e6d4       0x10 c:/program files (x86)/atollic/truestudio for stm32 9.3.0/armtools/bin/../lib/gcc/arm-atollic-eabi/6.3.1/../../../../arm-atollic-eabi/lib/armv7e-m/fpu\libc_nano.a(lib_a-puts.o)
                0x0800e6d4                puts
 .text.srand    0x0800e6e4       0x50 c:/program files (x86)/atollic/truestudio for stm32 9.3.0/armtools/bin/../lib/gcc/arm-atollic-eabi/6.3.1/../../../../arm-atollic-eabi/lib/armv7e-m/fpu\libc_nano.a(lib_a-rand.o)
                0x0800e6e4                srand
 .text.rand     0x0800e734       0x74 c:/program files (x86)/atollic/truestudio for stm32 9.3.0/armtools/bin/../lib/gcc/arm-atollic-eabi/6.3.1/../../../../arm-atollic-eabi/lib/armv7e-m/fpu\libc_nano.a(lib_a-rand.o)
                0x0800e734                rand
 .text._sbrk_r  0x0800e7a8       0x20 c:/program files (x86)/atollic/truestudio for stm32 9.3.0/armtools/bin/../lib/gcc/arm-atollic-eabi/6.3.1/../../../../arm-atollic-eabi/lib/armv7e-m/fpu\libc_nano.a(lib_a-sbrkr.o)
                0x0800e7a8                _sbrk_r
 .text.snprintf
                0x0800e7c8       0x68 c:/program files (x86)/atollic/truestudio for stm32 9.3.0/armtools/bin/../lib/gcc/arm-atollic-eabi/6.3.1/../../../../arm-atollic-eabi/lib/armv7e-m/fpu\libc_nano.a(lib_a-snprintf.o)
                0x0800e7c8                sniprintf
                0x0800e7c8                snprintf
 .text.__sread  0x0800e830       0x22 c:/program files (x86)/atollic/truestudio for stm32 9.3.0/armtools/bin/../lib/gcc/arm-atollic-eabi/6.3.1/../../../../arm-atollic-eabi/lib/armv7e-m/fpu\libc_nano.a(lib_a-stdio.o)
                0x0800e830                __sread
 .text.__swrite
                0x0800e852       0x38 c:/program files (x86)/atollic/truestudio for stm32 9.3.0/armtools/bin/../lib/gcc/arm-atollic-eabi/6.3.1/../../../../arm-atollic-eabi/lib/armv7e-m/fpu\libc_nano.a(lib_a-stdio.o)
                0x0800e852                __swrite
 .text.__sseek  0x0800e88a       0x24 c:/program files (x86)/atollic/truestudio for stm32 9.3.0/armtools/bin/../lib/gcc/arm-atollic-eabi/6.3.1/../../../../arm-atollic-eabi/lib/armv7e-m/fpu\libc_nano.a(lib_a-stdio.o)
                0x0800e88a                __sseek
 .text.__sclose
                0x0800e8ae        0x8 c:/program files (x86)/atollic/truestudio for stm32 9.3.0/armtools/bin/../lib/gcc/arm-atollic-eabi/6.3.1/../../../../arm-atollic-eabi/lib/armv7e-m/fpu\libc_nano.a(lib_a-stdio.o)
                0x0800e8ae                __sclose
 .text.strncmp  0x0800e8b6       0x24 c:/program files (x86)/atollic/truestudio for stm32 9.3.0/armtools/bin/../lib/gcc/arm-atollic-eabi/6.3.1/../../../../arm-atollic-eabi/lib/armv7e-m/fpu\libc_nano.a(lib_a-strncmp.o)
                0x0800e8b6                strncmp
 .text.strstr   0x0800e8da       0x36 c:/program files (x86)/atollic/truestudio for stm32 9.3.0/armtools/bin/../lib/gcc/arm-atollic-eabi/6.3.1/../../../../arm-atollic-eabi/lib/armv7e-m/fpu\libc_nano.a(lib_a-strstr.o)
                0x0800e8da                strstr
 .text._vsnprintf_r
                0x0800e910       0x58 c:/program files (x86)/atollic/truestudio for stm32 9.3.0/armtools/bin/../lib/gcc/arm-atollic-eabi/6.3.1/../../../../arm-atollic-eabi/lib/armv7e-m/fpu\libc_nano.a(lib_a-vsnprintf.o)
                0x0800e910                _vsniprintf_r
                0x0800e910                _vsnprintf_r
 .text.vsnprintf
                0x0800e968       0x1c c:/program files (x86)/atollic/truestudio for stm32 9.3.0/armtools/bin/../lib/gcc/arm-atollic-eabi/6.3.1/../../../../arm-atollic-eabi/lib/armv7e-m/fpu\libc_nano.a(lib_a-vsnprintf.o)
                0x0800e968                vsniprintf
                0x0800e968                vsnprintf
 .text.__swbuf_r
                0x0800e984       0xa4 c:/program files (x86)/atollic/truestudio for stm32 9.3.0/armtools/bin/../lib/gcc/arm-atollic-eabi/6.3.1/../../../../arm-atollic-eabi/lib/armv7e-m/fpu\libc_nano.a(lib_a-wbuf.o)
                0x0800e984                __swbuf_r
 .text._write_r
                0x0800ea28       0x24 c:/program files (x86)/atollic/truestudio for stm32 9.3.0/armtools/bin/../lib/gcc/arm-atollic-eabi/6.3.1/../../../../arm-atollic-eabi/lib/armv7e-m/fpu\libc_nano.a(lib_a-writer.o)
                0x0800ea28                _write_r
 .text.__swsetup_r
                0x0800ea4c       0xdc c:/program files (x86)/atollic/truestudio for stm32 9.3.0/armtools/bin/../lib/gcc/arm-atollic-eabi/6.3.1/../../../../arm-atollic-eabi/lib/armv7e-m/fpu\libc_nano.a(lib_a-wsetup.o)
                0x0800ea4c                __swsetup_r
 .text._close_r
                0x0800eb28       0x20 c:/program files (x86)/atollic/truestudio for stm32 9.3.0/armtools/bin/../lib/gcc/arm-atollic-eabi/6.3.1/../../../../arm-atollic-eabi/lib/armv7e-m/fpu\libc_nano.a(lib_a-closer.o)
                0x0800eb28                _close_r
 .text.__sflush_r
                0x0800eb48      0x110 c:/program files (x86)/atollic/truestudio for stm32 9.3.0/armtools/bin/../lib/gcc/arm-atollic-eabi/6.3.1/../../../../arm-atollic-eabi/lib/armv7e-m/fpu\libc_nano.a(lib_a-fflush.o)
                0x0800eb48                __sflush_r
 .text._fflush_r
                0x0800ec58       0x54 c:/program files (x86)/atollic/truestudio for stm32 9.3.0/armtools/bin/../lib/gcc/arm-atollic-eabi/6.3.1/../../../../arm-atollic-eabi/lib/armv7e-m/fpu\libc_nano.a(lib_a-fflush.o)
                0x0800ec58                _fflush_r
 .text._cleanup_r
                0x0800ecac        0xc c:/program files (x86)/atollic/truestudio for stm32 9.3.0/armtools/bin/../lib/gcc/arm-atollic-eabi/6.3.1/../../../../arm-atollic-eabi/lib/armv7e-m/fpu\libc_nano.a(lib_a-findfp.o)
                0x0800ecac                _cleanup_r
 .text.std.isra.0
                0x0800ecb8       0x48 c:/program files (x86)/atollic/truestudio for stm32 9.3.0/armtools/bin/../lib/gcc/arm-atollic-eabi/6.3.1/../../../../arm-atollic-eabi/lib/armv7e-m/fpu\libc_nano.a(lib_a-findfp.o)
 .text.__sfmoreglue
                0x0800ed00       0x2c c:/program files (x86)/atollic/truestudio for stm32 9.3.0/armtools/bin/../lib/gcc/arm-atollic-eabi/6.3.1/../../../../arm-atollic-eabi/lib/armv7e-m/fpu\libc_nano.a(lib_a-findfp.o)
                0x0800ed00                __sfmoreglue
 .text.__sinit  0x0800ed2c       0x60 c:/program files (x86)/atollic/truestudio for stm32 9.3.0/armtools/bin/../lib/gcc/arm-atollic-eabi/6.3.1/../../../../arm-atollic-eabi/lib/armv7e-m/fpu\libc_nano.a(lib_a-findfp.o)
                0x0800ed2c                __sinit
 .text.__sfp    0x0800ed8c       0x78 c:/program files (x86)/atollic/truestudio for stm32 9.3.0/armtools/bin/../lib/gcc/arm-atollic-eabi/6.3.1/../../../../arm-atollic-eabi/lib/armv7e-m/fpu\libc_nano.a(lib_a-findfp.o)
                0x0800ed8c                __sfp
 .text._fwalk_reent
                0x0800ee04       0x3c c:/program files (x86)/atollic/truestudio for stm32 9.3.0/armtools/bin/../lib/gcc/arm-atollic-eabi/6.3.1/../../../../arm-atollic-eabi/lib/armv7e-m/fpu\libc_nano.a(lib_a-fwalk.o)
                0x0800ee04                _fwalk_reent
 .text._lseek_r
                0x0800ee40       0x24 c:/program files (x86)/atollic/truestudio for stm32 9.3.0/armtools/bin/../lib/gcc/arm-atollic-eabi/6.3.1/../../../../arm-atollic-eabi/lib/armv7e-m/fpu\libc_nano.a(lib_a-lseekr.o)
                0x0800ee40                _lseek_r
 .text.__swhatbuf_r
                0x0800ee64       0x48 c:/program files (x86)/atollic/truestudio for stm32 9.3.0/armtools/bin/../lib/gcc/arm-atollic-eabi/6.3.1/../../../../arm-atollic-eabi/lib/armv7e-m/fpu\libc_nano.a(lib_a-makebuf.o)
                0x0800ee64                __swhatbuf_r
 .text.__smakebuf_r
                0x0800eeac       0x80 c:/program files (x86)/atollic/truestudio for stm32 9.3.0/armtools/bin/../lib/gcc/arm-atollic-eabi/6.3.1/../../../../arm-atollic-eabi/lib/armv7e-m/fpu\libc_nano.a(lib_a-makebuf.o)
                0x0800eeac                __smakebuf_r
 .text.__malloc_lock
                0x0800ef2c        0x2 c:/program files (x86)/atollic/truestudio for stm32 9.3.0/armtools/bin/../lib/gcc/arm-atollic-eabi/6.3.1/../../../../arm-atollic-eabi/lib/armv7e-m/fpu\libc_nano.a(lib_a-mlock.o)
                0x0800ef2c                __malloc_lock
 .text.__malloc_unlock
                0x0800ef2e        0x2 c:/program files (x86)/atollic/truestudio for stm32 9.3.0/armtools/bin/../lib/gcc/arm-atollic-eabi/6.3.1/../../../../arm-atollic-eabi/lib/armv7e-m/fpu\libc_nano.a(lib_a-mlock.o)
                0x0800ef2e                __malloc_unlock
 .text.__ssputs_r
                0x0800ef30       0xb6 c:/program files (x86)/atollic/truestudio for stm32 9.3.0/armtools/bin/../lib/gcc/arm-atollic-eabi/6.3.1/../../../../arm-atollic-eabi/lib/armv7e-m/fpu\libc_nano.a(lib_a-nano-svfprintf.o)
                0x0800ef30                __ssputs_r
 *fill*         0x0800efe6        0x2 
 .text._svfprintf_r
                0x0800efe8      0x1e8 c:/program files (x86)/atollic/truestudio for stm32 9.3.0/armtools/bin/../lib/gcc/arm-atollic-eabi/6.3.1/../../../../arm-atollic-eabi/lib/armv7e-m/fpu\libc_nano.a(lib_a-nano-svfprintf.o)
                0x0800efe8                _svfiprintf_r
                0x0800efe8                _svfprintf_r
 .text.__sfputc_r
                0x0800f1d0       0x30 c:/program files (x86)/atollic/truestudio for stm32 9.3.0/armtools/bin/../lib/gcc/arm-atollic-eabi/6.3.1/../../../../arm-atollic-eabi/lib/armv7e-m/fpu\libc_nano.a(lib_a-nano-vfprintf.o)
 .text.__sfputs_r
                0x0800f200       0x24 c:/program files (x86)/atollic/truestudio for stm32 9.3.0/armtools/bin/../lib/gcc/arm-atollic-eabi/6.3.1/../../../../arm-atollic-eabi/lib/armv7e-m/fpu\libc_nano.a(lib_a-nano-vfprintf.o)
                0x0800f200                __sfputs_r
 .text._vfprintf_r
                0x0800f224      0x22c c:/program files (x86)/atollic/truestudio for stm32 9.3.0/armtools/bin/../lib/gcc/arm-atollic-eabi/6.3.1/../../../../arm-atollic-eabi/lib/armv7e-m/fpu\libc_nano.a(lib_a-nano-vfprintf.o)
                0x0800f224                _vfprintf_r
                0x0800f224                _vfiprintf_r
 .text._printf_common
                0x0800f450       0xec c:/program files (x86)/atollic/truestudio for stm32 9.3.0/armtools/bin/../lib/gcc/arm-atollic-eabi/6.3.1/../../../../arm-atollic-eabi/lib/armv7e-m/fpu\libc_nano.a(lib_a-nano-vfprintf_i.o)
                0x0800f450                _printf_common
 .text._printf_i
                0x0800f53c      0x240 c:/program files (x86)/atollic/truestudio for stm32 9.3.0/armtools/bin/../lib/gcc/arm-atollic-eabi/6.3.1/../../../../arm-atollic-eabi/lib/armv7e-m/fpu\libc_nano.a(lib_a-nano-vfprintf_i.o)
                0x0800f53c                _printf_i
 .text._read_r  0x0800f77c       0x24 c:/program files (x86)/atollic/truestudio for stm32 9.3.0/armtools/bin/../lib/gcc/arm-atollic-eabi/6.3.1/../../../../arm-atollic-eabi/lib/armv7e-m/fpu\libc_nano.a(lib_a-readr.o)
                0x0800f77c                _read_r
 .text._fstat_r
                0x0800f7a0       0x24 c:/program files (x86)/atollic/truestudio for stm32 9.3.0/armtools/bin/../lib/gcc/arm-atollic-eabi/6.3.1/../../../../arm-atollic-eabi/lib/armv7e-m/fpu\libc_nano.a(lib_a-fstatr.o)
                0x0800f7a0                _fstat_r
 .text._isatty_r
                0x0800f7c4       0x20 c:/program files (x86)/atollic/truestudio for stm32 9.3.0/armtools/bin/../lib/gcc/arm-atollic-eabi/6.3.1/../../../../arm-atollic-eabi/lib/armv7e-m/fpu\libc_nano.a(lib_a-isattyr.o)
                0x0800f7c4                _isatty_r
 .text._realloc_r
                0x0800f7e4       0x4c c:/program files (x86)/atollic/truestudio for stm32 9.3.0/armtools/bin/../lib/gcc/arm-atollic-eabi/6.3.1/../../../../arm-atollic-eabi/lib/armv7e-m/fpu\libc_nano.a(lib_a-nano-reallocr.o)
                0x0800f7e4                _realloc_r
 .text._malloc_usable_size_r
                0x0800f830       0x12 c:/program files (x86)/atollic/truestudio for stm32 9.3.0/armtools/bin/../lib/gcc/arm-atollic-eabi/6.3.1/../../../../arm-atollic-eabi/lib/armv7e-m/fpu\libc_nano.a(lib_a-nano-msizer.o)
                0x0800f830                _malloc_usable_size_r
 *(.glue_7)
 .glue_7        0x0800f842        0x0 linker stubs
 *(.glue_7t)
 .glue_7t       0x0800f842        0x0 linker stubs
 *(.eh_frame)
 *fill*         0x0800f842        0x2 
 .eh_frame      0x0800f844        0x0 c:/program files (x86)/atollic/truestudio for stm32 9.3.0/armtools/bin/../lib/gcc/arm-atollic-eabi/6.3.1/armv7e-m/fpu/crtbegin.o
 *(.init)
 .init          0x0800f844        0x4 c:/program files (x86)/atollic/truestudio for stm32 9.3.0/armtools/bin/../lib/gcc/arm-atollic-eabi/6.3.1/armv7e-m/fpu/crti.o
                0x0800f844                _init
 .init          0x0800f848        0x8 c:/program files (x86)/atollic/truestudio for stm32 9.3.0/armtools/bin/../lib/gcc/arm-atollic-eabi/6.3.1/armv7e-m/fpu/crtn.o
 *(.fini)
 .fini          0x0800f850        0x4 c:/program files (x86)/atollic/truestudio for stm32 9.3.0/armtools/bin/../lib/gcc/arm-atollic-eabi/6.3.1/armv7e-m/fpu/crti.o
                0x0800f850                _fini
 .fini          0x0800f854        0x8 c:/program files (x86)/atollic/truestudio for stm32 9.3.0/armtools/bin/../lib/gcc/arm-atollic-eabi/6.3.1/armv7e-m/fpu/crtn.o
                0x0800f85c                . = ALIGN (0x4)
                0x0800f85c                _etext = .

.vfp11_veneer   0x0800f85c        0x0
 .vfp11_veneer  0x0800f85c        0x0 linker stubs

.v4_bx          0x0800f85c        0x0
 .v4_bx         0x0800f85c        0x0 linker stubs

.iplt           0x0800f85c        0x0
 .iplt          0x0800f85c        0x0 c:/program files (x86)/atollic/truestudio for stm32 9.3.0/armtools/bin/../lib/gcc/arm-atollic-eabi/6.3.1/armv7e-m/fpu/crtbegin.o

.rodata         0x0800f85c     0x4e54
                0x0800f85c                . = ALIGN (0x4)
 *(.rodata)
 .rodata        0x0800f85c       0x36 Drivers\TLS\mbedtls\library\rsa_internal.o
 .rodata        0x0800f892        0x8 Src\wizchip_init.o
 *(.rodata*)
 .rodata.WIZnetDebugCB.str1.1
                0x0800f89a        0x5 Drivers\TLS\SSLInterface.o
 .rodata.WIZnetRecv.str1.1
                0x0800f89f       0x1b Drivers\TLS\SSLInterface.o
 .rodata.WIZnetSend.str1.1
                0x0800f8ba       0x18 Drivers\TLS\SSLInterface.o
 .rodata.self_signed_certificate
                0x0800f8d2      0x4c9 Drivers\TLS\SSLInterface.o
                0x0800f8d2                self_signed_certificate
 .rodata.wiz_tls_connect.str1.1
                0x0800fd9b       0xdd Drivers\TLS\SSLInterface.o
 .rodata.wiz_tls_init.str1.1
                0x0800fe78       0x6f Drivers\TLS\SSLInterface.o
 .rodata.base64_dec_map
                0x0800fee7       0x80 Drivers\TLS\mbedtls\library\base64.o
 *fill*         0x0800ff67        0x1 
 .rodata.aes_128_cbc_info
                0x0800ff68       0x1c Drivers\TLS\mbedtls\library\cipher_wrap.o
 .rodata.aes_128_ecb_info
                0x0800ff84       0x1c Drivers\TLS\mbedtls\library\cipher_wrap.o
 .rodata.aes_192_cbc_info
                0x0800ffa0       0x1c Drivers\TLS\mbedtls\library\cipher_wrap.o
 .rodata.aes_192_ecb_info
                0x0800ffbc       0x1c Drivers\TLS\mbedtls\library\cipher_wrap.o
 .rodata.aes_256_cbc_info
                0x0800ffd8       0x1c Drivers\TLS\mbedtls\library\cipher_wrap.o
 .rodata.aes_256_ecb_info
                0x0800fff4       0x1c Drivers\TLS\mbedtls\library\cipher_wrap.o
 .rodata.aes_info
                0x08010010       0x1c Drivers\TLS\mbedtls\library\cipher_wrap.o
 .rodata.mbedtls_cipher_definitions
                0x0801002c       0x38 Drivers\TLS\mbedtls\library\cipher_wrap.o
                0x0801002c                mbedtls_cipher_definitions
 .rodata.str1.1
                0x08010064       0x48 Drivers\TLS\mbedtls\library\cipher_wrap.o
 .rodata.mbedtls_debug_print_buf.str1.1
                0x080100ac       0x2a Drivers\TLS\mbedtls\library\debug.o
 .rodata.mbedtls_debug_print_crt.str1.1
                0x080100d6       0x3b Drivers\TLS\mbedtls\library\debug.o
                                 0x3c (size before relaxing)
 .rodata.mbedtls_debug_print_mpi.part.1.str1.1
                0x08010111       0x27 Drivers\TLS\mbedtls\library\debug.o
                                 0x29 (size before relaxing)
 .rodata.mbedtls_debug_print_ret.str1.1
                0x08010138       0x1c Drivers\TLS\mbedtls\library\debug.o
 .rodata.mbedtls_strerror.str1.1
                0x08010154     0x1db8 Drivers\TLS\mbedtls\library\error.o
                               0x1dbc (size before relaxing)
 .rodata.mbedtls_sha224_info
                0x08011f0c       0x30 Drivers\TLS\mbedtls\library\md_wrap.o
                0x08011f0c                mbedtls_sha224_info
 .rodata.mbedtls_sha256_info
                0x08011f3c       0x30 Drivers\TLS\mbedtls\library\md_wrap.o
                0x08011f3c                mbedtls_sha256_info
 .rodata.str1.1
                0x08011f6c     0x1db8 Drivers\TLS\mbedtls\library\md_wrap.o
                                  0xe (size before relaxing)
 .rodata.oid_ext_key_usage
                0x08011f6c       0x70 Drivers\TLS\mbedtls\library\oid.o
 .rodata.oid_md_alg
                0x08011fdc       0x3c Drivers\TLS\mbedtls\library\oid.o
 .rodata.oid_pk_alg
                0x08012018       0x50 Drivers\TLS\mbedtls\library\oid.o
 .rodata.oid_sig_alg
                0x08012068       0x50 Drivers\TLS\mbedtls\library\oid.o
 .rodata.oid_x509_ext
                0x080120b8       0x78 Drivers\TLS\mbedtls\library\oid.o
 .rodata.oid_x520_attr_type
                0x08012130      0x190 Drivers\TLS\mbedtls\library\oid.o
 .rodata.str1.1
                0x080122c0      0x619 Drivers\TLS\mbedtls\library\oid.o
                                0x6a7 (size before relaxing)
 .rodata.mbedtls_pem_read_buffer.str1.1
                0x080128d9       0x17 Drivers\TLS\mbedtls\library\pem.o
 .rodata.mbedtls_pk_get_name.str1.1
                0x080128f0        0xb Drivers\TLS\mbedtls\library\pk.o
 *fill*         0x080128fb        0x1 
 .rodata.mbedtls_rsa_info
                0x080128fc       0x30 Drivers\TLS\mbedtls\library\pk_wrap.o
                0x080128fc                mbedtls_rsa_info
 .rodata.rsa_debug.str1.1
                0x0801292c        0xc Drivers\TLS\mbedtls\library\pk_wrap.o
 .rodata.str1.1
                0x08012938        0x4 Drivers\TLS\mbedtls\library\pk_wrap.o
 .rodata.K      0x08012938      0x100 Drivers\TLS\mbedtls\library\sha256.o
 .rodata.sha256_padding
                0x08012a38       0x40 Drivers\TLS\mbedtls\library\sha256.o
 .rodata.ciphersuite_definitions
                0x08012a78       0x60 Drivers\TLS\mbedtls\library\ssl_ciphersuites.o
 .rodata.ciphersuite_preference
                0x08012ad8       0x10 Drivers\TLS\mbedtls\library\ssl_ciphersuites.o
 .rodata.mbedtls_ssl_get_ciphersuite_name.str1.1
                0x08012ae8        0xc Drivers\TLS\mbedtls\library\ssl_ciphersuites.o
                                  0x8 (size before relaxing)
 .rodata.str1.1
                0x08012ae8       0x40 Drivers\TLS\mbedtls\library\ssl_ciphersuites.o
                                 0x41 (size before relaxing)
 .rodata.mbedtls_ssl_handshake_client_step.str1.1
                0x08012b28      0x889 Drivers\TLS\mbedtls\library\ssl_cli.o
                                0x8b0 (size before relaxing)
 .rodata.mbedtls_ssl_close_notify.str1.1
                0x080133b1       0x4b Drivers\TLS\mbedtls\library\ssl_tls.o
 .rodata.mbedtls_ssl_derive_keys.str1.1
                0x080133fc      0x143 Drivers\TLS\mbedtls\library\ssl_tls.o
                                0x172 (size before relaxing)
 .rodata.mbedtls_ssl_fetch_input.str1.1
                0x0801353f       0xb6 Drivers\TLS\mbedtls\library\ssl_tls.o
 .rodata.mbedtls_ssl_flush_output.str1.1
                0x080135f5       0x71 Drivers\TLS\mbedtls\library\ssl_tls.o
 .rodata.mbedtls_ssl_free.str1.1
                0x08013666       0x10 Drivers\TLS\mbedtls\library\ssl_tls.o
 .rodata.mbedtls_ssl_handle_message_type.str1.1
                0x08013676       0x73 Drivers\TLS\mbedtls\library\ssl_tls.o