Archive member included to satisfy reference by file (symbol)

c:/program files (x86)/atollic/truestudio for stm32 9.3.0/armtools/bin/../lib/gcc/arm-atollic-eabi/6.3.1/../../../../arm-atollic-eabi/lib/armv7e-m/fpu\libc_nano.a(lib_a-atoi.o)
                              ioLibrary_Driver\Internet\FTPClient\ftpc.o (atoi)
c:/program files (x86)/atollic/truestudio for stm32 9.3.0/armtools/bin/../lib/gcc/arm-atollic-eabi/6.3.1/../../../../arm-atollic-eabi/lib/armv7e-m/fpu\libc_nano.a(lib_a-calloc.o)
                              ioLibrary_Driver\Internet\TLS\mbedtls\library\asn1parse.o (calloc)
c:/program files (x86)/atollic/truestudio for stm32 9.3.0/armtools/bin/../lib/gcc/arm-atollic-eabi/6.3.1/../../../../arm-atollic-eabi/lib/armv7e-m/fpu\libc_nano.a(lib_a-errno.o)
                              Src\syscalls.o (__errno)
c:/program files (x86)/atollic/truestudio for stm32 9.3.0/armtools/bin/../lib/gcc/arm-atollic-eabi/6.3.1/../../../../arm-atollic-eabi/lib/armv7e-m/fpu\libc_nano.a(lib_a-impure.o)
                              ioLibrary_Driver\Internet\TLS\SSLInterface.o (_impure_ptr)
c:/program files (x86)/atollic/truestudio for stm32 9.3.0/armtools/bin/../lib/gcc/arm-atollic-eabi/6.3.1/../../../../arm-atollic-eabi/lib/armv7e-m/fpu\libc_nano.a(lib_a-init.o)
                              startup\startup_stm32f401xe.o (__libc_init_array)
c:/program files (x86)/atollic/truestudio for stm32 9.3.0/armtools/bin/../lib/gcc/arm-atollic-eabi/6.3.1/../../../../arm-atollic-eabi/lib/armv7e-m/fpu\libc_nano.a(lib_a-locale.o)
                              ioLibrary_Driver\Internet\FTPServer\ftpd.o (__locale_ctype_ptr)
c:/program files (x86)/atollic/truestudio for stm32 9.3.0/armtools/bin/../lib/gcc/arm-atollic-eabi/6.3.1/../../../../arm-atollic-eabi/lib/armv7e-m/fpu\libc_nano.a(lib_a-malloc.o)
                              ioLibrary_Driver\Internet\TLS\SSLInterface.o (malloc)
c:/program files (x86)/atollic/truestudio for stm32 9.3.0/armtools/bin/../lib/gcc/arm-atollic-eabi/6.3.1/../../../../arm-atollic-eabi/lib/armv7e-m/fpu\libc_nano.a(lib_a-mbtowc_r.o)
                              c:/program files (x86)/atollic/truestudio for stm32 9.3.0/armtools/bin/../lib/gcc/arm-atollic-eabi/6.3.1/../../../../arm-atollic-eabi/lib/armv7e-m/fpu\libc_nano.a(lib_a-locale.o) (__ascii_mbtowc)
c:/program files (x86)/atollic/truestudio for stm32 9.3.0/armtools/bin/../lib/gcc/arm-atollic-eabi/6.3.1/../../../../arm-atollic-eabi/lib/armv7e-m/fpu\libc_nano.a(lib_a-memcmp.o)
                              ioLibrary_Driver\Internet\MQTT\MQTTPacket\src\MQTTConnectServer.o (memcmp)
c:/program files (x86)/atollic/truestudio for stm32 9.3.0/armtools/bin/../lib/gcc/arm-atollic-eabi/6.3.1/../../../../arm-atollic-eabi/lib/armv7e-m/fpu\libc_nano.a(lib_a-memcpy-stub.o)
                              ioLibrary_Driver\Internet\MQTT\MQTTClient.o (memcpy)
c:/program files (x86)/atollic/truestudio for stm32 9.3.0/armtools/bin/../lib/gcc/arm-atollic-eabi/6.3.1/../../../../arm-atollic-eabi/lib/armv7e-m/fpu\libc_nano.a(lib_a-memmove.o)
                              ioLibrary_Driver\Internet\TLS\mbedtls\library\ssl_tls.o (memmove)
c:/program files (x86)/atollic/truestudio for stm32 9.3.0/armtools/bin/../lib/gcc/arm-atollic-eabi/6.3.1/../../../../arm-atollic-eabi/lib/armv7e-m/fpu\libc_nano.a(lib_a-memset.o)
                              Src\main.o (memset)
c:/program files (x86)/atollic/truestudio for stm32 9.3.0/armtools/bin/../lib/gcc/arm-atollic-eabi/6.3.1/../../../../arm-atollic-eabi/lib/armv7e-m/fpu\libc_nano.a(lib_a-nano-callocr.o)
                              c:/program files (x86)/atollic/truestudio for stm32 9.3.0/armtools/bin/../lib/gcc/arm-atollic-eabi/6.3.1/../../../../arm-atollic-eabi/lib/armv7e-m/fpu\libc_nano.a(lib_a-calloc.o) (_calloc_r)
c:/program files (x86)/atollic/truestudio for stm32 9.3.0/armtools/bin/../lib/gcc/arm-atollic-eabi/6.3.1/../../../../arm-atollic-eabi/lib/armv7e-m/fpu\libc_nano.a(lib_a-nano-freer.o)
                              c:/program files (x86)/atollic/truestudio for stm32 9.3.0/armtools/bin/../lib/gcc/arm-atollic-eabi/6.3.1/../../../../arm-atollic-eabi/lib/armv7e-m/fpu\libc_nano.a(lib_a-malloc.o) (_free_r)
c:/program files (x86)/atollic/truestudio for stm32 9.3.0/armtools/bin/../lib/gcc/arm-atollic-eabi/6.3.1/../../../../arm-atollic-eabi/lib/armv7e-m/fpu\libc_nano.a(lib_a-nano-mallocr.o)
                              c:/program files (x86)/atollic/truestudio for stm32 9.3.0/armtools/bin/../lib/gcc/arm-atollic-eabi/6.3.1/../../../../arm-atollic-eabi/lib/armv7e-m/fpu\libc_nano.a(lib_a-malloc.o) (_malloc_r)
c:/program files (x86)/atollic/truestudio for stm32 9.3.0/armtools/bin/../lib/gcc/arm-atollic-eabi/6.3.1/../../../../arm-atollic-eabi/lib/armv7e-m/fpu\libc_nano.a(lib_a-printf.o)
                              Src\HexTrans.o (printf)
c:/program files (x86)/atollic/truestudio for stm32 9.3.0/armtools/bin/../lib/gcc/arm-atollic-eabi/6.3.1/../../../../arm-atollic-eabi/lib/armv7e-m/fpu\libc_nano.a(lib_a-putchar.o)
[...]
Memory Configuration

Name             Origin             Length             Attributes
FLASH            0x08000000         0x00080000         xr
RAM              0x20000000         0x00018000         xrw
MEMORY_B1        0x60000000         0x00000000         xr
CCMRAM           0x10000000         0x00010000         rw
*default*        0x00000000         0xffffffff

Linker script and memory map

LOAD c:/program files (x86)/atollic/truestudio for stm32 9.3.0/armtools/bin/../lib/gcc/arm-atollic-eabi/6.3.1/armv7e-m/fpu/crti.o
LOAD c:/program files (x86)/atollic/truestudio for stm32 9.3.0/armtools/bin/../lib/gcc/arm-atollic-eabi/6.3.1/armv7e-m/fpu/crtbegin.o
LOAD Drivers\STM32F4xx_HAL_Driver\Src\stm32f4xx_hal.o
LOAD Drivers\STM32F4xx_HAL_Driver\Src\stm32f4xx_hal_cortex.o
LOAD Drivers\STM32F4xx_HAL_Driver\Src\stm32f4xx_hal_dma.o
LOAD Drivers\STM32F4xx_HAL_Driver\Src\stm32f4xx_hal_dma_ex.o
LOAD Drivers\STM32F4xx_HAL_Driver\Src\stm32f4xx_hal_exti.o
LOAD Drivers\STM32F4xx_HAL_Driver\Src\stm32f4xx_hal_flash.o
LOAD Drivers\STM32F4xx_HAL_Driver\Src\stm32f4xx_hal_flash_ex.o
LOAD Drivers\STM32F4xx_HAL_Driver\Src\stm32f4xx_hal_flash_ramfunc.o
LOAD Drivers\STM32F4xx_HAL_Driver\Src\stm32f4xx_hal_gpio.o
LOAD Drivers\STM32F4xx_HAL_Driver\Src\stm32f4xx_hal_pwr.o
LOAD Drivers\STM32F4xx_HAL_Driver\Src\stm32f4xx_hal_pwr_ex.o
LOAD Drivers\STM32F4xx_HAL_Driver\Src\stm32f4xx_hal_rcc.o
LOAD Drivers\STM32F4xx_HAL_Driver\Src\stm32f4xx_hal_rcc_ex.o
LOAD Drivers\STM32F4xx_HAL_Driver\Src\stm32f4xx_hal_spi.o
LOAD Drivers\STM32F4xx_HAL_Driver\Src\stm32f4xx_hal_tim.o
LOAD Drivers\STM32F4xx_HAL_Driver\Src\stm32f4xx_hal_tim_ex.o
LOAD Drivers\STM32F4xx_HAL_Driver\Src\stm32f4xx_hal_uart.o
LOAD Src\HexTrans.o
LOAD Src\main.o
LOAD Src\stm32f4xx_hal_msp.o
LOAD Src\stm32f4xx_it.o
LOAD Src\syscalls.o
LOAD Src\system_stm32f4xx.o
LOAD Src\wizchip_init.o
LOAD ioLibrary_Driver\Application\loopback\loopback.o
LOAD ioLibrary_Driver\Application\multicast\multicast.o
LOAD ioLibrary_Driver\Ethernet\W5100\w5100.o
LOAD ioLibrary_Driver\Ethernet\W5100S\w5100s.o
LOAD ioLibrary_Driver\Ethernet\W5200\w5200.o
LOAD ioLibrary_Driver\Ethernet\W5300\w5300.o
LOAD ioLibrary_Driver\Ethernet\W5500\w5500.o
LOAD ioLibrary_Driver\Ethernet\socket.o
LOAD ioLibrary_Driver\Ethernet\wizchip_conf.o
LOAD ioLibrary_Driver\Internet\DHCP\dhcp.o
LOAD ioLibrary_Driver\Internet\DNS\dns.o
LOAD ioLibrary_Driver\Internet\FTPClient\ftpc.o
LOAD ioLibrary_Driver\Internet\FTPServer\ftpd.o
LOAD ioLibrary_Driver\Internet\MQTT\MQTTClient.o
LOAD ioLibrary_Driver\Internet\MQTT\MQTTPacket\src\MQTTConnectClient.o
LOAD ioLibrary_Driver\Internet\MQTT\MQTTPacket\src\MQTTConnectServer.o
LOAD ioLibrary_Driver\Internet\MQTT\MQTTPacket\src\MQTTDeserializePublish.o
LOAD ioLibrary_Driver\Internet\MQTT\MQTTPacket\src\MQTTFormat.o
LOAD ioLibrary_Driver\Internet\MQTT\MQTTPacket\src\MQTTPacket.o
LOAD ioLibrary_Driver\Internet\MQTT\MQTTPacket\src\MQTTSerializePublish.o
LOAD ioLibrary_Driver\Internet\MQTT\MQTTPacket\src\MQTTSubscribeClient.o
LOAD ioLibrary_Driver\Internet\MQTT\MQTTPacket\src\MQTTSubscribeServer.o
LOAD ioLibrary_Driver\Internet\MQTT\MQTTPacket\src\MQTTUnsubscribeClient.o
LOAD ioLibrary_Driver\Internet\MQTT\MQTTPacket\src\MQTTUnsubscribeServer.o
LOAD ioLibrary_Driver\Internet\MQTT\mqtt_interface.o
LOAD ioLibrary_Driver\Internet\SNMP\snmp.o
LOAD ioLibrary_Driver\Internet\SNMP\snmp_custom.o
LOAD ioLibrary_Driver\Internet\SNTP\sntp.o
LOAD ioLibrary_Driver\Internet\TFTP\netutil.o
LOAD ioLibrary_Driver\Internet\TFTP\tftp.o
LOAD ioLibrary_Driver\Internet\TLS\SSLInterface.o
LOAD ioLibrary_Driver\Internet\TLS\SSL_Random.o
LOAD ioLibrary_Driver\Internet\TLS\mbedtls\library\aes.o
LOAD ioLibrary_Driver\Internet\TLS\mbedtls\library\aesni.o
LOAD ioLibrary_Driver\Internet\TLS\mbedtls\library\arc4.o
LOAD ioLibrary_Driver\Internet\TLS\mbedtls\library\asn1parse.o
LOAD ioLibrary_Driver\Internet\TLS\mbedtls\library\asn1write.o
LOAD ioLibrary_Driver\Internet\TLS\mbedtls\library\base64.o
LOAD ioLibrary_Driver\Internet\TLS\mbedtls\library\bignum.o
LOAD ioLibrary_Driver\Internet\TLS\mbedtls\library\blowfish.o
LOAD ioLibrary_Driver\Internet\TLS\mbedtls\library\camellia.o
LOAD ioLibrary_Driver\Internet\TLS\mbedtls\library\ccm.o
LOAD ioLibrary_Driver\Internet\TLS\mbedtls\library\certs.o
LOAD ioLibrary_Driver\Internet\TLS\mbedtls\library\cipher.o
LOAD ioLibrary_Driver\Internet\TLS\mbedtls\library\cipher_wrap.o
LOAD ioLibrary_Driver\Internet\TLS\mbedtls\library\cmac.o
LOAD ioLibrary_Driver\Internet\TLS\mbedtls\library\ctr_drbg.o
LOAD ioLibrary_Driver\Internet\TLS\mbedtls\library\debug.o
LOAD ioLibrary_Driver\Internet\TLS\mbedtls\library\des.o
LOAD ioLibrary_Driver\Internet\TLS\mbedtls\library\dhm.o
LOAD ioLibrary_Driver\Internet\TLS\mbedtls\library\ecdh.o
LOAD ioLibrary_Driver\Internet\TLS\mbedtls\library\ecdsa.o
LOAD ioLibrary_Driver\Internet\TLS\mbedtls\library\ecjpake.o
LOAD ioLibrary_Driver\Internet\TLS\mbedtls\library\ecp.o
LOAD ioLibrary_Driver\Internet\TLS\mbedtls\library\ecp_curves.o
LOAD ioLibrary_Driver\Internet\TLS\mbedtls\library\entropy.o
LOAD ioLibrary_Driver\Internet\TLS\mbedtls\library\entropy_poll.o
LOAD ioLibrary_Driver\Internet\TLS\mbedtls\library\error.o
LOAD ioLibrary_Driver\Internet\TLS\mbedtls\library\gcm.o
LOAD ioLibrary_Driver\Internet\TLS\mbedtls\library\havege.o
LOAD ioLibrary_Driver\Internet\TLS\mbedtls\library\hmac_drbg.o
LOAD ioLibrary_Driver\Internet\TLS\mbedtls\library\md.o
LOAD ioLibrary_Driver\Internet\TLS\mbedtls\library\md2.o
LOAD ioLibrary_Driver\Internet\TLS\mbedtls\library\md4.o
LOAD ioLibrary_Driver\Internet\TLS\mbedtls\library\md5.o
LOAD ioLibrary_Driver\Internet\TLS\mbedtls\library\md_wrap.o
LOAD ioLibrary_Driver\Internet\TLS\mbedtls\library\memory_buffer_alloc.o
LOAD ioLibrary_Driver\Internet\TLS\mbedtls\library\net_sockets.o
LOAD ioLibrary_Driver\Internet\TLS\mbedtls\library\oid.o
LOAD ioLibrary_Driver\Internet\TLS\mbedtls\library\padlock.o
LOAD ioLibrary_Driver\Internet\TLS\mbedtls\library\pem.o
LOAD ioLibrary_Driver\Internet\TLS\mbedtls\library\pk.o
LOAD ioLibrary_Driver\Internet\TLS\mbedtls\library\pk_wrap.o
LOAD ioLibrary_Driver\Internet\TLS\mbedtls\library\pkcs11.o
LOAD ioLibrary_Driver\Internet\TLS\mbedtls\library\pkcs12.o
LOAD ioLibrary_Driver\Internet\TLS\mbedtls\library\pkcs5.o
LOAD ioLibrary_Driver\Internet\TLS\mbedtls\library\pkparse.o
LOAD ioLibrary_Driver\Internet\TLS\mbedtls\library\pkwrite.o
LOAD ioLibrary_Driver\Internet\TLS\mbedtls\library\platform.o
LOAD ioLibrary_Driver\Internet\TLS\mbedtls\library\ripemd160.o
LOAD ioLibrary_Driver\Internet\TLS\mbedtls\library\rsa.o
LOAD ioLibrary_Driver\Internet\TLS\mbedtls\library\rsa_internal.o
LOAD ioLibrary_Driver\Internet\TLS\mbedtls\library\sha1.o
LOAD ioLibrary_Driver\Internet\TLS\mbedtls\library\sha256.o
LOAD ioLibrary_Driver\Internet\TLS\mbedtls\library\sha512.o
LOAD ioLibrary_Driver\Internet\TLS\mbedtls\library\ssl_cache.o
LOAD ioLibrary_Driver\Internet\TLS\mbedtls\library\ssl_ciphersuites.o
LOAD ioLibrary_Driver\Internet\TLS\mbedtls\library\ssl_cli.o
LOAD ioLibrary_Driver\Internet\TLS\mbedtls\library\ssl_cookie.o
LOAD ioLibrary_Driver\Internet\TLS\mbedtls\library\ssl_srv.o
LOAD ioLibrary_Driver\Internet\TLS\mbedtls\library\ssl_ticket.o
LOAD ioLibrary_Driver\Internet\TLS\mbedtls\library\ssl_tls.o
LOAD ioLibrary_Driver\Internet\TLS\mbedtls\library\threading.o
LOAD ioLibrary_Driver\Internet\TLS\mbedtls\library\timing.o
LOAD ioLibrary_Driver\Internet\TLS\mbedtls\library\version.o
LOAD ioLibrary_Driver\Internet\TLS\mbedtls\library\version_features.o
LOAD ioLibrary_Driver\Internet\TLS\mbedtls\library\x509.o
LOAD ioLibrary_Driver\Internet\TLS\mbedtls\library\x509_create.o
LOAD ioLibrary_Driver\Internet\TLS\mbedtls\library\x509_crl.o
LOAD ioLibrary_Driver\Internet\TLS\mbedtls\library\x509_crt.o
LOAD ioLibrary_Driver\Internet\TLS\mbedtls\library\x509_csr.o
LOAD ioLibrary_Driver\Internet\TLS\mbedtls\library\x509write_crt.o
LOAD ioLibrary_Driver\Internet\TLS\mbedtls\library\x509write_csr.o
LOAD ioLibrary_Driver\Internet\TLS\mbedtls\library\xtea.o
LOAD ioLibrary_Driver\Internet\httpServer\httpParser.o
LOAD ioLibrary_Driver\Internet\httpServer\httpServer.o
LOAD ioLibrary_Driver\Internet\httpServer\httpUtil.o
LOAD startup\startup_stm32f401xe.o
                0x00000080                malloc_getpagesize_P = 0x80
START GROUP
LOAD c:/program files (x86)/atollic/truestudio for stm32 9.3.0/armtools/bin/../lib/gcc/arm-atollic-eabi/6.3.1/../../../../arm-atollic-eabi/lib/armv7e-m/fpu\libc_nano.a
LOAD c:/program files (x86)/atollic/truestudio for stm32 9.3.0/armtools/bin/../lib/gcc/arm-atollic-eabi/6.3.1/../../../../arm-atollic-eabi/lib/armv7e-m/fpu\libm.a
END GROUP
START GROUP
LOAD c:/program files (x86)/atollic/truestudio for stm32 9.3.0/armtools/bin/../lib/gcc/arm-atollic-eabi/6.3.1/armv7e-m/fpu\libgcc.a
LOAD c:/program files (x86)/atollic/truestudio for stm32 9.3.0/armtools/bin/../lib/gcc/arm-atollic-eabi/6.3.1/../../../../arm-atollic-eabi/lib/armv7e-m/fpu\libc_nano.a
END GROUP
START GROUP
LOAD c:/program files (x86)/atollic/truestudio for stm32 9.3.0/armtools/bin/../lib/gcc/arm-atollic-eabi/6.3.1/armv7e-m/fpu\libgcc.a
LOAD c:/program files (x86)/atollic/truestudio for stm32 9.3.0/armtools/bin/../lib/gcc/arm-atollic-eabi/6.3.1/../../../../arm-atollic-eabi/lib/armv7e-m/fpu\libc_nano.a
LOAD c:/program files (x86)/atollic/truestudio for stm32 9.3.0/armtools/bin/../lib/gcc/arm-atollic-eabi/6.3.1/../../../../arm-atollic-eabi/lib/armv7e-m/fpu\libnosys.a
END GROUP
START GROUP
LOAD c:/program files (x86)/atollic/truestudio for stm32 9.3.0/armtools/bin/../lib/gcc/arm-atollic-eabi/6.3.1/armv7e-m/fpu\libgcc.a
LOAD c:/program files (x86)/atollic/truestudio for stm32 9.3.0/armtools/bin/../lib/gcc/arm-atollic-eabi/6.3.1/../../../../arm-atollic-eabi/lib/armv7e-m/fpu\libc_nano.a
LOAD c:/program files (x86)/atollic/truestudio for stm32 9.3.0/armtools/bin/../lib/gcc/arm-atollic-eabi/6.3.1/../../../../arm-atollic-eabi/lib/armv7e-m/fpu\libnosys.a
END GROUP
LOAD c:/program files (x86)/atollic/truestudio for stm32 9.3.0/armtools/bin/../lib/gcc/arm-atollic-eabi/6.3.1/armv7e-m/fpu/crtend.o
LOAD c:/program files (x86)/atollic/truestudio for stm32 9.3.0/armtools/bin/../lib/gcc/arm-atollic-eabi/6.3.1/armv7e-m/fpu/crtn.o
                0x20018000                _estack = 0x20018000
                0x00000000                _Min_Heap_Size = 0x0
                0x00000400                _Min_Stack_Size = 0x400

.isr_vector     0x08000000      0x194
                0x08000000                . = ALIGN (0x4)
 *(.isr_vector)
 .isr_vector    0x08000000      0x194 startup\startup_stm32f401xe.o
                0x08000000                g_pfnVectors
                0x08000194                . = ALIGN (0x4)

.text           0x080001a0    0x101d0
                0x080001a0                . = ALIGN (0x4)
 *(.text)
 .text          0x080001a0       0x40 c:/program files (x86)/atollic/truestudio for stm32 9.3.0/armtools/bin/../lib/gcc/arm-atollic-eabi/6.3.1/armv7e-m/fpu/crtbegin.o
 .text          0x080001e0       0x10 c:/program files (x86)/atollic/truestudio for stm32 9.3.0/armtools/bin/../lib/gcc/arm-atollic-eabi/6.3.1/../../../../arm-atollic-eabi/lib/armv7e-m/fpu\libc_nano.a(lib_a-strlen.o)
                0x080001e0                strlen
 .text          0x080001f0       0xa0 c:/program files (x86)/atollic/truestudio for stm32 9.3.0/armtools/bin/../lib/gcc/arm-atollic-eabi/6.3.1/../../../../arm-atollic-eabi/lib/armv7e-m/fpu\libc_nano.a(lib_a-memchr.o)
                0x080001f0                memchr
 .text          0x08000290       0x30 c:/program files (x86)/atollic/truestudio for stm32 9.3.0/armtools/bin/../lib/gcc/arm-atollic-eabi/6.3.1/armv7e-m/fpu\libgcc.a(_aeabi_uldivmod.o)
                0x08000290                __aeabi_uldivmod
 .text          0x080002c0      0x2dc c:/program files (x86)/atollic/truestudio for stm32 9.3.0/armtools/bin/../lib/gcc/arm-atollic-eabi/6.3.1/armv7e-m/fpu\libgcc.a(_udivmoddi4.o)
                0x080002c0                __udivmoddi4
 .text          0x0800059c        0x4 c:/program files (x86)/atollic/truestudio for stm32 9.3.0/armtools/bin/../lib/gcc/arm-atollic-eabi/6.3.1/armv7e-m/fpu\libgcc.a(_dvmd_tls.o)
                0x0800059c                __aeabi_idiv0
                0x0800059c                __aeabi_ldiv0
 *(.text*)
 .text.HAL_InitTick
                0x080005a0       0x48 Drivers\STM32F4xx_HAL_Driver\Src\stm32f4xx_hal.o
                0x080005a0                HAL_InitTick
 .text.HAL_Init
                0x080005e8       0x34 Drivers\STM32F4xx_HAL_Driver\Src\stm32f4xx_hal.o
                0x080005e8                HAL_Init
 .text.HAL_IncTick
                0x0800061c       0x18 Drivers\STM32F4xx_HAL_Driver\Src\stm32f4xx_hal.o
                0x0800061c                HAL_IncTick
 .text.HAL_GetTick
                0x08000634        0xc Drivers\STM32F4xx_HAL_Driver\Src\stm32f4xx_hal.o
                0x08000634                HAL_GetTick
 .text.HAL_NVIC_SetPriorityGrouping
                0x08000640       0x24 Drivers\STM32F4xx_HAL_Driver\Src\stm32f4xx_hal_cortex.o
                0x08000640                HAL_NVIC_SetPriorityGrouping
 .text.HAL_NVIC_SetPriority
                0x08000664       0x68 Drivers\STM32F4xx_HAL_Driver\Src\stm32f4xx_hal_cortex.o
                0x08000664                HAL_NVIC_SetPriority
 .text.HAL_SYSTICK_Config
                0x080006cc       0x2c Drivers\STM32F4xx_HAL_Driver\Src\stm32f4xx_hal_cortex.o
                0x080006cc                HAL_SYSTICK_Config
 .text.HAL_GPIO_Init
                0x080006f8      0x19c Drivers\STM32F4xx_HAL_Driver\Src\stm32f4xx_hal_gpio.o
                0x080006f8                HAL_GPIO_Init
 .text.HAL_GPIO_WritePin
                0x08000894        0xa Drivers\STM32F4xx_HAL_Driver\Src\stm32f4xx_hal_gpio.o
                0x08000894                HAL_GPIO_WritePin
 *fill*         0x0800089e        0x2 
 .text.HAL_RCC_OscConfig
                0x080008a0      0x34c Drivers\STM32F4xx_HAL_Driver\Src\stm32f4xx_hal_rcc.o
                0x080008a0                HAL_RCC_OscConfig
 .text.HAL_RCC_GetSysClockFreq
                0x08000bec       0x5c Drivers\STM32F4xx_HAL_Driver\Src\stm32f4xx_hal_rcc.o
                0x08000bec                HAL_RCC_GetSysClockFreq
 .text.HAL_RCC_ClockConfig
                0x08000c48      0x138 Drivers\STM32F4xx_HAL_Driver\Src\stm32f4xx_hal_rcc.o
                0x08000c48                HAL_RCC_ClockConfig
 .text.HAL_RCC_GetPCLK1Freq
                0x08000d80       0x20 Drivers\STM32F4xx_HAL_Driver\Src\stm32f4xx_hal_rcc.o
                0x08000d80                HAL_RCC_GetPCLK1Freq
 .text.HAL_RCC_GetPCLK2Freq
                0x08000da0       0x20 Drivers\STM32F4xx_HAL_Driver\Src\stm32f4xx_hal_rcc.o
                0x08000da0                HAL_RCC_GetPCLK2Freq
 .text.SPI_WaitFlagStateUntilTimeout.constprop.9
                0x08000dc0       0x76 Drivers\STM32F4xx_HAL_Driver\Src\stm32f4xx_hal_spi.o
 *fill*         0x08000e36        0x2 
 .text.SPI_EndRxTxTransaction
                0x08000e38       0x5c Drivers\STM32F4xx_HAL_Driver\Src\stm32f4xx_hal_spi.o
 .text.HAL_SPI_Init
                0x08000e94       0x7a Drivers\STM32F4xx_HAL_Driver\Src\stm32f4xx_hal_spi.o
                0x08000e94                HAL_SPI_Init
 .text.HAL_SPI_TransmitReceive
                0x08000f0e      0x1e0 Drivers\STM32F4xx_HAL_Driver\Src\stm32f4xx_hal_spi.o
                0x08000f0e                HAL_SPI_TransmitReceive
 *fill*         0x080010ee        0x2 
 .text.UART_SetConfig
                0x080010f0       0xdc Drivers\STM32F4xx_HAL_Driver\Src\stm32f4xx_hal_uart.o
 .text.UART_WaitOnFlagUntilTimeout.constprop.3
                0x080011cc       0x50 Drivers\STM32F4xx_HAL_Driver\Src\stm32f4xx_hal_uart.o
 .text.HAL_UART_Init
                0x0800121c       0x5c Drivers\STM32F4xx_HAL_Driver\Src\stm32f4xx_hal_uart.o
                0x0800121c                HAL_UART_Init
 .text.HAL_UART_Transmit
                0x08001278       0xbe Drivers\STM32F4xx_HAL_Driver\Src\stm32f4xx_hal_uart.o
                0x08001278                HAL_UART_Transmit
 .text.char2hex
                0x08001336       0x32 Src\HexTrans.o
                0x08001336                char2hex
 .text.string_print_Hex
                0x08001368       0x6c Src\HexTrans.o
                0x08001368                string_print_Hex
 .text._write   0x080013d4       0x28 Src\main.o
                0x080013d4                _write
 .text.SystemClock_Config
                0x080013fc       0x80 Src\main.o
                0x080013fc                SystemClock_Config
 .text.print_network_information
                0x0800147c       0x80 Src\main.o
                0x0800147c                print_network_information
 .text.startup.main
                0x080014fc      0x184 Src\main.o
                0x080014fc                main
 .text.HAL_MspInit
                0x08001680       0x38 Src\stm32f4xx_hal_msp.o
                0x08001680                HAL_MspInit
 .text.HAL_SPI_MspInit
                0x080016b8       0x6c Src\stm32f4xx_hal_msp.o
                0x080016b8                HAL_SPI_MspInit
 .text.HAL_UART_MspInit
                0x08001724       0x70 Src\stm32f4xx_hal_msp.o
                0x08001724                HAL_UART_MspInit
 .text.NMI_Handler
                0x08001794        0x2 Src\stm32f4xx_it.o
                0x08001794                NMI_Handler
 .text.HardFault_Handler
                0x08001796        0x2 Src\stm32f4xx_it.o
                0x08001796                HardFault_Handler
 .text.MemManage_Handler
                0x08001798        0x2 Src\stm32f4xx_it.o
                0x08001798                MemManage_Handler
 .text.BusFault_Handler
                0x0800179a        0x2 Src\stm32f4xx_it.o
                0x0800179a                BusFault_Handler
 .text.UsageFault_Handler
                0x0800179c        0x2 Src\stm32f4xx_it.o
                0x0800179c                UsageFault_Handler
 .text.SVC_Handler
                0x0800179e        0x2 Src\stm32f4xx_it.o
                0x0800179e                SVC_Handler
 .text.DebugMon_Handler
                0x080017a0        0x2 Src\stm32f4xx_it.o
                0x080017a0                DebugMon_Handler
 .text.PendSV_Handler
                0x080017a2        0x2 Src\stm32f4xx_it.o
                0x080017a2                PendSV_Handler
 .text.SysTick_Handler
                0x080017a4        0x4 Src\stm32f4xx_it.o
                0x080017a4                SysTick_Handler
 .text._read    0x080017a8       0x1c Src\syscalls.o
                0x080017a8                _read
 .text._sbrk    0x080017c4       0x34 Src\syscalls.o
                0x080017c4                _sbrk
 .text._close   0x080017f8        0x6 Src\syscalls.o
                0x080017f8                _close
 .text._fstat   0x080017fe        0xa Src\syscalls.o
                0x080017fe                _fstat
 .text._isatty  0x08001808        0x4 Src\syscalls.o
                0x08001808                _isatty
 .text._lseek   0x0800180c        0x4 Src\syscalls.o
                0x0800180c                _lseek
 .text.SystemInit
                0x08001810       0x4c Src\system_stm32f4xx.o
                0x08001810                SystemInit
 .text.csEnable
                0x0800185c       0x10 Src\wizchip_init.o
                0x0800185c                csEnable
 .text.csDisable
                0x0800186c       0x10 Src\wizchip_init.o
                0x0800186c                csDisable
 .text.spiWriteByte
                0x0800187c       0x24 Src\wizchip_init.o
                0x0800187c                spiWriteByte
 .text.spiReadByte
                0x080018a0       0x30 Src\wizchip_init.o
                0x080018a0                spiReadByte
 .text.WIZCHIPInitialize
                0x080018d0       0x78 Src\wizchip_init.o
                0x080018d0                WIZCHIPInitialize
 .text.WIZCHIP_WRITE
                0x08001948       0x3c ioLibrary_Driver\Ethernet\W5100S\w5100s.o
                0x08001948                WIZCHIP_WRITE
 .text.WIZCHIP_READ
                0x08001984       0x38 ioLibrary_Driver\Ethernet\W5100S\w5100s.o
                0x08001984                WIZCHIP_READ
 .text.WIZCHIP_WRITE_BUF
                0x080019bc       0x4c ioLibrary_Driver\Ethernet\W5100S\w5100s.o
                0x080019bc                WIZCHIP_WRITE_BUF
 .text.WIZCHIP_READ_BUF
                0x08001a08       0x4c ioLibrary_Driver\Ethernet\W5100S\w5100s.o
                0x08001a08                WIZCHIP_READ_BUF
 .text.getSn_TX_FSR
                0x08001a54       0x40 ioLibrary_Driver\Ethernet\W5100S\w5100s.o
                0x08001a54                getSn_TX_FSR
 .text.getSn_RX_RSR
                0x08001a94       0x40 ioLibrary_Driver\Ethernet\W5100S\w5100s.o
                0x08001a94                getSn_RX_RSR
 .text.getSn_RxBASE
                0x08001ad4       0x48 ioLibrary_Driver\Ethernet\W5100S\w5100s.o
                0x08001ad4                getSn_RxBASE
 .text.getSn_TxBASE
                0x08001b1c       0x48 ioLibrary_Driver\Ethernet\W5100S\w5100s.o
                0x08001b1c                getSn_TxBASE
 .text.wiz_send_data
                0x08001b64       0xe4 ioLibrary_Driver\Ethernet\W5100S\w5100s.o
                0x08001b64                wiz_send_data
 .text.wiz_recv_data
                0x08001c48       0xe4 ioLibrary_Driver\Ethernet\W5100S\w5100s.o
                0x08001c48                wiz_recv_data
 .text.wiz_mdio_write
                0x08001d2c       0x30 ioLibrary_Driver\Ethernet\W5100S\w5100s.o
                0x08001d2c                wiz_mdio_write
 .text.wiz_mdio_read
                0x08001d5c       0x32 ioLibrary_Driver\Ethernet\W5100S\w5100s.o
                0x08001d5c                wiz_mdio_read
 *fill*         0x08001d8e        0x2 
 .text.close    0x08001d90       0x74 ioLibrary_Driver\Ethernet\socket.o
                0x08001d90                close
 .text.socket   0x08001e04      0x110 ioLibrary_Driver\Ethernet\socket.o
                0x08001e04                socket
 .text.connect  0x08001f14       0xf8 ioLibrary_Driver\Ethernet\socket.o
                0x08001f14                connect
 .text.send     0x0800200c      0x124 ioLibrary_Driver\Ethernet\socket.o
                0x0800200c                send
 .text.recv     0x08002130      0x104 ioLibrary_Driver\Ethernet\socket.o
                0x08002130                recv
 .text.wizchip_cs_deselect
                0x08002234        0x2 ioLibrary_Driver\Ethernet\wizchip_conf.o
                0x08002234                wizchip_cs_deselect
 .text.wizchip_bus_readdata
                0x08002236        0x4 ioLibrary_Driver\Ethernet\wizchip_conf.o
                0x08002236                wizchip_bus_readdata
 .text.wizchip_bus_writedata
                0x0800223a        0x4 ioLibrary_Driver\Ethernet\wizchip_conf.o
                0x0800223a                wizchip_bus_writedata
 .text.wizchip_spi_readbyte
                0x0800223e        0x4 ioLibrary_Driver\Ethernet\wizchip_conf.o
                0x0800223e                wizchip_spi_readbyte
 .text.wizchip_spi_writebyte
                0x08002242        0x2 ioLibrary_Driver\Ethernet\wizchip_conf.o
                0x08002242                wizchip_spi_writebyte
 .text.wizchip_cris_enter
                0x08002244        0x2 ioLibrary_Driver\Ethernet\wizchip_conf.o
                0x08002244                wizchip_cris_enter
 .text.wizchip_cris_exit
                0x08002246        0x2 ioLibrary_Driver\Ethernet\wizchip_conf.o
                0x08002246                wizchip_cris_exit
 .text.wizchip_cs_select
                0x08002248        0x2 ioLibrary_Driver\Ethernet\wizchip_conf.o
                0x08002248                wizchip_cs_select
 *fill*         0x0800224a        0x2 
 .text.reg_wizchip_cs_cbfunc
                0x0800224c       0x24 ioLibrary_Driver\Ethernet\wizchip_conf.o
                0x0800224c                reg_wizchip_cs_cbfunc
 .text.reg_wizchip_spi_cbfunc
                0x08002270       0x30 ioLibrary_Driver\Ethernet\wizchip_conf.o
                0x08002270                reg_wizchip_spi_cbfunc
 .text.wizchip_sw_reset
                0x080022a0       0x6a ioLibrary_Driver\Ethernet\wizchip_conf.o
                0x080022a0                wizchip_sw_reset
 .text.wizchip_init
                0x0800230a       0xd0 ioLibrary_Driver\Ethernet\wizchip_conf.o
                0x0800230a                wizchip_init
 .text.wizchip_clrinterrupt
                0x080023da        0xa ioLibrary_Driver\Ethernet\wizchip_conf.o
                0x080023da                wizchip_clrinterrupt
 .text.wizchip_getinterrupt
                0x080023e4        0xe ioLibrary_Driver\Ethernet\wizchip_conf.o
                0x080023e4                wizchip_getinterrupt
 .text.wizchip_setinterruptmask
                0x080023f2       0x10 ioLibrary_Driver\Ethernet\wizchip_conf.o
                0x080023f2                wizchip_setinterruptmask
 .text.wizchip_getinterruptmask
                0x08002402       0x16 ioLibrary_Driver\Ethernet\wizchip_conf.o
                0x08002402                wizchip_getinterruptmask
 .text.wizphy_getphylink
                0x08002418        0xe ioLibrary_Driver\Ethernet\wizchip_conf.o
                0x08002418                wizphy_getphylink
 .text.wizphy_reset
                0x08002426       0x24 ioLibrary_Driver\Ethernet\wizchip_conf.o
                0x08002426                wizphy_reset
 .text.wizphy_setphyconf
                0x0800244a       0x4a ioLibrary_Driver\Ethernet\wizchip_conf.o
                0x0800244a                wizphy_setphyconf
 .text.wizphy_getphyconf
                0x08002494       0x30 ioLibrary_Driver\Ethernet\wizchip_conf.o
                0x08002494                wizphy_getphyconf
 .text.wizphy_setphypmode
                0x080024c4       0x36 ioLibrary_Driver\Ethernet\wizchip_conf.o
                0x080024c4                wizphy_setphypmode
 *fill*         0x080024fa        0x2 
 .text.ctlwizchip
                0x080024fc       0xa8 ioLibrary_Driver\Ethernet\wizchip_conf.o
                0x080024fc                ctlwizchip
 .text.wizchip_setnetinfo
                0x080025a4       0x54 ioLibrary_Driver\Ethernet\wizchip_conf.o
                0x080025a4                wizchip_setnetinfo
 .text.wizchip_getnetinfo
                0x080025f8       0x54 ioLibrary_Driver\Ethernet\wizchip_conf.o
                0x080025f8                wizchip_getnetinfo
 .text.WIZnetDebugCB
                0x0800264c       0x14 ioLibrary_Driver\Internet\TLS\SSLInterface.o
                0x0800264c                WIZnetDebugCB
 .text.WIZnetRecv
                0x08002660       0x30 ioLibrary_Driver\Internet\TLS\SSLInterface.o
                0x08002660                WIZnetRecv
 .text.WIZnetSend
                0x08002690       0x2c ioLibrary_Driver\Internet\TLS\SSLInterface.o
                0x08002690                WIZnetSend
 .text.wiz_tls_init
                0x080026bc      0x104 ioLibrary_Driver\Internet\TLS\SSLInterface.o
                0x080026bc                wiz_tls_init
 .text.wiz_tls_deinit
                0x080027c0       0x38 ioLibrary_Driver\Internet\TLS\SSLInterface.o
                0x080027c0                wiz_tls_deinit
 .text.wiz_tls_connect
                0x080027f8       0xdc ioLibrary_Driver\Internet\TLS\SSLInterface.o
                0x080027f8                wiz_tls_connect
 .text.wiz_tls_read
                0x080028d4        0x6 ioLibrary_Driver\Internet\TLS\SSLInterface.o
                0x080028d4                wiz_tls_read
 .text.wiz_tls_write
                0x080028da        0x6 ioLibrary_Driver\Internet\TLS\SSLInterface.o
                0x080028da                wiz_tls_write
 .text.wiz_tls_close_notify
                0x080028e0       0x12 ioLibrary_Driver\Internet\TLS\SSLInterface.o
                0x080028e0                wiz_tls_close_notify
 .text.SSLRandomCB
                0x080028f2       0x2e ioLibrary_Driver\Internet\TLS\SSL_Random.o
                0x080028f2                SSLRandomCB
 .text.aes_gen_tables
                0x08002920      0x200 ioLibrary_Driver\Internet\TLS\mbedtls\library\aes.o
 .text.mbedtls_aes_init
                0x08002b20        0xa ioLibrary_Driver\Internet\TLS\mbedtls\library\aes.o
                0x08002b20                mbedtls_aes_init
 .text.mbedtls_aes_free
                0x08002b2a       0x14 ioLibrary_Driver\Internet\TLS\mbedtls\library\aes.o
                0x08002b2a                mbedtls_aes_free
 *fill*         0x08002b3e        0x2 
 .text.mbedtls_aes_setkey_enc
                0x08002b40      0x238 ioLibrary_Driver\Internet\TLS\mbedtls\library\aes.o
                0x08002b40                mbedtls_aes_setkey_enc
 .text.mbedtls_aes_setkey_dec
                0x08002d78       0xe4 ioLibrary_Driver\Internet\TLS\mbedtls\library\aes.o
                0x08002d78                mbedtls_aes_setkey_dec
 .text.mbedtls_internal_aes_encrypt
                0x08002e5c      0x39c ioLibrary_Driver\Internet\TLS\mbedtls\library\aes.o
                0x08002e5c                mbedtls_internal_aes_encrypt
 .text.mbedtls_internal_aes_decrypt
                0x080031f8      0x39c ioLibrary_Driver\Internet\TLS\mbedtls\library\aes.o
                0x080031f8                mbedtls_internal_aes_decrypt
 .text.mbedtls_aes_crypt_ecb
                0x08003594       0x1c ioLibrary_Driver\Internet\TLS\mbedtls\library\aes.o
                0x08003594                mbedtls_aes_crypt_ecb
 .text.mbedtls_aes_crypt_cbc
                0x080035b0       0xd6 ioLibrary_Driver\Internet\TLS\mbedtls\library\aes.o
                0x080035b0                mbedtls_aes_crypt_cbc
 .text.mbedtls_asn1_get_len
                0x08003686       0x9c ioLibrary_Driver\Internet\TLS\mbedtls\library\asn1parse.o
                0x08003686                mbedtls_asn1_get_len
 .text.mbedtls_asn1_get_tag
                0x08003722       0x28 ioLibrary_Driver\Internet\TLS\mbedtls\library\asn1parse.o
                0x08003722                mbedtls_asn1_get_tag
 .text.mbedtls_asn1_get_bool
                0x0800374a       0x30 ioLibrary_Driver\Internet\TLS\mbedtls\library\asn1parse.o
                0x0800374a                mbedtls_asn1_get_bool
 .text.mbedtls_asn1_get_int
                0x0800377a       0x48 ioLibrary_Driver\Internet\TLS\mbedtls\library\asn1parse.o
                0x0800377a                mbedtls_asn1_get_int
 .text.mbedtls_asn1_get_bitstring
                0x080037c2       0x46 ioLibrary_Driver\Internet\TLS\mbedtls\library\asn1parse.o
                0x080037c2                mbedtls_asn1_get_bitstring
 .text.mbedtls_asn1_get_bitstring_null
                0x08003808       0x28 ioLibrary_Driver\Internet\TLS\mbedtls\library\asn1parse.o
                0x08003808                mbedtls_asn1_get_bitstring_null
 .text.mbedtls_asn1_get_sequence_of
                0x08003830       0x7c ioLibrary_Driver\Internet\TLS\mbedtls\library\asn1parse.o
                0x08003830                mbedtls_asn1_get_sequence_of
 .text.mbedtls_asn1_get_alg
                0x080038ac       0xa0 ioLibrary_Driver\Internet\TLS\mbedtls\library\asn1parse.o
                0x080038ac                mbedtls_asn1_get_alg
 .text.mbedtls_base64_decode
                0x0800394c      0x12c ioLibrary_Driver\Internet\TLS\mbedtls\library\base64.o
                0x0800394c                mbedtls_base64_decode
 .text.mpi_sub_hlp
                0x08003a78       0x54 ioLibrary_Driver\Internet\TLS\mbedtls\library\bignum.o
 .text.mpi_mul_hlp
                0x08003acc      0x3a2 ioLibrary_Driver\Internet\TLS\mbedtls\library\bignum.o
 .text.mbedtls_mpi_init
                0x08003e6e        0xe ioLibrary_Driver\Internet\TLS\mbedtls\library\bignum.o
                0x08003e6e                mbedtls_mpi_init
 .text.mbedtls_mpi_free
                0x08003e7c       0x2c ioLibrary_Driver\Internet\TLS\mbedtls\library\bignum.o
                0x08003e7c                mbedtls_mpi_free
 .text.mbedtls_mpi_grow
                0x08003ea8       0x5a ioLibrary_Driver\Internet\TLS\mbedtls\library\bignum.o
                0x08003ea8                mbedtls_mpi_grow
 .text.mbedtls_mpi_copy
                0x08003f02       0x54 ioLibrary_Driver\Internet\TLS\mbedtls\library\bignum.o
                0x08003f02                mbedtls_mpi_copy
 .text.mbedtls_mpi_lset
                0x08003f56       0x38 ioLibrary_Driver\Internet\TLS\mbedtls\library\bignum.o
                0x08003f56                mbedtls_mpi_lset
 .text.mbedtls_mpi_get_bit
                0x08003f8e       0x20 ioLibrary_Driver\Internet\TLS\mbedtls\library\bignum.o
                0x08003f8e                mbedtls_mpi_get_bit
 .text.mbedtls_mpi_lsb
                0x08003fae       0x30 ioLibrary_Driver\Internet\TLS\mbedtls\library\bignum.o
                0x08003fae                mbedtls_mpi_lsb
 .text.mbedtls_mpi_bitlen
                0x08003fde       0x44 ioLibrary_Driver\Internet\TLS\mbedtls\library\bignum.o
                0x08003fde                mbedtls_mpi_bitlen
 .text.mbedtls_mpi_size
                0x08004022        0xc ioLibrary_Driver\Internet\TLS\mbedtls\library\bignum.o
                0x08004022                mbedtls_mpi_size
 .text.mbedtls_mpi_read_binary
                0x0800402e       0x6c ioLibrary_Driver\Internet\TLS\mbedtls\library\bignum.o
                0x0800402e                mbedtls_mpi_read_binary
 .text.mbedtls_mpi_write_binary
                0x0800409a       0x46 ioLibrary_Driver\Internet\TLS\mbedtls\library\bignum.o
                0x0800409a                mbedtls_mpi_write_binary
 .text.mbedtls_mpi_shift_l
                0x080040e0       0x98 ioLibrary_Driver\Internet\TLS\mbedtls\library\bignum.o
                0x080040e0                mbedtls_mpi_shift_l
 .text.mbedtls_mpi_shift_r
                0x08004178       0x78 ioLibrary_Driver\Internet\TLS\mbedtls\library\bignum.o
                0x08004178                mbedtls_mpi_shift_r
 .text.mbedtls_mpi_cmp_abs
                0x080041f0       0x6e ioLibrary_Driver\Internet\TLS\mbedtls\library\bignum.o
                0x080041f0                mbedtls_mpi_cmp_abs
 .text.mpi_montmul
                0x0800425e       0xc8 ioLibrary_Driver\Internet\TLS\mbedtls\library\bignum.o
 .text.mbedtls_mpi_cmp_mpi
                0x08004326       0x8c ioLibrary_Driver\Internet\TLS\mbedtls\library\bignum.o
                0x08004326                mbedtls_mpi_cmp_mpi
 .text.mbedtls_mpi_cmp_int
                0x080043b2       0x2c ioLibrary_Driver\Internet\TLS\mbedtls\library\bignum.o
                0x080043b2                mbedtls_mpi_cmp_int
 .text.mbedtls_mpi_add_abs
                0x080043de       0xb6 ioLibrary_Driver\Internet\TLS\mbedtls\library\bignum.o
                0x080043de                mbedtls_mpi_add_abs
 .text.mbedtls_mpi_sub_abs
                0x08004494       0x82 ioLibrary_Driver\Internet\TLS\mbedtls\library\bignum.o
                0x08004494                mbedtls_mpi_sub_abs
 .text.mbedtls_mpi_add_mpi
                0x08004516       0x44 ioLibrary_Driver\Internet\TLS\mbedtls\library\bignum.o
                0x08004516                mbedtls_mpi_add_mpi
 .text.mbedtls_mpi_sub_mpi
                0x0800455a       0x46 ioLibrary_Driver\Internet\TLS\mbedtls\library\bignum.o
                0x0800455a                mbedtls_mpi_sub_mpi
 .text.mbedtls_mpi_add_int
                0x080045a0       0x2c ioLibrary_Driver\Internet\TLS\mbedtls\library\bignum.o
                0x080045a0                mbedtls_mpi_add_int
 .text.mbedtls_mpi_sub_int
                0x080045cc       0x2c ioLibrary_Driver\Internet\TLS\mbedtls\library\bignum.o
                0x080045cc                mbedtls_mpi_sub_int
 .text.mbedtls_mpi_mul_mpi
                0x080045f8       0xde ioLibrary_Driver\Internet\TLS\mbedtls\library\bignum.o
                0x080045f8                mbedtls_mpi_mul_mpi
 .text.mbedtls_mpi_mul_int
                0x080046d6       0x1a ioLibrary_Driver\Internet\TLS\mbedtls\library\bignum.o
                0x080046d6                mbedtls_mpi_mul_int
 .text.mbedtls_mpi_div_mpi
                0x080046f0      0x368 ioLibrary_Driver\Internet\TLS\mbedtls\library\bignum.o
                0x080046f0                mbedtls_mpi_div_mpi
 .text.mbedtls_mpi_mod_mpi
                0x08004a58       0x64 ioLibrary_Driver\Internet\TLS\mbedtls\library\bignum.o
                0x08004a58                mbedtls_mpi_mod_mpi
 .text.mbedtls_mpi_exp_mod
                0x08004abc      0x46e ioLibrary_Driver\Internet\TLS\mbedtls\library\bignum.o
                0x08004abc                mbedtls_mpi_exp_mod
 .text.mbedtls_mpi_gcd
                0x08004f2a      0x108 ioLibrary_Driver\Internet\TLS\mbedtls\library\bignum.o
                0x08004f2a                mbedtls_mpi_gcd
 .text.mbedtls_mpi_fill_random
                0x08005032       0x44 ioLibrary_Driver\Internet\TLS\mbedtls\library\bignum.o
                0x08005032                mbedtls_mpi_fill_random
 .text.mbedtls_mpi_inv_mod
                0x08005076      0x2a6 ioLibrary_Driver\Internet\TLS\mbedtls\library\bignum.o
                0x08005076                mbedtls_mpi_inv_mod
 .text.mbedtls_cipher_get_block_size
                0x0800531c        0xa ioLibrary_Driver\Internet\TLS\mbedtls\library\cipher.o
 *fill*         0x08005326        0x2 
 .text.get_no_padding
                0x08005328       0x14 ioLibrary_Driver\Internet\TLS\mbedtls\library\cipher.o
 .text.mbedtls_cipher_info_from_type
                0x0800533c       0x1c ioLibrary_Driver\Internet\TLS\mbedtls\library\cipher.o
                0x0800533c                mbedtls_cipher_info_from_type
 .text.mbedtls_cipher_info_from_values
                0x08005358       0x28 ioLibrary_Driver\Internet\TLS\mbedtls\library\cipher.o
                0x08005358                mbedtls_cipher_info_from_values
 .text.mbedtls_cipher_init
                0x08005380        0x8 ioLibrary_Driver\Internet\TLS\mbedtls\library\cipher.o
                0x08005380                mbedtls_cipher_init
 .text.mbedtls_cipher_free
                0x08005388       0x24 ioLibrary_Driver\Internet\TLS\mbedtls\library\cipher.o
                0x08005388                mbedtls_cipher_free
 .text.mbedtls_cipher_setkey
                0x080053ac       0x44 ioLibrary_Driver\Internet\TLS\mbedtls\library\cipher.o
                0x080053ac                mbedtls_cipher_setkey
 .text.mbedtls_cipher_set_iv
                0x080053f0       0x40 ioLibrary_Driver\Internet\TLS\mbedtls\library\cipher.o
                0x080053f0                mbedtls_cipher_set_iv
 .text.mbedtls_cipher_reset
                0x08005430       0x18 ioLibrary_Driver\Internet\TLS\mbedtls\library\cipher.o
                0x08005430                mbedtls_cipher_reset
 .text.mbedtls_cipher_update
                0x08005448      0x184 ioLibrary_Driver\Internet\TLS\mbedtls\library\cipher.o
                0x08005448                mbedtls_cipher_update
 .text.mbedtls_cipher_finish
                0x080055cc       0xcc ioLibrary_Driver\Internet\TLS\mbedtls\library\cipher.o
                0x080055cc                mbedtls_cipher_finish
 .text.mbedtls_cipher_set_padding_mode
                0x08005698       0x30 ioLibrary_Driver\Internet\TLS\mbedtls\library\cipher.o
                0x08005698                mbedtls_cipher_set_padding_mode
 .text.mbedtls_cipher_setup
                0x080056c8       0x3c ioLibrary_Driver\Internet\TLS\mbedtls\library\cipher.o
                0x080056c8                mbedtls_cipher_setup
 .text.mbedtls_cipher_crypt
                0x08005704       0x44 ioLibrary_Driver\Internet\TLS\mbedtls\library\cipher.o
                0x08005704                mbedtls_cipher_crypt
 .text.mbedtls_cipher_auth_encrypt
                0x08005748       0x54 ioLibrary_Driver\Internet\TLS\mbedtls\library\cipher.o
                0x08005748                mbedtls_cipher_auth_encrypt
 .text.mbedtls_cipher_auth_decrypt
                0x0800579c       0x50 ioLibrary_Driver\Internet\TLS\mbedtls\library\cipher.o
                0x0800579c                mbedtls_cipher_auth_decrypt
 .text.gcm_ctx_free
                0x080057ec       0x12 ioLibrary_Driver\Internet\TLS\mbedtls\library\cipher_wrap.o
 .text.gcm_ctx_alloc
                0x080057fe       0x18 ioLibrary_Driver\Internet\TLS\mbedtls\library\cipher_wrap.o
 .text.gcm_aes_setkey_wrap
                0x08005816        0xa ioLibrary_Driver\Internet\TLS\mbedtls\library\cipher_wrap.o
 .text.aes_ctx_free
                0x08005820       0x12 ioLibrary_Driver\Internet\TLS\mbedtls\library\cipher_wrap.o
 .text.aes_ctx_alloc
                0x08005832       0x18 ioLibrary_Driver\Internet\TLS\mbedtls\library\cipher_wrap.o
 .text.aes_setkey_dec_wrap
                0x0800584a        0x4 ioLibrary_Driver\Internet\TLS\mbedtls\library\cipher_wrap.o
 .text.aes_setkey_enc_wrap
                0x0800584e        0x4 ioLibrary_Driver\Internet\TLS\mbedtls\library\cipher_wrap.o
 .text.aes_crypt_cbc_wrap
                0x08005852        0xa ioLibrary_Driver\Internet\TLS\mbedtls\library\cipher_wrap.o
 .text.aes_crypt_ecb_wrap
                0x0800585c        0x4 ioLibrary_Driver\Internet\TLS\mbedtls\library\cipher_wrap.o
 .text.mbedtls_zeroize
                0x08005860       0x10 ioLibrary_Driver\Internet\TLS\mbedtls\library\ctr_drbg.o
 .text.mbedtls_ctr_drbg_init
                0x08005870        0xa ioLibrary_Driver\Internet\TLS\mbedtls\library\ctr_drbg.o
                0x08005870                mbedtls_ctr_drbg_init
 .text.mbedtls_ctr_drbg_free
                0x0800587a       0x1c ioLibrary_Driver\Internet\TLS\mbedtls\library\ctr_drbg.o
                0x0800587a                mbedtls_ctr_drbg_free
 .text.debug_send_line.isra.0
                0x08005896        0xe ioLibrary_Driver\Internet\TLS\mbedtls\library\debug.o
 .text.mbedtls_debug_print_mpi.part.1
                0x080058a4      0x140 ioLibrary_Driver\Internet\TLS\mbedtls\library\debug.o
 .text.mbedtls_debug_set_threshold
                0x080059e4        0xc ioLibrary_Driver\Internet\TLS\mbedtls\library\debug.o
                0x080059e4                mbedtls_debug_set_threshold
 .text.mbedtls_debug_print_msg
                0x080059f0       0x60 ioLibrary_Driver\Internet\TLS\mbedtls\library\debug.o
                0x080059f0                mbedtls_debug_print_msg
 .text.mbedtls_debug_print_ret
                0x08005a50       0x5c ioLibrary_Driver\Internet\TLS\mbedtls\library\debug.o
                0x08005a50                mbedtls_debug_print_ret
 .text.mbedtls_debug_print_buf
                0x08005aac      0x13c ioLibrary_Driver\Internet\TLS\mbedtls\library\debug.o
                0x08005aac                mbedtls_debug_print_buf
 .text.mbedtls_debug_print_mpi
                0x08005be8       0x24 ioLibrary_Driver\Internet\TLS\mbedtls\library\debug.o
                0x08005be8                mbedtls_debug_print_mpi
 .text.mbedtls_debug_print_crt
                0x08005c0c      0x184 ioLibrary_Driver\Internet\TLS\mbedtls\library\debug.o
                0x08005c0c                mbedtls_debug_print_crt
 .text.mbedtls_strerror
                0x08005d90      0xcc0 ioLibrary_Driver\Internet\TLS\mbedtls\library\error.o
                0x08005d90                mbedtls_strerror
 .text.gcm_mult
                0x08006a50      0x170 ioLibrary_Driver\Internet\TLS\mbedtls\library\gcm.o
 .text.mbedtls_gcm_init
                0x08006bc0        0xa ioLibrary_Driver\Internet\TLS\mbedtls\library\gcm.o
                0x08006bc0                mbedtls_gcm_init
 .text.mbedtls_gcm_setkey
                0x08006bca      0x162 ioLibrary_Driver\Internet\TLS\mbedtls\library\gcm.o
                0x08006bca                mbedtls_gcm_setkey
 .text.mbedtls_gcm_starts
                0x08006d2c      0x150 ioLibrary_Driver\Internet\TLS\mbedtls\library\gcm.o
                0x08006d2c                mbedtls_gcm_starts
 .text.mbedtls_gcm_update
                0x08006e7c       0xec ioLibrary_Driver\Internet\TLS\mbedtls\library\gcm.o
                0x08006e7c                mbedtls_gcm_update
 .text.mbedtls_gcm_finish
                0x08006f68       0xf0 ioLibrary_Driver\Internet\TLS\mbedtls\library\gcm.o
                0x08006f68                mbedtls_gcm_finish
 .text.mbedtls_gcm_crypt_and_tag
                0x08007058       0x4a ioLibrary_Driver\Internet\TLS\mbedtls\library\gcm.o
                0x08007058                mbedtls_gcm_crypt_and_tag
 .text.mbedtls_gcm_auth_decrypt
                0x080070a2       0x5a ioLibrary_Driver\Internet\TLS\mbedtls\library\gcm.o
                0x080070a2                mbedtls_gcm_auth_decrypt
 .text.mbedtls_gcm_free
                0x080070fc       0x1c ioLibrary_Driver\Internet\TLS\mbedtls\library\gcm.o
                0x080070fc                mbedtls_gcm_free
 .text.mbedtls_md_info_from_type
                0x08007118       0x1c ioLibrary_Driver\Internet\TLS\mbedtls\library\md.o
                0x08007118                mbedtls_md_info_from_type
 .text.mbedtls_md_init
                0x08007134        0xa ioLibrary_Driver\Internet\TLS\mbedtls\library\md.o
                0x08007134                mbedtls_md_init
 .text.mbedtls_md_free
                0x0800713e       0x42 ioLibrary_Driver\Internet\TLS\mbedtls\library\md.o
                0x0800713e                mbedtls_md_free
 .text.mbedtls_md_setup
                0x08007180       0x40 ioLibrary_Driver\Internet\TLS\mbedtls\library\md.o
                0x08007180                mbedtls_md_setup
 .text.mbedtls_md
                0x080071c0       0x20 ioLibrary_Driver\Internet\TLS\mbedtls\library\md.o
                0x080071c0                mbedtls_md
 .text.mbedtls_md_hmac_starts
                0x080071e0       0xc8 ioLibrary_Driver\Internet\TLS\mbedtls\library\md.o
                0x080071e0                mbedtls_md_hmac_starts
 .text.mbedtls_md_hmac_update
                0x080072a8       0x24 ioLibrary_Driver\Internet\TLS\mbedtls\library\md.o
                0x080072a8                mbedtls_md_hmac_update
 .text.mbedtls_md_hmac_finish
                0x080072cc       0x64 ioLibrary_Driver\Internet\TLS\mbedtls\library\md.o
                0x080072cc                mbedtls_md_hmac_finish
 .text.mbedtls_md_hmac_reset
                0x08007330       0x30 ioLibrary_Driver\Internet\TLS\mbedtls\library\md.o
                0x08007330                mbedtls_md_hmac_reset
 .text.mbedtls_md_process
                0x08007360       0x14 ioLibrary_Driver\Internet\TLS\mbedtls\library\md.o
                0x08007360                mbedtls_md_process
 .text.mbedtls_md_get_size
                0x08007374        0x8 ioLibrary_Driver\Internet\TLS\mbedtls\library\md.o
                0x08007374                mbedtls_md_get_size
 .text.sha224_process_wrap
                0x0800737c        0x4 ioLibrary_Driver\Internet\TLS\mbedtls\library\md_wrap.o
 .text.sha224_clone_wrap
                0x08007380        0x4 ioLibrary_Driver\Internet\TLS\mbedtls\library\md_wrap.o
 .text.sha224_ctx_free
                0x08007384       0x12 ioLibrary_Driver\Internet\TLS\mbedtls\library\md_wrap.o
 .text.sha224_ctx_alloc
                0x08007396       0x16 ioLibrary_Driver\Internet\TLS\mbedtls\library\md_wrap.o
 .text.sha224_wrap
                0x080073ac        0x6 ioLibrary_Driver\Internet\TLS\mbedtls\library\md_wrap.o
 .text.sha256_wrap
                0x080073b2        0x6 ioLibrary_Driver\Internet\TLS\mbedtls\library\md_wrap.o
 .text.sha224_finish_wrap
                0x080073b8        0x4 ioLibrary_Driver\Internet\TLS\mbedtls\library\md_wrap.o
 .text.sha224_update_wrap
                0x080073bc        0x4 ioLibrary_Driver\Internet\TLS\mbedtls\library\md_wrap.o
 .text.sha224_starts_wrap
                0x080073c0        0x6 ioLibrary_Driver\Internet\TLS\mbedtls\library\md_wrap.o
 .text.sha256_starts_wrap
                0x080073c6        0x6 ioLibrary_Driver\Internet\TLS\mbedtls\library\md_wrap.o
 .text.oid_sig_alg_from_asn1
                0x080073cc       0x30 ioLibrary_Driver\Internet\TLS\mbedtls\library\oid.o
 .text.mbedtls_oid_get_attr_short_name
                0x080073fc       0x34 ioLibrary_Driver\Internet\TLS\mbedtls\library\oid.o
                0x080073fc                mbedtls_oid_get_attr_short_name
 .text.mbedtls_oid_get_x509_ext_type
                0x08007430       0x34 ioLibrary_Driver\Internet\TLS\mbedtls\library\oid.o
                0x08007430                mbedtls_oid_get_x509_ext_type
 .text.mbedtls_oid_get_extended_key_usage
                0x08007464       0x34 ioLibrary_Driver\Internet\TLS\mbedtls\library\oid.o
                0x08007464                mbedtls_oid_get_extended_key_usage
 .text.mbedtls_oid_get_sig_alg_desc
                0x08007498       0x18 ioLibrary_Driver\Internet\TLS\mbedtls\library\oid.o
                0x08007498                mbedtls_oid_get_sig_alg_desc
 .text.mbedtls_oid_get_sig_alg
                0x080074b0       0x1e ioLibrary_Driver\Internet\TLS\mbedtls\library\oid.o
                0x080074b0                mbedtls_oid_get_sig_alg
 *fill*         0x080074ce        0x2 
 .text.mbedtls_oid_get_pk_alg
                0x080074d0       0x34 ioLibrary_Driver\Internet\TLS\mbedtls\library\oid.o
                0x080074d0                mbedtls_oid_get_pk_alg
 .text.mbedtls_oid_get_oid_by_md
                0x08007504       0x28 ioLibrary_Driver\Internet\TLS\mbedtls\library\oid.o
                0x08007504                mbedtls_oid_get_oid_by_md
 .text.mbedtls_pem_init
                0x0800752c        0xa ioLibrary_Driver\Internet\TLS\mbedtls\library\pem.o
                0x0800752c                mbedtls_pem_init
 *fill*         0x08007536        0x2 
 .text.mbedtls_pem_read_buffer
                0x08007538      0x11c ioLibrary_Driver\Internet\TLS\mbedtls\library\pem.o
                0x08007538                mbedtls_pem_read_buffer
 .text.mbedtls_pem_free
                0x08007654       0x36 ioLibrary_Driver\Internet\TLS\mbedtls\library\pem.o
                0x08007654                mbedtls_pem_free
 .text.mbedtls_pk_free
                0x0800768a       0x22 ioLibrary_Driver\Internet\TLS\mbedtls\library\pk.o
                0x0800768a                mbedtls_pk_free
 .text.mbedtls_pk_info_from_type
                0x080076ac       0x10 ioLibrary_Driver\Internet\TLS\mbedtls\library\pk.o
                0x080076ac                mbedtls_pk_info_from_type
 .text.mbedtls_pk_setup
                0x080076bc       0x2c ioLibrary_Driver\Internet\TLS\mbedtls\library\pk.o
                0x080076bc                mbedtls_pk_setup
 .text.mbedtls_pk_can_do
                0x080076e8       0x10 ioLibrary_Driver\Internet\TLS\mbedtls\library\pk.o
                0x080076e8                mbedtls_pk_can_do
 .text.mbedtls_pk_verify
                0x080076f8       0x5c ioLibrary_Driver\Internet\TLS\mbedtls\library\pk.o
                0x080076f8                mbedtls_pk_verify
 .text.mbedtls_pk_verify_ext
                0x08007754       0x64 ioLibrary_Driver\Internet\TLS\mbedtls\library\pk.o
                0x08007754                mbedtls_pk_verify_ext
 .text.mbedtls_pk_sign
                0x080077b8       0x68 ioLibrary_Driver\Internet\TLS\mbedtls\library\pk.o
                0x080077b8                mbedtls_pk_sign
 .text.mbedtls_pk_encrypt
                0x08007820       0x2c ioLibrary_Driver\Internet\TLS\mbedtls\library\pk.o
                0x08007820                mbedtls_pk_encrypt
 .text.mbedtls_pk_get_bitlen
                0x0800784c       0x10 ioLibrary_Driver\Internet\TLS\mbedtls\library\pk.o
                0x0800784c                mbedtls_pk_get_bitlen
 .text.mbedtls_pk_debug
                0x0800785c       0x24 ioLibrary_Driver\Internet\TLS\mbedtls\library\pk.o
                0x0800785c                mbedtls_pk_debug
 .text.mbedtls_pk_get_name
                0x08007880       0x14 ioLibrary_Driver\Internet\TLS\mbedtls\library\pk.o
                0x08007880                mbedtls_pk_get_name
 .text.mbedtls_pk_get_type
                0x08007894        0xa ioLibrary_Driver\Internet\TLS\mbedtls\library\pk.o
                0x08007894                mbedtls_pk_get_type
 .text.rsa_can_do
                0x0800789e        0xc ioLibrary_Driver\Internet\TLS\mbedtls\library\pk_wrap.o
 *fill*         0x080078aa        0x2 
 .text.rsa_debug
                0x080078ac       0x24 ioLibrary_Driver\Internet\TLS\mbedtls\library\pk_wrap.o
 .text.rsa_free_wrap
                0x080078d0       0x12 ioLibrary_Driver\Internet\TLS\mbedtls\library\pk_wrap.o
 .text.rsa_alloc_wrap
                0x080078e2       0x1a ioLibrary_Driver\Internet\TLS\mbedtls\library\pk_wrap.o
 .text.rsa_check_pair_wrap
                0x080078fc        0x4 ioLibrary_Driver\Internet\TLS\mbedtls\library\pk_wrap.o
 .text.rsa_get_bitlen
                0x08007900        0xa ioLibrary_Driver\Internet\TLS\mbedtls\library\pk_wrap.o
 *fill*         0x0800790a        0x2 
 .text.rsa_encrypt_wrap
                0x0800790c       0x4c ioLibrary_Driver\Internet\TLS\mbedtls\library\pk_wrap.o
 .text.rsa_decrypt_wrap
                0x08007958       0x4c ioLibrary_Driver\Internet\TLS\mbedtls\library\pk_wrap.o
 .text.rsa_sign_wrap
                0x080079a4       0x40 ioLibrary_Driver\Internet\TLS\mbedtls\library\pk_wrap.o
 .text.rsa_verify_wrap
                0x080079e4       0x4c ioLibrary_Driver\Internet\TLS\mbedtls\library\pk_wrap.o
 .text.pk_get_rsapubkey
                0x08007a30       0xc0 ioLibrary_Driver\Internet\TLS\mbedtls\library\pkparse.o
 .text.pk_get_pk_alg
                0x08007af0       0x54 ioLibrary_Driver\Internet\TLS\mbedtls\library\pkparse.o
 .text.mbedtls_pk_parse_subpubkey
                0x08007b44       0xac ioLibrary_Driver\Internet\TLS\mbedtls\library\pkparse.o
                0x08007b44                mbedtls_pk_parse_subpubkey
 .text.rsa_rsassa_pkcs1_v15_encode
                0x08007bf0      0x11c ioLibrary_Driver\Internet\TLS\mbedtls\library\rsa.o
 .text.rsa_check_context.isra.0
                0x08007d0c       0xb8 ioLibrary_Driver\Internet\TLS\mbedtls\library\rsa.o
 .text.mbedtls_rsa_import_raw
                0x08007dc4       0x84 ioLibrary_Driver\Internet\TLS\mbedtls\library\rsa.o
                0x08007dc4                mbedtls_rsa_import_raw
 .text.mbedtls_rsa_complete
                0x08007e48      0x130 ioLibrary_Driver\Internet\TLS\mbedtls\library\rsa.o
                0x08007e48                mbedtls_rsa_complete
 .text.mbedtls_rsa_init
                0x08007f78       0x1a ioLibrary_Driver\Internet\TLS\mbedtls\library\rsa.o
                0x08007f78                mbedtls_rsa_init
 .text.mbedtls_rsa_get_len
                0x08007f92        0x4 ioLibrary_Driver\Internet\TLS\mbedtls\library\rsa.o
                0x08007f92                mbedtls_rsa_get_len
 *fill*         0x08007f96        0x2 
 .text.mbedtls_rsa_check_pubkey
                0x08007f98       0x48 ioLibrary_Driver\Internet\TLS\mbedtls\library\rsa.o
                0x08007f98                mbedtls_rsa_check_pubkey
 .text.mbedtls_rsa_check_privkey
                0x08007fe0       0x6c ioLibrary_Driver\Internet\TLS\mbedtls\library\rsa.o
                0x08007fe0                mbedtls_rsa_check_privkey
 .text.mbedtls_rsa_check_pub_priv
                0x0800804c       0x38 ioLibrary_Driver\Internet\TLS\mbedtls\library\rsa.o
                0x0800804c                mbedtls_rsa_check_pub_priv
 .text.mbedtls_rsa_public
                0x08008084       0x7c ioLibrary_Driver\Internet\TLS\mbedtls\library\rsa.o
                0x08008084                mbedtls_rsa_public
 .text.mbedtls_rsa_private
                0x08008100      0x378 ioLibrary_Driver\Internet\TLS\mbedtls\library\rsa.o
                0x08008100                mbedtls_rsa_private
 .text.mbedtls_rsa_rsaes_pkcs1_v15_encrypt
                0x08008478       0xe4 ioLibrary_Driver\Internet\TLS\mbedtls\library\rsa.o
                0x08008478                mbedtls_rsa_rsaes_pkcs1_v15_encrypt
 .text.mbedtls_rsa_pkcs1_encrypt
                0x0800855c       0x18 ioLibrary_Driver\Internet\TLS\mbedtls\library\rsa.o
                0x0800855c                mbedtls_rsa_pkcs1_encrypt
 .text.mbedtls_rsa_rsaes_pkcs1_v15_decrypt
                0x08008574      0x114 ioLibrary_Driver\Internet\TLS\mbedtls\library\rsa.o
                0x08008574                mbedtls_rsa_rsaes_pkcs1_v15_decrypt
 .text.mbedtls_rsa_pkcs1_decrypt
                0x08008688       0x1c ioLibrary_Driver\Internet\TLS\mbedtls\library\rsa.o
                0x08008688                mbedtls_rsa_pkcs1_decrypt
 .text.mbedtls_rsa_rsassa_pkcs1_v15_sign
                0x080086a4       0xcc ioLibrary_Driver\Internet\TLS\mbedtls\library\rsa.o
                0x080086a4                mbedtls_rsa_rsassa_pkcs1_v15_sign
 .text.mbedtls_rsa_pkcs1_sign
                0x08008770       0x20 ioLibrary_Driver\Internet\TLS\mbedtls\library\rsa.o
                0x08008770                mbedtls_rsa_pkcs1_sign
 .text.mbedtls_rsa_rsassa_pkcs1_v15_verify
                0x08008790       0xd8 ioLibrary_Driver\Internet\TLS\mbedtls\library\rsa.o
                0x08008790                mbedtls_rsa_rsassa_pkcs1_v15_verify
 .text.mbedtls_rsa_pkcs1_verify
                0x08008868       0x20 ioLibrary_Driver\Internet\TLS\mbedtls\library\rsa.o
                0x08008868                mbedtls_rsa_pkcs1_verify
 .text.mbedtls_rsa_free
                0x08008888       0x6e ioLibrary_Driver\Internet\TLS\mbedtls\library\rsa.o
                0x08008888                mbedtls_rsa_free
 *fill*         0x080088f6        0x2 
 .text.mbedtls_rsa_deduce_primes
                0x080088f8      0x1e4 ioLibrary_Driver\Internet\TLS\mbedtls\library\rsa_internal.o
                0x080088f8                mbedtls_rsa_deduce_primes
 .text.mbedtls_rsa_deduce_private_exponent
                0x08008adc       0xbc ioLibrary_Driver\Internet\TLS\mbedtls\library\rsa_internal.o
                0x08008adc                mbedtls_rsa_deduce_private_exponent
 .text.mbedtls_rsa_validate_crt
                0x08008b98      0x108 ioLibrary_Driver\Internet\TLS\mbedtls\library\rsa_internal.o
                0x08008b98                mbedtls_rsa_validate_crt
 .text.mbedtls_rsa_validate_params
                0x08008ca0      0x18c ioLibrary_Driver\Internet\TLS\mbedtls\library\rsa_internal.o
                0x08008ca0                mbedtls_rsa_validate_params
 .text.mbedtls_rsa_deduce_crt
                0x08008e2c       0x86 ioLibrary_Driver\Internet\TLS\mbedtls\library\rsa_internal.o
                0x08008e2c                mbedtls_rsa_deduce_crt
 .text.mbedtls_sha256_init
                0x08008eb2        0x8 ioLibrary_Driver\Internet\TLS\mbedtls\library\sha256.o
                0x08008eb2                mbedtls_sha256_init
 .text.mbedtls_sha256_free
                0x08008eba       0x14 ioLibrary_Driver\Internet\TLS\mbedtls\library\sha256.o
                0x08008eba                mbedtls_sha256_free
 .text.mbedtls_sha256_clone
                0x08008ece        0xa ioLibrary_Driver\Internet\TLS\mbedtls\library\sha256.o
                0x08008ece                mbedtls_sha256_clone
 .text.mbedtls_sha256_starts_ret
                0x08008ed8       0xa0 ioLibrary_Driver\Internet\TLS\mbedtls\library\sha256.o
                0x08008ed8                mbedtls_sha256_starts_ret
 .text.mbedtls_internal_sha256_process
                0x08008f78      0x6a4 ioLibrary_Driver\Internet\TLS\mbedtls\library\sha256.o
                0x08008f78                mbedtls_internal_sha256_process
 .text.mbedtls_sha256_update_ret.part.0
                0x0800961c       0x7c ioLibrary_Driver\Internet\TLS\mbedtls\library\sha256.o
 .text.mbedtls_sha256_update_ret
                0x08009698        0xa ioLibrary_Driver\Internet\TLS\mbedtls\library\sha256.o
                0x08009698                mbedtls_sha256_update_ret
 *fill*         0x080096a2        0x2 
 .text.mbedtls_sha256_finish_ret
                0x080096a4      0x10c ioLibrary_Driver\Internet\TLS\mbedtls\library\sha256.o
                0x080096a4                mbedtls_sha256_finish_ret
 .text.mbedtls_sha256_ret
                0x080097b0       0x42 ioLibrary_Driver\Internet\TLS\mbedtls\library\sha256.o
                0x080097b0                mbedtls_sha256_ret
 *fill*         0x080097f2        0x2 
 .text.mbedtls_ssl_list_ciphersuites
                0x080097f4        0x8 ioLibrary_Driver\Internet\TLS\mbedtls\library\ssl_ciphersuites.o
                0x080097f4                mbedtls_ssl_list_ciphersuites
 .text.mbedtls_ssl_ciphersuite_from_id
                0x080097fc       0x18 ioLibrary_Driver\Internet\TLS\mbedtls\library\ssl_ciphersuites.o
                0x080097fc                mbedtls_ssl_ciphersuite_from_id
 .text.mbedtls_ssl_get_ciphersuite_name
                0x08009814       0x14 ioLibrary_Driver\Internet\TLS\mbedtls\library\ssl_ciphersuites.o
                0x08009814                mbedtls_ssl_get_ciphersuite_name
 .text.mbedtls_ssl_own_key
                0x08009828       0x16 ioLibrary_Driver\Internet\TLS\mbedtls\library\ssl_cli.o
 *fill*         0x0800983e        0x2 
 .text.mbedtls_ssl_handshake_client_step
                0x08009840      0xfac ioLibrary_Driver\Internet\TLS\mbedtls\library\ssl_cli.o
                0x08009840                mbedtls_ssl_handshake_client_step
 .text.mbedtls_zeroize
                0x0800a7ec       0x10 ioLibrary_Driver\Internet\TLS\mbedtls\library\ssl_tls.o
 .text.ssl_set_timer
                0x0800a7fc       0x38 ioLibrary_Driver\Internet\TLS\mbedtls\library\ssl_tls.o
 .text.ssl_calc_finished_tls_sha256
                0x0800a834       0xd8 ioLibrary_Driver\Internet\TLS\mbedtls\library\ssl_tls.o
 .text.ssl_calc_verify_tls_sha256
                0x0800a90c       0x78 ioLibrary_Driver\Internet\TLS\mbedtls\library\ssl_tls.o
 .text.ssl_update_checksum_sha256
                0x0800a984        0x8 ioLibrary_Driver\Internet\TLS\mbedtls\library\ssl_tls.o
 .text.ssl_update_checksum_start
                0x0800a98c        0x4 ioLibrary_Driver\Internet\TLS\mbedtls\library\ssl_tls.o
 .text.tls_prf_sha256
                0x0800a990      0x11c ioLibrary_Driver\Internet\TLS\mbedtls\library\ssl_tls.o
 .text.mbedtls_ssl_derive_keys
                0x0800aaac      0x48c ioLibrary_Driver\Internet\TLS\mbedtls\library\ssl_tls.o
                0x0800aaac                mbedtls_ssl_derive_keys
 .text.mbedtls_ssl_fetch_input
                0x0800af38      0x14c ioLibrary_Driver\Internet\TLS\mbedtls\library\ssl_tls.o
                0x0800af38                mbedtls_ssl_fetch_input
 .text.mbedtls_ssl_flush_output
                0x0800b084      0x120 ioLibrary_Driver\Internet\TLS\mbedtls\library\ssl_tls.o
                0x0800b084                mbedtls_ssl_flush_output
 .text.mbedtls_ssl_write_record
                0x0800b1a4      0x560 ioLibrary_Driver\Internet\TLS\mbedtls\library\ssl_tls.o
                0x0800b1a4                mbedtls_ssl_write_record
 .text.mbedtls_ssl_prepare_handshake_record
                0x0800b704       0x8c ioLibrary_Driver\Internet\TLS\mbedtls\library\ssl_tls.o
                0x0800b704                mbedtls_ssl_prepare_handshake_record
 .text.mbedtls_ssl_update_handshake_status
                0x0800b790       0x20 ioLibrary_Driver\Internet\TLS\mbedtls\library\ssl_tls.o
                0x0800b790                mbedtls_ssl_update_handshake_status
 .text.mbedtls_ssl_handle_message_type
                0x0800b7b0       0xb8 ioLibrary_Driver\Internet\TLS\mbedtls\library\ssl_tls.o
                0x0800b7b0                mbedtls_ssl_handle_message_type
 .text.mbedtls_ssl_send_alert_message
                0x0800b868       0xa8 ioLibrary_Driver\Internet\TLS\mbedtls\library\ssl_tls.o
                0x0800b868                mbedtls_ssl_send_alert_message
 .text.mbedtls_ssl_read_record_layer
                0x0800b910      0x730 ioLibrary_Driver\Internet\TLS\mbedtls\library\ssl_tls.o
                0x0800b910                mbedtls_ssl_read_record_layer
 .text.mbedtls_ssl_read_record
                0x0800c040       0xac ioLibrary_Driver\Internet\TLS\mbedtls\library\ssl_tls.o
                0x0800c040                mbedtls_ssl_read_record
 .text.mbedtls_ssl_write_certificate
                0x0800c0ec      0x190 ioLibrary_Driver\Internet\TLS\mbedtls\library\ssl_tls.o
                0x0800c0ec                mbedtls_ssl_write_certificate
 .text.mbedtls_ssl_parse_certificate
                0x0800c27c      0x344 ioLibrary_Driver\Internet\TLS\mbedtls\library\ssl_tls.o
                0x0800c27c                mbedtls_ssl_parse_certificate
 .text.mbedtls_ssl_write_change_cipher_spec
                0x0800c5c0       0x74 ioLibrary_Driver\Internet\TLS\mbedtls\library\ssl_tls.o
                0x0800c5c0                mbedtls_ssl_write_change_cipher_spec
 .text.mbedtls_ssl_parse_change_cipher_spec
                0x0800c634       0xfc ioLibrary_Driver\Internet\TLS\mbedtls\library\ssl_tls.o
                0x0800c634                mbedtls_ssl_parse_change_cipher_spec
 .text.mbedtls_ssl_optimize_checksum
                0x0800c730       0x34 ioLibrary_Driver\Internet\TLS\mbedtls\library\ssl_tls.o
                0x0800c730                mbedtls_ssl_optimize_checksum
 .text.mbedtls_ssl_write_finished
                0x0800c764       0xec ioLibrary_Driver\Internet\TLS\mbedtls\library\ssl_tls.o
                0x0800c764                mbedtls_ssl_write_finished
 .text.mbedtls_ssl_parse_finished
                0x0800c850      0x120 ioLibrary_Driver\Internet\TLS\mbedtls\library\ssl_tls.o
                0x0800c850                mbedtls_ssl_parse_finished
 .text.mbedtls_ssl_session_init
                0x0800c970        0x8 ioLibrary_Driver\Internet\TLS\mbedtls\library\ssl_tls.o
                0x0800c970                mbedtls_ssl_session_init
 .text.mbedtls_ssl_init
                0x0800c978        0x8 ioLibrary_Driver\Internet\TLS\mbedtls\library\ssl_tls.o
                0x0800c978                mbedtls_ssl_init
 .text.mbedtls_ssl_conf_authmode
                0x0800c980        0xe ioLibrary_Driver\Internet\TLS\mbedtls\library\ssl_tls.o
                0x0800c980                mbedtls_ssl_conf_authmode
 .text.mbedtls_ssl_conf_rng
                0x0800c98e        0x6 ioLibrary_Driver\Internet\TLS\mbedtls\library\ssl_tls.o
                0x0800c98e                mbedtls_ssl_conf_rng
 .text.mbedtls_ssl_conf_dbg
                0x0800c994        0x6 ioLibrary_Driver\Internet\TLS\mbedtls\library\ssl_tls.o
                0x0800c994                mbedtls_ssl_conf_dbg
 .text.mbedtls_ssl_set_bio
                0x0800c99a        0xc ioLibrary_Driver\Internet\TLS\mbedtls\library\ssl_tls.o
                0x0800c99a                mbedtls_ssl_set_bio
 .text.mbedtls_ssl_conf_ca_chain
                0x0800c9a6        0x6 ioLibrary_Driver\Internet\TLS\mbedtls\library\ssl_tls.o
                0x0800c9a6                mbedtls_ssl_conf_ca_chain
 .text.mbedtls_ssl_set_hostname
                0x0800c9ac       0x6c ioLibrary_Driver\Internet\TLS\mbedtls\library\ssl_tls.o
                0x0800c9ac                mbedtls_ssl_set_hostname
 .text.mbedtls_ssl_get_ciphersuite
                0x0800ca18       0x10 ioLibrary_Driver\Internet\TLS\mbedtls\library\ssl_tls.o
                0x0800ca18                mbedtls_ssl_get_ciphersuite
 .text.mbedtls_ssl_handshake_step
                0x0800ca28       0x34 ioLibrary_Driver\Internet\TLS\mbedtls\library\ssl_tls.o
                0x0800ca28                mbedtls_ssl_handshake_step
 .text.mbedtls_ssl_handshake
                0x0800ca5c       0x5c ioLibrary_Driver\Internet\TLS\mbedtls\library\ssl_tls.o
                0x0800ca5c                mbedtls_ssl_handshake
 .text.mbedtls_ssl_read
                0x0800cab8      0x1f8 ioLibrary_Driver\Internet\TLS\mbedtls\library\ssl_tls.o
                0x0800cab8                mbedtls_ssl_read
 .text.mbedtls_ssl_write
                0x0800ccb0       0xe0 ioLibrary_Driver\Internet\TLS\mbedtls\library\ssl_tls.o
                0x0800ccb0                mbedtls_ssl_write
 .text.mbedtls_ssl_close_notify
                0x0800cd90       0x88 ioLibrary_Driver\Internet\TLS\mbedtls\library\ssl_tls.o
                0x0800cd90                mbedtls_ssl_close_notify
 .text.mbedtls_ssl_transform_free
                0x0800ce18       0x32 ioLibrary_Driver\Internet\TLS\mbedtls\library\ssl_tls.o
                0x0800ce18                mbedtls_ssl_transform_free
 .text.mbedtls_ssl_handshake_free
                0x0800ce4a       0x1c ioLibrary_Driver\Internet\TLS\mbedtls\library\ssl_tls.o
                0x0800ce4a                mbedtls_ssl_handshake_free
 .text.mbedtls_ssl_session_free
                0x0800ce66       0x22 ioLibrary_Driver\Internet\TLS\mbedtls\library\ssl_tls.o
                0x0800ce66                mbedtls_ssl_session_free
 .text.mbedtls_ssl_handshake_wrapup
                0x0800ce88       0xd4 ioLibrary_Driver\Internet\TLS\mbedtls\library\ssl_tls.o
                0x0800ce88                mbedtls_ssl_handshake_wrapup
 .text.ssl_handshake_init
                0x0800cf5c       0xf4 ioLibrary_Driver\Internet\TLS\mbedtls\library\ssl_tls.o
 .text.mbedtls_ssl_setup
                0x0800d050       0x98 ioLibrary_Driver\Internet\TLS\mbedtls\library\ssl_tls.o
                0x0800d050                mbedtls_ssl_setup
 .text.mbedtls_ssl_free
                0x0800d0e8       0xd0 ioLibrary_Driver\Internet\TLS\mbedtls\library\ssl_tls.o
                0x0800d0e8                mbedtls_ssl_free
 .text.mbedtls_ssl_config_init
                0x0800d1b8        0x8 ioLibrary_Driver\Internet\TLS\mbedtls\library\ssl_tls.o
                0x0800d1b8                mbedtls_ssl_config_init
 .text.mbedtls_ssl_config_defaults
                0x0800d1c0       0x78 ioLibrary_Driver\Internet\TLS\mbedtls\library\ssl_tls.o
                0x0800d1c0                mbedtls_ssl_config_defaults
 .text.mbedtls_ssl_config_free
                0x0800d238       0x1e ioLibrary_Driver\Internet\TLS\mbedtls\library\ssl_tls.o
                0x0800d238                mbedtls_ssl_config_free
 .text.mbedtls_ssl_sig_from_pk
                0x0800d256       0x10 ioLibrary_Driver\Internet\TLS\mbedtls\library\ssl_tls.o
                0x0800d256                mbedtls_ssl_sig_from_pk
 .text.mbedtls_ssl_hash_from_md_alg
                0x0800d266       0x12 ioLibrary_Driver\Internet\TLS\mbedtls\library\ssl_tls.o
                0x0800d266                mbedtls_ssl_hash_from_md_alg
 .text.mbedtls_ssl_write_version
                0x0800d278        0x6 ioLibrary_Driver\Internet\TLS\mbedtls\library\ssl_tls.o
                0x0800d278                mbedtls_ssl_write_version
 .text.mbedtls_ssl_read_version
                0x0800d27e        0xa ioLibrary_Driver\Internet\TLS\mbedtls\library\ssl_tls.o
                0x0800d27e                mbedtls_ssl_read_version
 .text.x509_parse_int
                0x0800d288       0x38 ioLibrary_Driver\Internet\TLS\mbedtls\library\x509.o
 .text.mbedtls_x509_get_serial
                0x0800d2c0       0x50 ioLibrary_Driver\Internet\TLS\mbedtls\library\x509.o
                0x0800d2c0                mbedtls_x509_get_serial
 .text.mbedtls_x509_get_alg
                0x0800d310        0xe ioLibrary_Driver\Internet\TLS\mbedtls\library\x509.o
                0x0800d310                mbedtls_x509_get_alg
 *fill*         0x0800d31e        0x2 
 .text.mbedtls_x509_get_name
                0x0800d320       0xf8 ioLibrary_Driver\Internet\TLS\mbedtls\library\x509.o
                0x0800d320                mbedtls_x509_get_name
 .text.mbedtls_x509_get_time
                0x0800d418      0x164 ioLibrary_Driver\Internet\TLS\mbedtls\library\x509.o
                0x0800d418                mbedtls_x509_get_time
 .text.mbedtls_x509_get_sig
                0x0800d57c       0x3c ioLibrary_Driver\Internet\TLS\mbedtls\library\x509.o
                0x0800d57c                mbedtls_x509_get_sig
 .text.mbedtls_x509_get_sig_alg
                0x0800d5b8       0x40 ioLibrary_Driver\Internet\TLS\mbedtls\library\x509.o
                0x0800d5b8                mbedtls_x509_get_sig_alg
 .text.mbedtls_x509_get_ext
                0x0800d5f8       0x54 ioLibrary_Driver\Internet\TLS\mbedtls\library\x509.o
                0x0800d5f8                mbedtls_x509_get_ext
 .text.mbedtls_x509_dn_gets
                0x0800d64c      0x104 ioLibrary_Driver\Internet\TLS\mbedtls\library\x509.o
                0x0800d64c                mbedtls_x509_dn_gets
 .text.mbedtls_x509_serial_gets
                0x0800d750       0x94 ioLibrary_Driver\Internet\TLS\mbedtls\library\x509.o
                0x0800d750                mbedtls_x509_serial_gets
 .text.mbedtls_x509_sig_alg_gets
                0x0800d7e4       0x50 ioLibrary_Driver\Internet\TLS\mbedtls\library\x509.o
                0x0800d7e4                mbedtls_x509_sig_alg_gets
 .text.mbedtls_x509_key_size_helper
                0x0800d834       0x24 ioLibrary_Driver\Internet\TLS\mbedtls\library\x509.o
                0x0800d834                mbedtls_x509_key_size_helper
 .text.mbedtls_x509_time_is_past
                0x0800d858        0x4 ioLibrary_Driver\Internet\TLS\mbedtls\library\x509.o
                0x0800d858                mbedtls_x509_time_is_past
 .text.mbedtls_x509_time_is_future
                0x0800d85c        0x4 ioLibrary_Driver\Internet\TLS\mbedtls\library\x509.o
                0x0800d85c                mbedtls_x509_time_is_future
 .text.mbedtls_zeroize
                0x0800d860       0x10 ioLibrary_Driver\Internet\TLS\mbedtls\library\x509_crt.o
 .text.x509_memcasecmp
                0x0800d870       0x2e ioLibrary_Driver\Internet\TLS\mbedtls\library\x509_crt.o
 .text.x509_name_cmp
                0x0800d89e       0xa2 ioLibrary_Driver\Internet\TLS\mbedtls\library\x509_crt.o
 .text.x509_crt_check_parent
                0x0800d940       0x48 ioLibrary_Driver\Internet\TLS\mbedtls\library\x509_crt.o
 .text.x509_check_wildcard
                0x0800d988       0x5a ioLibrary_Driver\Internet\TLS\mbedtls\library\x509_crt.o
 .text.unlikely.x509_get_uid
                0x0800d9e2       0x36 ioLibrary_Driver\Internet\TLS\mbedtls\library\x509_crt.o
 .text.x509_profile_check_key.isra.3
                0x0800da18       0x26 ioLibrary_Driver\Internet\TLS\mbedtls\library\x509_crt.o
 .text.x509_crt_verify_top.isra.4
                0x0800da3e      0x1da ioLibrary_Driver\Internet\TLS\mbedtls\library\x509_crt.o
 .text.x509_crt_verify_child
                0x0800dc18      0x1f0 ioLibrary_Driver\Internet\TLS\mbedtls\library\x509_crt.o
 .text.mbedtls_x509_crt_info
                0x0800de08      0x684 ioLibrary_Driver\Internet\TLS\mbedtls\library\x509_crt.o
                0x0800de08                mbedtls_x509_crt_info
 .text.mbedtls_x509_crt_verify_with_profile
                0x0800e48c      0x1bc ioLibrary_Driver\Internet\TLS\mbedtls\library\x509_crt.o
                0x0800e48c                mbedtls_x509_crt_verify_with_profile
 .text.mbedtls_x509_crt_init
                0x0800e648        0xa ioLibrary_Driver\Internet\TLS\mbedtls\library\x509_crt.o
                0x0800e648                mbedtls_x509_crt_init
 .text.mbedtls_x509_crt_free
                0x0800e652       0xb4 ioLibrary_Driver\Internet\TLS\mbedtls\library\x509_crt.o
                0x0800e652                mbedtls_x509_crt_free
 *fill*         0x0800e706        0x2 
 .text.mbedtls_x509_crt_parse_der
                0x0800e708      0x64c ioLibrary_Driver\Internet\TLS\mbedtls\library\x509_crt.o
                0x0800e708                mbedtls_x509_crt_parse_der
 .text.mbedtls_x509_crt_parse
                0x0800ed54       0xe8 ioLibrary_Driver\Internet\TLS\mbedtls\library\x509_crt.o
                0x0800ed54                mbedtls_x509_crt_parse
 .text.Reset_Handler
                0x0800ee3c       0x50 startup\startup_stm32f401xe.o
                0x0800ee3c                Reset_Handler
 .text.Default_Handler
                0x0800ee8c        0x2 startup\startup_stm32f401xe.o
                0x0800ee8c                RTC_Alarm_IRQHandler
                0x0800ee8c                EXTI2_IRQHandler
                0x0800ee8c                SPI4_IRQHandler
                0x0800ee8c                TIM1_CC_IRQHandler
                0x0800ee8c                DMA2_Stream5_IRQHandler
                0x0800ee8c                DMA1_Stream5_IRQHandler
                0x0800ee8c                PVD_IRQHandler
                0x0800ee8c                SDIO_IRQHandler
                0x0800ee8c                TAMP_STAMP_IRQHandler
                0x0800ee8c                EXTI3_IRQHandler
                0x0800ee8c                TIM1_UP_TIM10_IRQHandler
                0x0800ee8c                I2C3_ER_IRQHandler
                0x0800ee8c                EXTI0_IRQHandler
                0x0800ee8c                I2C2_EV_IRQHandler
                0x0800ee8c                DMA1_Stream2_IRQHandler
                0x0800ee8c                FPU_IRQHandler
                0x0800ee8c                DMA2_Stream2_IRQHandler
                0x0800ee8c                SPI1_IRQHandler
                0x0800ee8c                TIM1_BRK_TIM9_IRQHandler
                0x0800ee8c                DMA2_Stream3_IRQHandler
                0x0800ee8c                USART6_IRQHandler
                0x0800ee8c                DMA2_Stream0_IRQHandler
                0x0800ee8c                TIM4_IRQHandler
                0x0800ee8c                I2C1_EV_IRQHandler
                0x0800ee8c                DMA1_Stream6_IRQHandler
                0x0800ee8c                DMA1_Stream1_IRQHandler
                0x0800ee8c                TIM3_IRQHandler
                0x0800ee8c                RCC_IRQHandler
                0x0800ee8c                Default_Handler
                0x0800ee8c                EXTI15_10_IRQHandler
                0x0800ee8c                ADC_IRQHandler
                0x0800ee8c                DMA1_Stream7_IRQHandler
                0x0800ee8c                TIM5_IRQHandler
                0x0800ee8c                DMA2_Stream7_IRQHandler
                0x0800ee8c                I2C3_EV_IRQHandler
                0x0800ee8c                EXTI9_5_IRQHandler
                0x0800ee8c                RTC_WKUP_IRQHandler
                0x0800ee8c                SPI2_IRQHandler
                0x0800ee8c                DMA1_Stream0_IRQHandler
                0x0800ee8c                EXTI4_IRQHandler
                0x0800ee8c                WWDG_IRQHandler
                0x0800ee8c                TIM2_IRQHandler
                0x0800ee8c                OTG_FS_WKUP_IRQHandler
                0x0800ee8c                TIM1_TRG_COM_TIM11_IRQHandler
                0x0800ee8c                EXTI1_IRQHandler
                0x0800ee8c                USART2_IRQHandler
                0x0800ee8c                I2C2_ER_IRQHandler
                0x0800ee8c                DMA2_Stream1_IRQHandler
                0x0800ee8c                FLASH_IRQHandler
                0x0800ee8c                DMA2_Stream4_IRQHandler
                0x0800ee8c                USART1_IRQHandler
                0x0800ee8c                OTG_FS_IRQHandler
                0x0800ee8c                SPI3_IRQHandler
                0x0800ee8c                DMA1_Stream4_IRQHandler
                0x0800ee8c                I2C1_ER_IRQHandler
                0x0800ee8c                DMA2_Stream6_IRQHandler
                0x0800ee8c                DMA1_Stream3_IRQHandler
 *fill*         0x0800ee8e        0x2 
 .text.calloc   0x0800ee90       0x10 c:/program files (x86)/atollic/truestudio for stm32 9.3.0/armtools/bin/../lib/gcc/arm-atollic-eabi/6.3.1/../../../../arm-atollic-eabi/lib/armv7e-m/fpu\libc_nano.a(lib_a-calloc.o)
                0x0800ee90                calloc
 .text.__errno  0x0800eea0        0xc c:/program files (x86)/atollic/truestudio for stm32 9.3.0/armtools/bin/../lib/gcc/arm-atollic-eabi/6.3.1/../../../../arm-atollic-eabi/lib/armv7e-m/fpu\libc_nano.a(lib_a-errno.o)
                0x0800eea0                __errno
 .text.__libc_init_array
                0x0800eeac       0x48 c:/program files (x86)/atollic/truestudio for stm32 9.3.0/armtools/bin/../lib/gcc/arm-atollic-eabi/6.3.1/../../../../arm-atollic-eabi/lib/armv7e-m/fpu\libc_nano.a(lib_a-init.o)
                0x0800eeac                __libc_init_array
 .text.malloc   0x0800eef4       0x10 c:/program files (x86)/atollic/truestudio for stm32 9.3.0/armtools/bin/../lib/gcc/arm-atollic-eabi/6.3.1/../../../../arm-atollic-eabi/lib/armv7e-m/fpu\libc_nano.a(lib_a-malloc.o)
                0x0800eef4                malloc
 .text.free     0x0800ef04       0x10 c:/program files (x86)/atollic/truestudio for stm32 9.3.0/armtools/bin/../lib/gcc/arm-atollic-eabi/6.3.1/../../../../arm-atollic-eabi/lib/armv7e-m/fpu\libc_nano.a(lib_a-malloc.o)
                0x0800ef04                free
 .text.memcmp   0x0800ef14       0x1e c:/program files (x86)/atollic/truestudio for stm32 9.3.0/armtools/bin/../lib/gcc/arm-atollic-eabi/6.3.1/../../../../arm-atollic-eabi/lib/armv7e-m/fpu\libc_nano.a(lib_a-memcmp.o)
                0x0800ef14                memcmp
 .text.memcpy   0x0800ef32       0x16 c:/program files (x86)/atollic/truestudio for stm32 9.3.0/armtools/bin/../lib/gcc/arm-atollic-eabi/6.3.1/../../../../arm-atollic-eabi/lib/armv7e-m/fpu\libc_nano.a(lib_a-memcpy-stub.o)
                0x0800ef32                memcpy
 .text.memmove  0x0800ef48       0x34 c:/program files (x86)/atollic/truestudio for stm32 9.3.0/armtools/bin/../lib/gcc/arm-atollic-eabi/6.3.1/../../../../arm-atollic-eabi/lib/armv7e-m/fpu\libc_nano.a(lib_a-memmove.o)
                0x0800ef48                memmove
 .text.memset   0x0800ef7c       0x10 c:/program files (x86)/atollic/truestudio for stm32 9.3.0/armtools/bin/../lib/gcc/arm-atollic-eabi/6.3.1/../../../../arm-atollic-eabi/lib/armv7e-m/fpu\libc_nano.a(lib_a-memset.o)
                0x0800ef7c                memset
 .text._calloc_r
                0x0800ef8c       0x1c c:/program files (x86)/atollic/truestudio for stm32 9.3.0/armtools/bin/../lib/gcc/arm-atollic-eabi/6.3.1/../../../../arm-atollic-eabi/lib/armv7e-m/fpu\libc_nano.a(lib_a-nano-callocr.o)
                0x0800ef8c                _calloc_r
 .text._free_r  0x0800efa8       0x9c c:/program files (x86)/atollic/truestudio for stm32 9.3.0/armtools/bin/../lib/gcc/arm-atollic-eabi/6.3.1/../../../../arm-atollic-eabi/lib/armv7e-m/fpu\libc_nano.a(lib_a-nano-freer.o)
                0x0800efa8                _free_r
 .text._malloc_r
                0x0800f044       0xbc c:/program files (x86)/atollic/truestudio for stm32 9.3.0/armtools/bin/../lib/gcc/arm-atollic-eabi/6.3.1/../../../../arm-atollic-eabi/lib/armv7e-m/fpu\libc_nano.a(lib_a-nano-mallocr.o)
                0x0800f044                _malloc_r
 .text.printf   0x0800f100       0x30 c:/program files (x86)/atollic/truestudio for stm32 9.3.0/armtools/bin/../lib/gcc/arm-atollic-eabi/6.3.1/../../../../arm-atollic-eabi/lib/armv7e-m/fpu\libc_nano.a(lib_a-printf.o)
                0x0800f100                iprintf
                0x0800f100                printf
 .text._puts_r  0x0800f130       0xb8 c:/program files (x86)/atollic/truestudio for stm32 9.3.0/armtools/bin/../lib/gcc/arm-atollic-eabi/6.3.1/../../../../arm-atollic-eabi/lib/armv7e-m/fpu\libc_nano.a(lib_a-puts.o)
                0x0800f130                _puts_r
 .text.puts     0x0800f1e8       0x10 c:/program files (x86)/atollic/truestudio for stm32 9.3.0/armtools/bin/../lib/gcc/arm-atollic-eabi/6.3.1/../../../../arm-atollic-eabi/lib/armv7e-m/fpu\libc_nano.a(lib_a-puts.o)
                0x0800f1e8                puts
 .text.srand    0x0800f1f8       0x50 c:/program files (x86)/atollic/truestudio for stm32 9.3.0/armtools/bin/../lib/gcc/arm-atollic-eabi/6.3.1/../../../../arm-atollic-eabi/lib/armv7e-m/fpu\libc_nano.a(lib_a-rand.o)
                0x0800f1f8                srand
 .text.rand     0x0800f248       0x74 c:/program files (x86)/atollic/truestudio for stm32 9.3.0/armtools/bin/../lib/gcc/arm-atollic-eabi/6.3.1/../../../../arm-atollic-eabi/lib/armv7e-m/fpu\libc_nano.a(lib_a-rand.o)
                0x0800f248                rand
 .text._sbrk_r  0x0800f2bc       0x20 c:/program files (x86)/atollic/truestudio for stm32 9.3.0/armtools/bin/../lib/gcc/arm-atollic-eabi/6.3.1/../../../../arm-atollic-eabi/lib/armv7e-m/fpu\libc_nano.a(lib_a-sbrkr.o)
                0x0800f2bc                _sbrk_r
 .text.snprintf
                0x0800f2dc       0x68 c:/program files (x86)/atollic/truestudio for stm32 9.3.0/armtools/bin/../lib/gcc/arm-atollic-eabi/6.3.1/../../../../arm-atollic-eabi/lib/armv7e-m/fpu\libc_nano.a(lib_a-snprintf.o)
                0x0800f2dc                sniprintf
                0x0800f2dc                snprintf
 .text.__sread  0x0800f344       0x22 c:/program files (x86)/atollic/truestudio for stm32 9.3.0/armtools/bin/../lib/gcc/arm-atollic-eabi/6.3.1/../../../../arm-atollic-eabi/lib/armv7e-m/fpu\libc_nano.a(lib_a-stdio.o)
                0x0800f344                __sread
 .text.__swrite
                0x0800f366       0x38 c:/program files (x86)/atollic/truestudio for stm32 9.3.0/armtools/bin/../lib/gcc/arm-atollic-eabi/6.3.1/../../../../arm-atollic-eabi/lib/armv7e-m/fpu\libc_nano.a(lib_a-stdio.o)
                0x0800f366                __swrite
 .text.__sseek  0x0800f39e       0x24 c:/program files (x86)/atollic/truestudio for stm32 9.3.0/armtools/bin/../lib/gcc/arm-atollic-eabi/6.3.1/../../../../arm-atollic-eabi/lib/armv7e-m/fpu\libc_nano.a(lib_a-stdio.o)
                0x0800f39e                __sseek
 .text.__sclose
                0x0800f3c2        0x8 c:/program files (x86)/atollic/truestudio for stm32 9.3.0/armtools/bin/../lib/gcc/arm-atollic-eabi/6.3.1/../../../../arm-atollic-eabi/lib/armv7e-m/fpu\libc_nano.a(lib_a-stdio.o)
                0x0800f3c2                __sclose
 .text.strncmp  0x0800f3ca       0x24 c:/program files (x86)/atollic/truestudio for stm32 9.3.0/armtools/bin/../lib/gcc/arm-atollic-eabi/6.3.1/../../../../arm-atollic-eabi/lib/armv7e-m/fpu\libc_nano.a(lib_a-strncmp.o)
                0x0800f3ca                strncmp
 .text.strstr   0x0800f3ee       0x36 c:/program files (x86)/atollic/truestudio for stm32 9.3.0/armtools/bin/../lib/gcc/arm-atollic-eabi/6.3.1/../../../../arm-atollic-eabi/lib/armv7e-m/fpu\libc_nano.a(lib_a-strstr.o)
                0x0800f3ee                strstr
 .text._vsnprintf_r
                0x0800f424       0x58 c:/program files (x86)/atollic/truestudio for stm32 9.3.0/armtools/bin/../lib/gcc/arm-atollic-eabi/6.3.1/../../../../arm-atollic-eabi/lib/armv7e-m/fpu\libc_nano.a(lib_a-vsnprintf.o)
                0x0800f424                _vsniprintf_r
                0x0800f424                _vsnprintf_r
 .text.vsnprintf
                0x0800f47c       0x1c c:/program files (x86)/atollic/truestudio for stm32 9.3.0/armtools/bin/../lib/gcc/arm-atollic-eabi/6.3.1/../../../../arm-atollic-eabi/lib/armv7e-m/fpu\libc_nano.a(lib_a-vsnprintf.o)
                0x0800f47c                vsniprintf
                0x0800f47c                vsnprintf
 .text.__swbuf_r
                0x0800f498       0xa4 c:/program files (x86)/atollic/truestudio for stm32 9.3.0/armtools/bin/../lib/gcc/arm-atollic-eabi/6.3.1/../../../../arm-atollic-eabi/lib/armv7e-m/fpu\libc_nano.a(lib_a-wbuf.o)
                0x0800f498                __swbuf_r
 .text._write_r
                0x0800f53c       0x24 c:/program files (x86)/atollic/truestudio for stm32 9.3.0/armtools/bin/../lib/gcc/arm-atollic-eabi/6.3.1/../../../../arm-atollic-eabi/lib/armv7e-m/fpu\libc_nano.a(lib_a-writer.o)
                0x0800f53c                _write_r
 .text.__swsetup_r
                0x0800f560       0xdc c:/program files (x86)/atollic/truestudio for stm32 9.3.0/armtools/bin/../lib/gcc/arm-atollic-eabi/6.3.1/../../../../arm-atollic-eabi/lib/armv7e-m/fpu\libc_nano.a(lib_a-wsetup.o)
                0x0800f560                __swsetup_r
 .text._close_r
                0x0800f63c       0x20 c:/program files (x86)/atollic/truestudio for stm32 9.3.0/armtools/bin/../lib/gcc/arm-atollic-eabi/6.3.1/../../../../arm-atollic-eabi/lib/armv7e-m/fpu\libc_nano.a(lib_a-closer.o)
                0x0800f63c                _close_r
 .text.__sflush_r
                0x0800f65c      0x110 c:/program files (x86)/atollic/truestudio for stm32 9.3.0/armtools/bin/../lib/gcc/arm-atollic-eabi/6.3.1/../../../../arm-atollic-eabi/lib/armv7e-m/fpu\libc_nano.a(lib_a-fflush.o)
                0x0800f65c                __sflush_r
 .text._fflush_r
                0x0800f76c       0x54 c:/program files (x86)/atollic/truestudio for stm32 9.3.0/armtools/bin/../lib/gcc/arm-atollic-eabi/6.3.1/../../../../arm-atollic-eabi/lib/armv7e-m/fpu\libc_nano.a(lib_a-fflush.o)
                0x0800f76c                _fflush_r
 .text._cleanup_r
                0x0800f7c0        0xc c:/program files (x86)/atollic/truestudio for stm32 9.3.0/armtools/bin/../lib/gcc/arm-atollic-eabi/6.3.1/../../../../arm-atollic-eabi/lib/armv7e-m/fpu\libc_nano.a(lib_a-findfp.o)
                0x0800f7c0                _cleanup_r
 .text.std.isra.0
                0x0800f7cc       0x48 c:/program files (x86)/atollic/truestudio for stm32 9.3.0/armtools/bin/../lib/gcc/arm-atollic-eabi/6.3.1/../../../../arm-atollic-eabi/lib/armv7e-m/fpu\libc_nano.a(lib_a-findfp.o)
 .text.__sfmoreglue
                0x0800f814       0x2c c:/program files (x86)/atollic/truestudio for stm32 9.3.0/armtools/bin/../lib/gcc/arm-atollic-eabi/6.3.1/../../../../arm-atollic-eabi/lib/armv7e-m/fpu\libc_nano.a(lib_a-findfp.o)
                0x0800f814                __sfmoreglue
 .text.__sinit  0x0800f840       0x60 c:/program files (x86)/atollic/truestudio for stm32 9.3.0/armtools/bin/../lib/gcc/arm-atollic-eabi/6.3.1/../../../../arm-atollic-eabi/lib/armv7e-m/fpu\libc_nano.a(lib_a-findfp.o)
                0x0800f840                __sinit
 .text.__sfp    0x0800f8a0       0x78 c:/program files (x86)/atollic/truestudio for stm32 9.3.0/armtools/bin/../lib/gcc/arm-atollic-eabi/6.3.1/../../../../arm-atollic-eabi/lib/armv7e-m/fpu\libc_nano.a(lib_a-findfp.o)
                0x0800f8a0                __sfp
 .text._fwalk_reent
                0x0800f918       0x3c c:/program files (x86)/atollic/truestudio for stm32 9.3.0/armtools/bin/../lib/gcc/arm-atollic-eabi/6.3.1/../../../../arm-atollic-eabi/lib/armv7e-m/fpu\libc_nano.a(lib_a-fwalk.o)
                0x0800f918                _fwalk_reent
 .text._lseek_r
                0x0800f954       0x24 c:/program files (x86)/atollic/truestudio for stm32 9.3.0/armtools/bin/../lib/gcc/arm-atollic-eabi/6.3.1/../../../../arm-atollic-eabi/lib/armv7e-m/fpu\libc_nano.a(lib_a-lseekr.o)
                0x0800f954                _lseek_r
 .text.__swhatbuf_r
                0x0800f978       0x48 c:/program files (x86)/atollic/truestudio for stm32 9.3.0/armtools/bin/../lib/gcc/arm-atollic-eabi/6.3.1/../../../../arm-atollic-eabi/lib/armv7e-m/fpu\libc_nano.a(lib_a-makebuf.o)
                0x0800f978                __swhatbuf_r
 .text.__smakebuf_r
                0x0800f9c0       0x80 c:/program files (x86)/atollic/truestudio for stm32 9.3.0/armtools/bin/../lib/gcc/arm-atollic-eabi/6.3.1/../../../../arm-atollic-eabi/lib/armv7e-m/fpu\libc_nano.a(lib_a-makebuf.o)
                0x0800f9c0                __smakebuf_r
 .text.__malloc_lock
                0x0800fa40        0x2 c:/program files (x86)/atollic/truestudio for stm32 9.3.0/armtools/bin/../lib/gcc/arm-atollic-eabi/6.3.1/../../../../arm-atollic-eabi/lib/armv7e-m/fpu\libc_nano.a(lib_a-mlock.o)
                0x0800fa40                __malloc_lock
 .text.__malloc_unlock
                0x0800fa42        0x2 c:/program files (x86)/atollic/truestudio for stm32 9.3.0/armtools/bin/../lib/gcc/arm-atollic-eabi/6.3.1/../../../../arm-atollic-eabi/lib/armv7e-m/fpu\libc_nano.a(lib_a-mlock.o)
                0x0800fa42                __malloc_unlock
 .text.__ssputs_r
                0x0800fa44       0xb6 c:/program files (x86)/atollic/truestudio for stm32 9.3.0/armtools/bin/../lib/gcc/arm-atollic-eabi/6.3.1/../../../../arm-atollic-eabi/lib/armv7e-m/fpu\libc_nano.a(lib_a-nano-svfprintf.o)
                0x0800fa44                __ssputs_r
 *fill*         0x0800fafa        0x2 
 .text._svfprintf_r
                0x0800fafc      0x1e8 c:/program files (x86)/atollic/truestudio for stm32 9.3.0/armtools/bin/../lib/gcc/arm-atollic-eabi/6.3.1/../../../../arm-atollic-eabi/lib/armv7e-m/fpu\libc_nano.a(lib_a-nano-svfprintf.o)
                0x0800fafc                _svfiprintf_r
                0x0800fafc                _svfprintf_r
 .text.__sfputc_r
                0x0800fce4       0x30 c:/program files (x86)/atollic/truestudio for stm32 9.3.0/armtools/bin/../lib/gcc/arm-atollic-eabi/6.3.1/../../../../arm-atollic-eabi/lib/armv7e-m/fpu\libc_nano.a(lib_a-nano-vfprintf.o)
 .text.__sfputs_r
                0x0800fd14       0x24 c:/program files (x86)/atollic/truestudio for stm32 9.3.0/armtools/bin/../lib/gcc/arm-atollic-eabi/6.3.1/../../../../arm-atollic-eabi/lib/armv7e-m/fpu\libc_nano.a(lib_a-nano-vfprintf.o)
                0x0800fd14                __sfputs_r
 .text._vfprintf_r
                0x0800fd38      0x22c c:/program files (x86)/atollic/truestudio for stm32 9.3.0/armtools/bin/../lib/gcc/arm-atollic-eabi/6.3.1/../../../../arm-atollic-eabi/lib/armv7e-m/fpu\libc_nano.a(lib_a-nano-vfprintf.o)
                0x0800fd38                _vfprintf_r
                0x0800fd38                _vfiprintf_r
 .text._printf_common
                0x0800ff64       0xec c:/program files (x86)/atollic/truestudio for stm32 9.3.0/armtools/bin/../lib/gcc/arm-atollic-eabi/6.3.1/../../../../arm-atollic-eabi/lib/armv7e-m/fpu\libc_nano.a(lib_a-nano-vfprintf_i.o)
                0x0800ff64                _printf_common
 .text._printf_i
                0x08010050      0x240 c:/program files (x86)/atollic/truestudio for stm32 9.3.0/armtools/bin/../lib/gcc/arm-atollic-eabi/6.3.1/../../../../arm-atollic-eabi/lib/armv7e-m/fpu\libc_nano.a(lib_a-nano-vfprintf_i.o)
                0x08010050                _printf_i
 .text._read_r  0x08010290       0x24 c:/program files (x86)/atollic/truestudio for stm32 9.3.0/armtools/bin/../lib/gcc/arm-atollic-eabi/6.3.1/../../../../arm-atollic-eabi/lib/armv7e-m/fpu\libc_nano.a(lib_a-readr.o)
                0x08010290                _read_r
 .text._fstat_r
                0x080102b4       0x24 c:/program files (x86)/atollic/truestudio for stm32 9.3.0/armtools/bin/../lib/gcc/arm-atollic-eabi/6.3.1/../../../../arm-atollic-eabi/lib/armv7e-m/fpu\libc_nano.a(lib_a-fstatr.o)
                0x080102b4                _fstat_r
 .text._isatty_r
                0x080102d8       0x20 c:/program files (x86)/atollic/truestudio for stm32 9.3.0/armtools/bin/../lib/gcc/arm-atollic-eabi/6.3.1/../../../../arm-atollic-eabi/lib/armv7e-m/fpu\libc_nano.a(lib_a-isattyr.o)