asn1parse.c:54:5:mbedtls_asn1_get_len	12	static
asn1parse.c:112:5:mbedtls_asn1_get_tag	12	static
asn1parse.c:127:5:mbedtls_asn1_get_bool	24	static
asn1parse.c:146:5:mbedtls_asn1_get_int	24	static
asn1parse.c:171:5:mbedtls_asn1_get_mpi	24	static
asn1parse.c:189:5:mbedtls_asn1_get_bitstring	16	static
asn1parse.c:222:5:mbedtls_asn1_get_bitstring_null	16	static
asn1parse.c:241:5:mbedtls_asn1_get_sequence_of	40	static
asn1parse.c:291:5:mbedtls_asn1_get_alg	40	static
asn1parse.c:335:5:mbedtls_asn1_get_alg_null	24	static
asn1parse.c:353:6:mbedtls_asn1_free_named_data	8	static
asn1parse.c:364:6:mbedtls_asn1_free_named_data_list	16	static
asn1parse.c:376:26:mbedtls_asn1_find_named_data	16	static
