bignum.c:412:12:mpi_get_digit	8	static
bignum.c:952:13:mpi_sub_hlp	20	static
bignum.c:1118:6:mpi_mul_hlp	32	static
bignum.c:87:6:mbedtls_mpi_init	0	static
bignum.c:100:6:mbedtls_mpi_free	8	static
bignum.c:119:5:mbedtls_mpi_grow	24	static
bignum.c:149:5:mbedtls_mpi_shrink	24	static
bignum.c:185:5:mbedtls_mpi_copy	24	static
bignum.c:219:6:mbedtls_mpi_swap	24	static
bignum.c:233:5:mbedtls_mpi_safe_cond_assign	24	static
bignum.c:261:5:mbedtls_mpi_safe_cond_swap	24	static
bignum.c:295:5:mbedtls_mpi_lset	16	static
bignum.c:313:5:mbedtls_mpi_get_bit	0	static
bignum.c:324:5:mbedtls_mpi_set_bit	24	static
bignum.c:352:8:mbedtls_mpi_lsb	16	static
bignum.c:385:8:mbedtls_mpi_bitlen	8	static
bignum.c:404:8:mbedtls_mpi_size	8	static
bignum.c:677:5:mbedtls_mpi_read_binary	24	static
bignum.c:704:5:mbedtls_mpi_write_binary	24	static
bignum.c:724:5:mbedtls_mpi_shift_l	24	static
bignum.c:774:5:mbedtls_mpi_shift_r	20	static
bignum.c:817:5:mbedtls_mpi_cmp_abs	16	static
bignum.c:1559:12:mpi_montmul	56	static
bignum.c:847:5:mbedtls_mpi_cmp_mpi	16	static
bignum.c:880:5:mbedtls_mpi_cmp_int	24	static
bignum.c:896:5:mbedtls_mpi_add_abs	24	static
bignum.c:973:5:mbedtls_mpi_sub_abs	40	static
bignum.c:1016:5:mbedtls_mpi_add_mpi	24	static
bignum.c:1047:5:mbedtls_mpi_sub_mpi	24	static
bignum.c:1078:5:mbedtls_mpi_add_int	24	static
bignum.c:1094:5:mbedtls_mpi_sub_int	24	static
bignum.c:1182:5:mbedtls_mpi_mul_mpi	56	static
bignum.c:1219:5:mbedtls_mpi_mul_int	24	static
bignum.c:429:5:mbedtls_mpi_read_string	48	static
bignum.c:1331:5:mbedtls_mpi_div_mpi	144	static
bignum.c:1446:5:mbedtls_mpi_div_int	24	static
bignum.c:1462:5:mbedtls_mpi_mod_mpi	16	static
bignum.c:1485:5:mbedtls_mpi_mod_int	20	static
bignum.c:501:12:mpi_write_hlp	32	static
bignum.c:528:5:mbedtls_mpi_write_string	48	static
bignum.c:1616:5:mbedtls_mpi_exp_mod	1656	static
bignum.c:1824:5:mbedtls_mpi_gcd	64	static
bignum.c:1880:5:mbedtls_mpi_fill_random	272	static
bignum.c:1901:5:mbedtls_mpi_inv_mod	136	static
