rsa.c:1623:12:rsa_rsassa_pkcs1_v15_encode	40	static
rsa.c:154:12:rsa_check_context.isra.0	24	static
rsa.c:92:5:mbedtls_rsa_import	32	static
rsa.c:114:5:mbedtls_rsa_import_raw	32	static
rsa.c:242:5:mbedtls_rsa_complete	56	static
rsa.c:333:5:mbedtls_rsa_export_raw	56	static
rsa.c:379:5:mbedtls_rsa_export	32	static
rsa.c:422:5:mbedtls_rsa_export_crt	24	static
rsa.c:460:6:mbedtls_rsa_init	16	static
rsa.c:476:6:mbedtls_rsa_set_padding	0	static
rsa.c:486:8:mbedtls_rsa_get_len	0	static
rsa.c:588:5:mbedtls_rsa_check_pubkey	16	static
rsa.c:611:5:mbedtls_rsa_check_privkey	40	static
rsa.c:639:5:mbedtls_rsa_check_pub_priv	16	static
rsa.c:660:5:mbedtls_rsa_public	48	static
rsa.c:768:5:mbedtls_rsa_private	176	static
rsa.c:1134:5:mbedtls_rsa_rsaes_pkcs1_v15_encrypt	48	static
rsa.c:1200:5:mbedtls_rsa_pkcs1_encrypt	16	static
rsa.c:1368:5:mbedtls_rsa_rsaes_pkcs1_v15_decrypt	288	static
rsa.c:1464:5:mbedtls_rsa_pkcs1_decrypt	20	static
rsa.c:1738:5:mbedtls_rsa_rsassa_pkcs1_v15_sign	40	static
rsa.c:1810:5:mbedtls_rsa_pkcs1_sign	20	static
rsa.c:2009:5:mbedtls_rsa_rsassa_pkcs1_v15_verify	48	static
rsa.c:2082:5:mbedtls_rsa_pkcs1_verify	20	static
rsa.c:2153:6:mbedtls_rsa_free	8	static
rsa.c:2113:5:mbedtls_rsa_copy	16	static
