ssl_tls.c:57:13:mbedtls_zeroize	0	static
ssl_tls.c:77:13:ssl_set_timer	24	static
ssl_tls.c:5098:13:ssl_calc_finished_tls_sha256	192	static
ssl_tls.c:1063:6:ssl_calc_verify_tls_sha256	144	static
ssl_tls.c:4936:13:ssl_update_checksum_sha256	0	static
ssl_tls.c:4906:13:ssl_update_checksum_start	0	static
ssl_tls.c:442:12:tls_prf_sha256	224	static
ssl_tls.c:495:5:mbedtls_ssl_derive_keys	392	static
ssl_tls.c:2241:5:mbedtls_ssl_fetch_input	56	static
ssl_tls.c:2449:5:mbedtls_ssl_flush_output	40	static
ssl_tls.c:2734:5:mbedtls_ssl_write_record	112	static
ssl_tls.c:3120:5:mbedtls_ssl_prepare_handshake_record	32	static
ssl_tls.c:3205:6:mbedtls_ssl_update_handshake_status	4	static
ssl_tls.c:4089:5:mbedtls_ssl_handle_message_type	24	static
ssl_tls.c:4169:5:mbedtls_ssl_send_alert_message	40	static
ssl_tls.c:4155:5:mbedtls_ssl_send_fatal_handshake_failure	0	static
ssl_tls.c:3813:5:mbedtls_ssl_read_record_layer	112	static
ssl_tls.c:3771:5:mbedtls_ssl_read_record	24	static
ssl_tls.c:4250:5:mbedtls_ssl_write_certificate	40	static
ssl_tls.c:4366:5:mbedtls_ssl_parse_certificate	48	static
ssl_tls.c:4750:5:mbedtls_ssl_write_change_cipher_spec	24	static
ssl_tls.c:4773:5:mbedtls_ssl_parse_change_cipher_spec	24	static
ssl_tls.c:4860:6:mbedtls_ssl_optimize_checksum	16	static
ssl_tls.c:4889:6:mbedtls_ssl_reset_checksum	0	static
ssl_tls.c:5283:5:mbedtls_ssl_write_finished	24	static
ssl_tls.c:5407:5:mbedtls_ssl_parse_finished	48	static
ssl_tls.c:5545:6:mbedtls_ssl_session_init	0	static
ssl_tls.c:5651:6:mbedtls_ssl_init	0	static
ssl_tls.c:5835:6:mbedtls_ssl_conf_endpoint	0	static
ssl_tls.c:5840:6:mbedtls_ssl_conf_transport	0	static
ssl_tls.c:5867:6:mbedtls_ssl_conf_authmode	0	static
ssl_tls.c:5873:6:mbedtls_ssl_conf_verify	0	static
ssl_tls.c:5882:6:mbedtls_ssl_conf_rng	0	static
ssl_tls.c:5890:6:mbedtls_ssl_conf_dbg	0	static
ssl_tls.c:5898:6:mbedtls_ssl_set_bio	0	static
ssl_tls.c:5910:6:mbedtls_ssl_conf_read_timeout	0	static
ssl_tls.c:5915:6:mbedtls_ssl_set_timer_cb	4	static
ssl_tls.c:5962:6:mbedtls_ssl_conf_ciphersuites	0	static
ssl_tls.c:5971:6:mbedtls_ssl_conf_ciphersuites_for_version	0	static
ssl_tls.c:5985:6:mbedtls_ssl_conf_cert_profile	0	static
ssl_tls.c:6022:5:mbedtls_ssl_conf_own_cert	16	static
ssl_tls.c:6029:6:mbedtls_ssl_conf_ca_chain	0	static
ssl_tls.c:6242:6:mbedtls_ssl_conf_sig_hashes	0	static
ssl_tls.c:6261:5:mbedtls_ssl_set_hostname	24	static
ssl_tls.c:6349:6:mbedtls_ssl_conf_max_version	0	static
ssl_tls.c:6355:6:mbedtls_ssl_conf_min_version	0	static
ssl_tls.c:6426:6:mbedtls_ssl_conf_legacy_renegotiation	0	static
ssl_tls.c:6483:8:mbedtls_ssl_get_bytes_avail	0	static
ssl_tls.c:6488:10:mbedtls_ssl_get_verify_result	0	static
ssl_tls.c:6499:13:mbedtls_ssl_get_ciphersuite	0	static
ssl_tls.c:6507:13:mbedtls_ssl_get_version	0	static
ssl_tls.c:6545:5:mbedtls_ssl_get_record_expansion	16	static
ssl_tls.c:6603:25:mbedtls_ssl_get_peer_cert	0	static
ssl_tls.c:6630:5:mbedtls_ssl_handshake_step	8	static
ssl_tls.c:6655:5:mbedtls_ssl_handshake	24	static
ssl_tls.c:6840:5:mbedtls_ssl_read	32	static
ssl_tls.c:7246:5:mbedtls_ssl_write	32	static
ssl_tls.c:7286:5:mbedtls_ssl_close_notify	24	static
ssl_tls.c:7314:6:mbedtls_ssl_transform_free	8	static
ssl_tls.c:7347:6:mbedtls_ssl_handshake_free	8	static
ssl_tls.c:7423:6:mbedtls_ssl_session_free	8	static
ssl_tls.c:5221:6:mbedtls_ssl_handshake_wrapup	24	static
ssl_tls.c:159:12:ssl_session_copy	16	static
ssl_tls.c:5941:5:mbedtls_ssl_set_session	8	static
ssl_tls.c:6613:5:mbedtls_ssl_get_session	0	static
ssl_tls.c:5550:12:ssl_handshake_init	24	static
ssl_tls.c:5659:5:mbedtls_ssl_setup	24	static
ssl_tls.c:5827:5:mbedtls_ssl_session_reset	16	static
ssl_tls.c:7446:6:mbedtls_ssl_free	24	static
ssl_tls.c:7525:6:mbedtls_ssl_config_init	0	static
ssl_tls.c:7572:5:mbedtls_ssl_config_defaults	8	static
ssl_tls.c:7736:6:mbedtls_ssl_config_free	16	static
ssl_tls.c:7767:15:mbedtls_ssl_sig_from_pk	8	static
ssl_tls.c:7780:15:mbedtls_ssl_sig_from_pk_alg	0	static
ssl_tls.c:7793:19:mbedtls_ssl_pk_alg_from_sig	0	static
ssl_tls.c:7815:19:mbedtls_ssl_sig_hash_set_find	0	static
ssl_tls.c:7830:6:mbedtls_ssl_sig_hash_set_add	0	static
ssl_tls.c:7852:6:mbedtls_ssl_sig_hash_set_const_hash	0	static
ssl_tls.c:7865:19:mbedtls_ssl_md_alg_from_hash	0	static
ssl_tls.c:7897:15:mbedtls_ssl_hash_from_md_alg	0	static
ssl_tls.c:7951:5:mbedtls_ssl_check_sig_hash	0	static
ssl_tls.c:7968:5:mbedtls_ssl_check_cert_usage	0	static
ssl_tls.c:8067:6:mbedtls_ssl_write_version	0	static
ssl_tls.c:8089:6:mbedtls_ssl_read_version	0	static
ssl_tls.c:8111:5:mbedtls_ssl_set_calc_verify_md	0	static
ssl_tls.c:8241:5:mbedtls_ssl_get_key_exchange_md_tls1_2	48	static
