x509.c:483:12:x509_parse_int	16	static
x509.c:88:5:mbedtls_x509_get_serial	16	static
x509.c:119:5:mbedtls_x509_get_alg_null	8	static
x509.c:133:5:mbedtls_x509_get_alg	8	static
x509.c:430:5:mbedtls_x509_get_name	32	static
x509.c:601:5:mbedtls_x509_get_time	32	static
x509.c:631:5:mbedtls_x509_get_sig	24	static
x509.c:658:5:mbedtls_x509_get_sig_alg	8	static
x509.c:707:5:mbedtls_x509_get_ext	24	static
x509.c:748:5:mbedtls_x509_dn_gets	304	static
x509.c:810:5:mbedtls_x509_serial_gets	48	static
x509.c:844:5:mbedtls_x509_sig_alg_gets	24	static
x509.c:889:5:mbedtls_x509_key_size_helper	8	static
x509.c:1021:5:mbedtls_x509_time_is_past	0	static
x509.c:1027:5:mbedtls_x509_time_is_future	0	static
